Archive member included to satisfy reference by file (symbol)

d:/a_userdownload/clion2cubemx_tool/gcc-arm-none-eabi-10.3-2021.10-win32/gcc-arm-none-eabi-10.3-2021.10/bin/../lib/gcc/arm-none-eabi/10.3.1/thumb/v7-m/nofp\libgcc.a(_arm_mulsf3.o)
                              CMakeFiles/My_Freertos_Template.elf.dir/User/Src/OLED.c.obj (__aeabi_fmul)
d:/a_userdownload/clion2cubemx_tool/gcc-arm-none-eabi-10.3-2021.10-win32/gcc-arm-none-eabi-10.3-2021.10/bin/../lib/gcc/arm-none-eabi/10.3.1/thumb/v7-m/nofp\libgcc.a(_arm_addsubsf3.o)
                              CMakeFiles/My_Freertos_Template.elf.dir/User/Src/OLED.c.obj (__aeabi_fsub)
d:/a_userdownload/clion2cubemx_tool/gcc-arm-none-eabi-10.3-2021.10-win32/gcc-arm-none-eabi-10.3-2021.10/bin/../lib/gcc/arm-none-eabi/10.3.1/thumb/v7-m/nofp\libgcc.a(_arm_cmpsf2.o)
                              CMakeFiles/My_Freertos_Template.elf.dir/User/Src/OLED.c.obj (__aeabi_fcmpge)
d:/a_userdownload/clion2cubemx_tool/gcc-arm-none-eabi-10.3-2021.10-win32/gcc-arm-none-eabi-10.3-2021.10/bin/../lib/gcc/arm-none-eabi/10.3.1/thumb/v7-m/nofp\libgcc.a(_arm_fixsfsi.o)
                              CMakeFiles/My_Freertos_Template.elf.dir/User/Src/OLED.c.obj (__aeabi_f2iz)
d:/a_userdownload/clion2cubemx_tool/gcc-arm-none-eabi-10.3-2021.10-win32/gcc-arm-none-eabi-10.3-2021.10/bin/../lib/gcc/arm-none-eabi/10.3.1/../../../../arm-none-eabi/lib/thumb/v7-m/nofp\libg.a(lib_a-errno.o)
                              CMakeFiles/My_Freertos_Template.elf.dir/Core/Src/syscalls.c.obj (__errno)
d:/a_userdownload/clion2cubemx_tool/gcc-arm-none-eabi-10.3-2021.10-win32/gcc-arm-none-eabi-10.3-2021.10/bin/../lib/gcc/arm-none-eabi/10.3.1/../../../../arm-none-eabi/lib/thumb/v7-m/nofp\libg.a(lib_a-exit.o)
                              d:/a_userdownload/clion2cubemx_tool/gcc-arm-none-eabi-10.3-2021.10-win32/gcc-arm-none-eabi-10.3-2021.10/bin/../lib/gcc/arm-none-eabi/10.3.1/../../../../arm-none-eabi/lib/thumb/v7-m/nofp/crt0.o (exit)
d:/a_userdownload/clion2cubemx_tool/gcc-arm-none-eabi-10.3-2021.10-win32/gcc-arm-none-eabi-10.3-2021.10/bin/../lib/gcc/arm-none-eabi/10.3.1/../../../../arm-none-eabi/lib/thumb/v7-m/nofp\libg.a(lib_a-impure.o)
                              d:/a_userdownload/clion2cubemx_tool/gcc-arm-none-eabi-10.3-2021.10-win32/gcc-arm-none-eabi-10.3-2021.10/bin/../lib/gcc/arm-none-eabi/10.3.1/../../../../arm-none-eabi/lib/thumb/v7-m/nofp\libg.a(lib_a-exit.o) (_global_impure_ptr)
d:/a_userdownload/clion2cubemx_tool/gcc-arm-none-eabi-10.3-2021.10-win32/gcc-arm-none-eabi-10.3-2021.10/bin/../lib/gcc/arm-none-eabi/10.3.1/../../../../arm-none-eabi/lib/thumb/v7-m/nofp\libg.a(lib_a-init.o)
                              d:/a_userdownload/clion2cubemx_tool/gcc-arm-none-eabi-10.3-2021.10-win32/gcc-arm-none-eabi-10.3-2021.10/bin/../lib/gcc/arm-none-eabi/10.3.1/../../../../arm-none-eabi/lib/thumb/v7-m/nofp/crt0.o (__libc_init_array)
d:/a_userdownload/clion2cubemx_tool/gcc-arm-none-eabi-10.3-2021.10-win32/gcc-arm-none-eabi-10.3-2021.10/bin/../lib/gcc/arm-none-eabi/10.3.1/../../../../arm-none-eabi/lib/thumb/v7-m/nofp\libg.a(lib_a-memcpy.o)
                              CMakeFiles/My_Freertos_Template.elf.dir/Middlewares/Third_Party/FreeRTOS/Source/queue.c.obj (memcpy)
d:/a_userdownload/clion2cubemx_tool/gcc-arm-none-eabi-10.3-2021.10-win32/gcc-arm-none-eabi-10.3-2021.10/bin/../lib/gcc/arm-none-eabi/10.3.1/../../../../arm-none-eabi/lib/thumb/v7-m/nofp\libg.a(lib_a-memset.o)
                              d:/a_userdownload/clion2cubemx_tool/gcc-arm-none-eabi-10.3-2021.10-win32/gcc-arm-none-eabi-10.3-2021.10/bin/../lib/gcc/arm-none-eabi/10.3.1/../../../../arm-none-eabi/lib/thumb/v7-m/nofp/crt0.o (memset)
d:/a_userdownload/clion2cubemx_tool/gcc-arm-none-eabi-10.3-2021.10-win32/gcc-arm-none-eabi-10.3-2021.10/bin/../lib/gcc/arm-none-eabi/10.3.1/../../../../arm-none-eabi/lib/thumb/v7-m/nofp\libg.a(lib_a-printf.o)
                              CMakeFiles/My_Freertos_Template.elf.dir/User/Src/Data_Structure.c.obj (printf)
d:/a_userdownload/clion2cubemx_tool/gcc-arm-none-eabi-10.3-2021.10-win32/gcc-arm-none-eabi-10.3-2021.10/bin/../lib/gcc/arm-none-eabi/10.3.1/../../../../arm-none-eabi/lib/thumb/v7-m/nofp\libg.a(lib_a-puts.o)
                              CMakeFiles/My_Freertos_Template.elf.dir/User/Src/Data_Structure.c.obj (puts)
d:/a_userdownload/clion2cubemx_tool/gcc-arm-none-eabi-10.3-2021.10-win32/gcc-arm-none-eabi-10.3-2021.10/bin/../lib/gcc/arm-none-eabi/10.3.1/../../../../arm-none-eabi/lib/thumb/v7-m/nofp\libg.a(lib_a-setvbuf.o)
                              CMakeFiles/My_Freertos_Template.elf.dir/User/Src/retarget.c.obj (setvbuf)
d:/a_userdownload/clion2cubemx_tool/gcc-arm-none-eabi-10.3-2021.10-win32/gcc-arm-none-eabi-10.3-2021.10/bin/../lib/gcc/arm-none-eabi/10.3.1/../../../../arm-none-eabi/lib/thumb/v7-m/nofp\libg.a(lib_a-strlen-stub.o)
[...]
Memory Configuration

Name             Origin             Length             Attributes
RAM              0x20000000         0x00005000         xrw
FLASH            0x08000000         0x00010000         xr
*default*        0x00000000         0xffffffff

Linker script and memory map

LOAD d:/a_userdownload/clion2cubemx_tool/gcc-arm-none-eabi-10.3-2021.10-win32/gcc-arm-none-eabi-10.3-2021.10/bin/../lib/gcc/arm-none-eabi/10.3.1/thumb/v7-m/nofp/crti.o
LOAD d:/a_userdownload/clion2cubemx_tool/gcc-arm-none-eabi-10.3-2021.10-win32/gcc-arm-none-eabi-10.3-2021.10/bin/../lib/gcc/arm-none-eabi/10.3.1/thumb/v7-m/nofp/crtbegin.o
LOAD d:/a_userdownload/clion2cubemx_tool/gcc-arm-none-eabi-10.3-2021.10-win32/gcc-arm-none-eabi-10.3-2021.10/bin/../lib/gcc/arm-none-eabi/10.3.1/../../../../arm-none-eabi/lib/thumb/v7-m/nofp/crt0.o
LOAD CMakeFiles/My_Freertos_Template.elf.dir/Core/Src/freertos.c.obj
LOAD CMakeFiles/My_Freertos_Template.elf.dir/Core/Src/gpio.c.obj
LOAD CMakeFiles/My_Freertos_Template.elf.dir/Core/Src/main.c.obj
LOAD CMakeFiles/My_Freertos_Template.elf.dir/Core/Src/stm32f1xx_hal_msp.c.obj
LOAD CMakeFiles/My_Freertos_Template.elf.dir/Core/Src/stm32f1xx_hal_timebase_tim.c.obj
LOAD CMakeFiles/My_Freertos_Template.elf.dir/Core/Src/stm32f1xx_it.c.obj
LOAD CMakeFiles/My_Freertos_Template.elf.dir/Core/Src/syscalls.c.obj
LOAD CMakeFiles/My_Freertos_Template.elf.dir/Core/Src/system_stm32f1xx.c.obj
LOAD CMakeFiles/My_Freertos_Template.elf.dir/Core/Src/tim.c.obj
LOAD CMakeFiles/My_Freertos_Template.elf.dir/Core/Src/usart.c.obj
LOAD CMakeFiles/My_Freertos_Template.elf.dir/Drivers/STM32F1xx_HAL_Driver/Src/stm32f1xx_hal.c.obj
LOAD CMakeFiles/My_Freertos_Template.elf.dir/Drivers/STM32F1xx_HAL_Driver/Src/stm32f1xx_hal_cortex.c.obj
LOAD CMakeFiles/My_Freertos_Template.elf.dir/Drivers/STM32F1xx_HAL_Driver/Src/stm32f1xx_hal_dma.c.obj
LOAD CMakeFiles/My_Freertos_Template.elf.dir/Drivers/STM32F1xx_HAL_Driver/Src/stm32f1xx_hal_exti.c.obj
LOAD CMakeFiles/My_Freertos_Template.elf.dir/Drivers/STM32F1xx_HAL_Driver/Src/stm32f1xx_hal_flash.c.obj
LOAD CMakeFiles/My_Freertos_Template.elf.dir/Drivers/STM32F1xx_HAL_Driver/Src/stm32f1xx_hal_flash_ex.c.obj
LOAD CMakeFiles/My_Freertos_Template.elf.dir/Drivers/STM32F1xx_HAL_Driver/Src/stm32f1xx_hal_gpio.c.obj
LOAD CMakeFiles/My_Freertos_Template.elf.dir/Drivers/STM32F1xx_HAL_Driver/Src/stm32f1xx_hal_gpio_ex.c.obj
LOAD CMakeFiles/My_Freertos_Template.elf.dir/Drivers/STM32F1xx_HAL_Driver/Src/stm32f1xx_hal_pwr.c.obj
LOAD CMakeFiles/My_Freertos_Template.elf.dir/Drivers/STM32F1xx_HAL_Driver/Src/stm32f1xx_hal_rcc.c.obj
LOAD CMakeFiles/My_Freertos_Template.elf.dir/Drivers/STM32F1xx_HAL_Driver/Src/stm32f1xx_hal_rcc_ex.c.obj
LOAD CMakeFiles/My_Freertos_Template.elf.dir/Drivers/STM32F1xx_HAL_Driver/Src/stm32f1xx_hal_tim.c.obj
LOAD CMakeFiles/My_Freertos_Template.elf.dir/Drivers/STM32F1xx_HAL_Driver/Src/stm32f1xx_hal_tim_ex.c.obj
LOAD CMakeFiles/My_Freertos_Template.elf.dir/Drivers/STM32F1xx_HAL_Driver/Src/stm32f1xx_hal_uart.c.obj
LOAD CMakeFiles/My_Freertos_Template.elf.dir/Middlewares/Third_Party/FreeRTOS/Source/CMSIS_RTOS/cmsis_os.c.obj
LOAD CMakeFiles/My_Freertos_Template.elf.dir/Middlewares/Third_Party/FreeRTOS/Source/croutine.c.obj
LOAD CMakeFiles/My_Freertos_Template.elf.dir/Middlewares/Third_Party/FreeRTOS/Source/event_groups.c.obj
LOAD CMakeFiles/My_Freertos_Template.elf.dir/Middlewares/Third_Party/FreeRTOS/Source/list.c.obj
LOAD CMakeFiles/My_Freertos_Template.elf.dir/Middlewares/Third_Party/FreeRTOS/Source/portable/GCC/ARM_CM3/port.c.obj
LOAD CMakeFiles/My_Freertos_Template.elf.dir/Middlewares/Third_Party/FreeRTOS/Source/portable/MemMang/heap_4.c.obj
LOAD CMakeFiles/My_Freertos_Template.elf.dir/Middlewares/Third_Party/FreeRTOS/Source/queue.c.obj
LOAD CMakeFiles/My_Freertos_Template.elf.dir/Middlewares/Third_Party/FreeRTOS/Source/stream_buffer.c.obj
LOAD CMakeFiles/My_Freertos_Template.elf.dir/Middlewares/Third_Party/FreeRTOS/Source/tasks.c.obj
LOAD CMakeFiles/My_Freertos_Template.elf.dir/Middlewares/Third_Party/FreeRTOS/Source/timers.c.obj
LOAD CMakeFiles/My_Freertos_Template.elf.dir/User/Src/Data_Structure.c.obj
LOAD CMakeFiles/My_Freertos_Template.elf.dir/User/Src/My_Queue.c.obj
LOAD CMakeFiles/My_Freertos_Template.elf.dir/User/Src/My_Stack.c.obj
LOAD CMakeFiles/My_Freertos_Template.elf.dir/User/Src/OLED.c.obj
LOAD CMakeFiles/My_Freertos_Template.elf.dir/User/Src/RC522.c.obj
LOAD CMakeFiles/My_Freertos_Template.elf.dir/User/Src/retarget.c.obj
LOAD CMakeFiles/My_Freertos_Template.elf.dir/startup/startup_stm32f103xb.s.obj
START GROUP
LOAD d:/a_userdownload/clion2cubemx_tool/gcc-arm-none-eabi-10.3-2021.10-win32/gcc-arm-none-eabi-10.3-2021.10/bin/../lib/gcc/arm-none-eabi/10.3.1/thumb/v7-m/nofp\libgcc.a
LOAD d:/a_userdownload/clion2cubemx_tool/gcc-arm-none-eabi-10.3-2021.10-win32/gcc-arm-none-eabi-10.3-2021.10/bin/../lib/gcc/arm-none-eabi/10.3.1/../../../../arm-none-eabi/lib/thumb/v7-m/nofp\libg.a
LOAD d:/a_userdownload/clion2cubemx_tool/gcc-arm-none-eabi-10.3-2021.10-win32/gcc-arm-none-eabi-10.3-2021.10/bin/../lib/gcc/arm-none-eabi/10.3.1/../../../../arm-none-eabi/lib/thumb/v7-m/nofp\libc.a
END GROUP
LOAD d:/a_userdownload/clion2cubemx_tool/gcc-arm-none-eabi-10.3-2021.10-win32/gcc-arm-none-eabi-10.3-2021.10/bin/../lib/gcc/arm-none-eabi/10.3.1/thumb/v7-m/nofp/crtend.o
LOAD d:/a_userdownload/clion2cubemx_tool/gcc-arm-none-eabi-10.3-2021.10-win32/gcc-arm-none-eabi-10.3-2021.10/bin/../lib/gcc/arm-none-eabi/10.3.1/thumb/v7-m/nofp/crtn.o
                0x20005000                _estack = (ORIGIN (RAM) + LENGTH (RAM))
                0x00000200                _Min_Heap_Size = 0x200
                0x00000400                _Min_Stack_Size = 0x400

.isr_vector     0x08000000      0x10c
                0x08000000                . = ALIGN (0x4)
 *(.isr_vector)
 .isr_vector    0x08000000      0x10c CMakeFiles/My_Freertos_Template.elf.dir/startup/startup_stm32f103xb.s.obj
                0x08000000                g_pfnVectors
                0x0800010c                . = ALIGN (0x4)

.text           0x08000110     0x3e40
                0x08000110                . = ALIGN (0x4)
 *(.text)
 .text          0x08000110       0x40 d:/a_userdownload/clion2cubemx_tool/gcc-arm-none-eabi-10.3-2021.10-win32/gcc-arm-none-eabi-10.3-2021.10/bin/../lib/gcc/arm-none-eabi/10.3.1/thumb/v7-m/nofp/crtbegin.o
 *(.text*)
 .text.StartDefaultTask
                0x08000150       0x9c CMakeFiles/My_Freertos_Template.elf.dir/Core/Src/freertos.c.obj
                0x08000150                StartDefaultTask
 .text.StartTask02
                0x080001ec        0xa CMakeFiles/My_Freertos_Template.elf.dir/Core/Src/freertos.c.obj
                0x080001ec                StartTask02
 *fill*         0x080001f6        0x2 
 .text.vApplicationGetIdleTaskMemory
                0x080001f8       0x18 CMakeFiles/My_Freertos_Template.elf.dir/Core/Src/freertos.c.obj
                0x080001f8                vApplicationGetIdleTaskMemory
 .text.MX_FREERTOS_Init
                0x08000210       0x74 CMakeFiles/My_Freertos_Template.elf.dir/Core/Src/freertos.c.obj
                0x08000210                MX_FREERTOS_Init
 .text.MX_GPIO_Init
                0x08000284      0x114 CMakeFiles/My_Freertos_Template.elf.dir/Core/Src/gpio.c.obj
                0x08000284                MX_GPIO_Init
 .text.HAL_TIM_PeriodElapsedCallback
                0x08000398       0x18 CMakeFiles/My_Freertos_Template.elf.dir/Core/Src/main.c.obj
                0x08000398                HAL_TIM_PeriodElapsedCallback
 .text.Error_Handler
                0x080003b0        0x4 CMakeFiles/My_Freertos_Template.elf.dir/Core/Src/main.c.obj
                0x080003b0                Error_Handler
 .text.SystemClock_Config
                0x080003b4       0x64 CMakeFiles/My_Freertos_Template.elf.dir/Core/Src/main.c.obj
                0x080003b4                SystemClock_Config
 .text.main     0x08000418       0x38 CMakeFiles/My_Freertos_Template.elf.dir/Core/Src/main.c.obj
                0x08000418                main
 .text.HAL_MspInit
                0x08000450       0x54 CMakeFiles/My_Freertos_Template.elf.dir/Core/Src/stm32f1xx_hal_msp.c.obj
                0x08000450                HAL_MspInit
 .text.HAL_InitTick
                0x080004a4       0x78 CMakeFiles/My_Freertos_Template.elf.dir/Core/Src/stm32f1xx_hal_timebase_tim.c.obj
                0x080004a4                HAL_InitTick
 .text.NMI_Handler
                0x0800051c        0x2 CMakeFiles/My_Freertos_Template.elf.dir/Core/Src/stm32f1xx_it.c.obj
                0x0800051c                NMI_Handler
 .text.HardFault_Handler
                0x0800051e        0x2 CMakeFiles/My_Freertos_Template.elf.dir/Core/Src/stm32f1xx_it.c.obj
                0x0800051e                HardFault_Handler
 .text.MemManage_Handler
                0x08000520        0x2 CMakeFiles/My_Freertos_Template.elf.dir/Core/Src/stm32f1xx_it.c.obj
                0x08000520                MemManage_Handler
 .text.BusFault_Handler
                0x08000522        0x2 CMakeFiles/My_Freertos_Template.elf.dir/Core/Src/stm32f1xx_it.c.obj
                0x08000522                BusFault_Handler
 .text.UsageFault_Handler
                0x08000524        0x2 CMakeFiles/My_Freertos_Template.elf.dir/Core/Src/stm32f1xx_it.c.obj
                0x08000524                UsageFault_Handler
 .text.DebugMon_Handler
                0x08000526        0x2 CMakeFiles/My_Freertos_Template.elf.dir/Core/Src/stm32f1xx_it.c.obj
                0x08000526                DebugMon_Handler
 .text.TIM1_UP_IRQHandler
                0x08000528       0x10 CMakeFiles/My_Freertos_Template.elf.dir/Core/Src/stm32f1xx_it.c.obj
                0x08000528                TIM1_UP_IRQHandler
 .text._sbrk    0x08000538       0x3c CMakeFiles/My_Freertos_Template.elf.dir/Core/Src/syscalls.c.obj
                0x08000538                _sbrk
 .text._close   0x08000574        0x6 CMakeFiles/My_Freertos_Template.elf.dir/Core/Src/syscalls.c.obj
                0x08000574                _close
 .text.SystemInit
                0x0800057a        0x2 CMakeFiles/My_Freertos_Template.elf.dir/Core/Src/system_stm32f1xx.c.obj
                0x0800057a                SystemInit
 .text.HAL_TIM_Base_MspInit
                0x0800057c       0x26 CMakeFiles/My_Freertos_Template.elf.dir/Core/Src/tim.c.obj
                0x0800057c                HAL_TIM_Base_MspInit
 *fill*         0x080005a2        0x2 
 .text.HAL_TIM_MspPostInit
                0x080005a4       0x4c CMakeFiles/My_Freertos_Template.elf.dir/Core/Src/tim.c.obj
                0x080005a4                HAL_TIM_MspPostInit
 .text.MX_TIM2_Init
                0x080005f0       0xac CMakeFiles/My_Freertos_Template.elf.dir/Core/Src/tim.c.obj
                0x080005f0                MX_TIM2_Init
 .text.MX_USART1_UART_Init
                0x0800069c       0x34 CMakeFiles/My_Freertos_Template.elf.dir/Core/Src/usart.c.obj
                0x0800069c                MX_USART1_UART_Init
 .text.HAL_UART_MspInit
                0x080006d0       0x78 CMakeFiles/My_Freertos_Template.elf.dir/Core/Src/usart.c.obj
                0x080006d0                HAL_UART_MspInit
 .text.HAL_Init
                0x08000748       0x24 CMakeFiles/My_Freertos_Template.elf.dir/Drivers/STM32F1xx_HAL_Driver/Src/stm32f1xx_hal.c.obj
                0x08000748                HAL_Init
 .text.HAL_IncTick
                0x0800076c       0x18 CMakeFiles/My_Freertos_Template.elf.dir/Drivers/STM32F1xx_HAL_Driver/Src/stm32f1xx_hal.c.obj
                0x0800076c                HAL_IncTick
 .text.HAL_GetTick
                0x08000784        0xc CMakeFiles/My_Freertos_Template.elf.dir/Drivers/STM32F1xx_HAL_Driver/Src/stm32f1xx_hal.c.obj
                0x08000784                HAL_GetTick
 .text.HAL_NVIC_SetPriorityGrouping
                0x08000790       0x24 CMakeFiles/My_Freertos_Template.elf.dir/Drivers/STM32F1xx_HAL_Driver/Src/stm32f1xx_hal_cortex.c.obj
                0x08000790                HAL_NVIC_SetPriorityGrouping
 .text.HAL_NVIC_SetPriority
                0x080007b4       0x70 CMakeFiles/My_Freertos_Template.elf.dir/Drivers/STM32F1xx_HAL_Driver/Src/stm32f1xx_hal_cortex.c.obj
                0x080007b4                HAL_NVIC_SetPriority
 .text.HAL_NVIC_EnableIRQ
                0x08000824       0x1c CMakeFiles/My_Freertos_Template.elf.dir/Drivers/STM32F1xx_HAL_Driver/Src/stm32f1xx_hal_cortex.c.obj
                0x08000824                HAL_NVIC_EnableIRQ
 .text.HAL_GPIO_Init
                0x08000840      0x224 CMakeFiles/My_Freertos_Template.elf.dir/Drivers/STM32F1xx_HAL_Driver/Src/stm32f1xx_hal_gpio.c.obj
                0x08000840                HAL_GPIO_Init
 .text.HAL_GPIO_WritePin
                0x08000a64        0xc CMakeFiles/My_Freertos_Template.elf.dir/Drivers/STM32F1xx_HAL_Driver/Src/stm32f1xx_hal_gpio.c.obj
                0x08000a64                HAL_GPIO_WritePin
 .text.RCC_Delay
                0x08000a70       0x2c CMakeFiles/My_Freertos_Template.elf.dir/Drivers/STM32F1xx_HAL_Driver/Src/stm32f1xx_hal_rcc.c.obj
 .text.HAL_RCC_OscConfig
                0x08000a9c      0x410 CMakeFiles/My_Freertos_Template.elf.dir/Drivers/STM32F1xx_HAL_Driver/Src/stm32f1xx_hal_rcc.c.obj
                0x08000a9c                HAL_RCC_OscConfig
 .text.HAL_RCC_GetSysClockFreq
                0x08000eac       0x54 CMakeFiles/My_Freertos_Template.elf.dir/Drivers/STM32F1xx_HAL_Driver/Src/stm32f1xx_hal_rcc.c.obj
                0x08000eac                HAL_RCC_GetSysClockFreq
 .text.HAL_RCC_ClockConfig
                0x08000f00      0x16c CMakeFiles/My_Freertos_Template.elf.dir/Drivers/STM32F1xx_HAL_Driver/Src/stm32f1xx_hal_rcc.c.obj
                0x08000f00                HAL_RCC_ClockConfig
 .text.HAL_RCC_GetHCLKFreq
                0x0800106c        0xc CMakeFiles/My_Freertos_Template.elf.dir/Drivers/STM32F1xx_HAL_Driver/Src/stm32f1xx_hal_rcc.c.obj
                0x0800106c                HAL_RCC_GetHCLKFreq
 .text.HAL_RCC_GetPCLK1Freq
                0x08001078       0x20 CMakeFiles/My_Freertos_Template.elf.dir/Drivers/STM32F1xx_HAL_Driver/Src/stm32f1xx_hal_rcc.c.obj
                0x08001078                HAL_RCC_GetPCLK1Freq
 .text.HAL_RCC_GetPCLK2Freq
                0x08001098       0x20 CMakeFiles/My_Freertos_Template.elf.dir/Drivers/STM32F1xx_HAL_Driver/Src/stm32f1xx_hal_rcc.c.obj
                0x08001098                HAL_RCC_GetPCLK2Freq
 .text.HAL_RCC_GetClockConfig
                0x080010b8       0x3c CMakeFiles/My_Freertos_Template.elf.dir/Drivers/STM32F1xx_HAL_Driver/Src/stm32f1xx_hal_rcc.c.obj
                0x080010b8                HAL_RCC_GetClockConfig
 .text.TIM_OC1_SetConfig
                0x080010f4       0x5c CMakeFiles/My_Freertos_Template.elf.dir/Drivers/STM32F1xx_HAL_Driver/Src/stm32f1xx_hal_tim.c.obj
 .text.TIM_OC3_SetConfig
                0x08001150       0x64 CMakeFiles/My_Freertos_Template.elf.dir/Drivers/STM32F1xx_HAL_Driver/Src/stm32f1xx_hal_tim.c.obj
 .text.TIM_OC4_SetConfig
                0x080011b4       0x48 CMakeFiles/My_Freertos_Template.elf.dir/Drivers/STM32F1xx_HAL_Driver/Src/stm32f1xx_hal_tim.c.obj
 .text.TIM_TI1_ConfigInputStage
                0x080011fc       0x24 CMakeFiles/My_Freertos_Template.elf.dir/Drivers/STM32F1xx_HAL_Driver/Src/stm32f1xx_hal_tim.c.obj
 .text.TIM_TI2_ConfigInputStage
                0x08001220       0x26 CMakeFiles/My_Freertos_Template.elf.dir/Drivers/STM32F1xx_HAL_Driver/Src/stm32f1xx_hal_tim.c.obj
 .text.TIM_ITRx_SetConfig
                0x08001246       0x10 CMakeFiles/My_Freertos_Template.elf.dir/Drivers/STM32F1xx_HAL_Driver/Src/stm32f1xx_hal_tim.c.obj
 *fill*         0x08001256        0x2 
 .text.HAL_TIM_Base_Start_IT
                0x08001258       0x68 CMakeFiles/My_Freertos_Template.elf.dir/Drivers/STM32F1xx_HAL_Driver/Src/stm32f1xx_hal_tim.c.obj
                0x08001258                HAL_TIM_Base_Start_IT
 .text.HAL_TIM_PWM_MspInit
                0x080012c0        0x2 CMakeFiles/My_Freertos_Template.elf.dir/Drivers/STM32F1xx_HAL_Driver/Src/stm32f1xx_hal_tim.c.obj
                0x080012c0                HAL_TIM_PWM_MspInit
 .text.HAL_TIM_OC_DelayElapsedCallback
                0x080012c2        0x2 CMakeFiles/My_Freertos_Template.elf.dir/Drivers/STM32F1xx_HAL_Driver/Src/stm32f1xx_hal_tim.c.obj
                0x080012c2                HAL_TIM_OC_DelayElapsedCallback
 .text.HAL_TIM_IC_CaptureCallback
                0x080012c4        0x2 CMakeFiles/My_Freertos_Template.elf.dir/Drivers/STM32F1xx_HAL_Driver/Src/stm32f1xx_hal_tim.c.obj
                0x080012c4                HAL_TIM_IC_CaptureCallback
 .text.HAL_TIM_PWM_PulseFinishedCallback
                0x080012c6        0x2 CMakeFiles/My_Freertos_Template.elf.dir/Drivers/STM32F1xx_HAL_Driver/Src/stm32f1xx_hal_tim.c.obj
                0x080012c6                HAL_TIM_PWM_PulseFinishedCallback
 .text.HAL_TIM_TriggerCallback
                0x080012c8        0x2 CMakeFiles/My_Freertos_Template.elf.dir/Drivers/STM32F1xx_HAL_Driver/Src/stm32f1xx_hal_tim.c.obj
                0x080012c8                HAL_TIM_TriggerCallback
 .text.HAL_TIM_IRQHandler
                0x080012ca      0x17a CMakeFiles/My_Freertos_Template.elf.dir/Drivers/STM32F1xx_HAL_Driver/Src/stm32f1xx_hal_tim.c.obj
                0x080012ca                HAL_TIM_IRQHandler
 .text.TIM_Base_SetConfig
                0x08001444       0x74 CMakeFiles/My_Freertos_Template.elf.dir/Drivers/STM32F1xx_HAL_Driver/Src/stm32f1xx_hal_tim.c.obj
                0x08001444                TIM_Base_SetConfig
 .text.HAL_TIM_Base_Init
                0x080014b8       0x58 CMakeFiles/My_Freertos_Template.elf.dir/Drivers/STM32F1xx_HAL_Driver/Src/stm32f1xx_hal_tim.c.obj
                0x080014b8                HAL_TIM_Base_Init
 .text.HAL_TIM_PWM_Init
                0x08001510       0x58 CMakeFiles/My_Freertos_Template.elf.dir/Drivers/STM32F1xx_HAL_Driver/Src/stm32f1xx_hal_tim.c.obj
                0x08001510                HAL_TIM_PWM_Init
 .text.TIM_OC2_SetConfig
                0x08001568       0x64 CMakeFiles/My_Freertos_Template.elf.dir/Drivers/STM32F1xx_HAL_Driver/Src/stm32f1xx_hal_tim.c.obj
                0x08001568                TIM_OC2_SetConfig
 .text.HAL_TIM_PWM_ConfigChannel
                0x080015cc       0xdc CMakeFiles/My_Freertos_Template.elf.dir/Drivers/STM32F1xx_HAL_Driver/Src/stm32f1xx_hal_tim.c.obj
                0x080015cc                HAL_TIM_PWM_ConfigChannel
 .text.TIM_ETR_SetConfig
                0x080016a8       0x18 CMakeFiles/My_Freertos_Template.elf.dir/Drivers/STM32F1xx_HAL_Driver/Src/stm32f1xx_hal_tim.c.obj
                0x080016a8                TIM_ETR_SetConfig
 .text.HAL_TIM_ConfigClockSource
                0x080016c0       0xfe CMakeFiles/My_Freertos_Template.elf.dir/Drivers/STM32F1xx_HAL_Driver/Src/stm32f1xx_hal_tim.c.obj
                0x080016c0                HAL_TIM_ConfigClockSource
 .text.TIM_CCxChannelCmd
                0x080017be       0x1e CMakeFiles/My_Freertos_Template.elf.dir/Drivers/STM32F1xx_HAL_Driver/Src/stm32f1xx_hal_tim.c.obj
                0x080017be                TIM_CCxChannelCmd
 .text.HAL_TIM_PWM_Start
                0x080017dc       0xdc CMakeFiles/My_Freertos_Template.elf.dir/Drivers/STM32F1xx_HAL_Driver/Src/stm32f1xx_hal_tim.c.obj
                0x080017dc                HAL_TIM_PWM_Start
 .text.HAL_TIMEx_MasterConfigSynchronization
                0x080018b8       0x6c CMakeFiles/My_Freertos_Template.elf.dir/Drivers/STM32F1xx_HAL_Driver/Src/stm32f1xx_hal_tim_ex.c.obj
                0x080018b8                HAL_TIMEx_MasterConfigSynchronization
 .text.HAL_TIMEx_CommutCallback
                0x08001924        0x2 CMakeFiles/My_Freertos_Template.elf.dir/Drivers/STM32F1xx_HAL_Driver/Src/stm32f1xx_hal_tim_ex.c.obj
                0x08001924                HAL_TIMEx_CommutCallback
 .text.HAL_TIMEx_BreakCallback
                0x08001926        0x2 CMakeFiles/My_Freertos_Template.elf.dir/Drivers/STM32F1xx_HAL_Driver/Src/stm32f1xx_hal_tim_ex.c.obj
                0x08001926                HAL_TIMEx_BreakCallback
 .text.UART_SetConfig
                0x08001928       0x94 CMakeFiles/My_Freertos_Template.elf.dir/Drivers/STM32F1xx_HAL_Driver/Src/stm32f1xx_hal_uart.c.obj
 .text.UART_WaitOnFlagUntilTimeout
                0x080019bc       0x88 CMakeFiles/My_Freertos_Template.elf.dir/Drivers/STM32F1xx_HAL_Driver/Src/stm32f1xx_hal_uart.c.obj
 .text.HAL_UART_Init
                0x08001a44       0x60 CMakeFiles/My_Freertos_Template.elf.dir/Drivers/STM32F1xx_HAL_Driver/Src/stm32f1xx_hal_uart.c.obj
                0x08001a44                HAL_UART_Init
 .text.HAL_UART_Transmit
                0x08001aa4       0xbe CMakeFiles/My_Freertos_Template.elf.dir/Drivers/STM32F1xx_HAL_Driver/Src/stm32f1xx_hal_uart.c.obj
                0x08001aa4                HAL_UART_Transmit
 .text.HAL_UART_Receive
                0x08001b62       0xca CMakeFiles/My_Freertos_Template.elf.dir/Drivers/STM32F1xx_HAL_Driver/Src/stm32f1xx_hal_uart.c.obj
                0x08001b62                HAL_UART_Receive
 .text.makeFreeRtosPriority
                0x08001c2c        0xc CMakeFiles/My_Freertos_Template.elf.dir/Middlewares/Third_Party/FreeRTOS/Source/CMSIS_RTOS/cmsis_os.c.obj
 .text.osKernelStart
                0x08001c38        0xa CMakeFiles/My_Freertos_Template.elf.dir/Middlewares/Third_Party/FreeRTOS/Source/CMSIS_RTOS/cmsis_os.c.obj
                0x08001c38                osKernelStart
 .text.osThreadCreate
                0x08001c42       0x6a CMakeFiles/My_Freertos_Template.elf.dir/Middlewares/Third_Party/FreeRTOS/Source/CMSIS_RTOS/cmsis_os.c.obj
                0x08001c42                osThreadCreate
 .text.osDelay  0x08001cac        0xe CMakeFiles/My_Freertos_Template.elf.dir/Middlewares/Third_Party/FreeRTOS/Source/CMSIS_RTOS/cmsis_os.c.obj
                0x08001cac                osDelay
 .text.vListInitialise
                0x08001cba       0x16 CMakeFiles/My_Freertos_Template.elf.dir/Middlewares/Third_Party/FreeRTOS/Source/list.c.obj
                0x08001cba                vListInitialise
 .text.vListInitialiseItem
                0x08001cd0        0x6 CMakeFiles/My_Freertos_Template.elf.dir/Middlewares/Third_Party/FreeRTOS/Source/list.c.obj
                0x08001cd0                vListInitialiseItem
 .text.vListInsertEnd
                0x08001cd6       0x16 CMakeFiles/My_Freertos_Template.elf.dir/Middlewares/Third_Party/FreeRTOS/Source/list.c.obj
                0x08001cd6                vListInsertEnd
 .text.vListInsert
                0x08001cec       0x32 CMakeFiles/My_Freertos_Template.elf.dir/Middlewares/Third_Party/FreeRTOS/Source/list.c.obj
                0x08001cec                vListInsert
 .text.uxListRemove
                0x08001d1e       0x26 CMakeFiles/My_Freertos_Template.elf.dir/Middlewares/Third_Party/FreeRTOS/Source/list.c.obj
                0x08001d1e                uxListRemove
 .text.prvTaskExitError
                0x08001d44       0x40 CMakeFiles/My_Freertos_Template.elf.dir/Middlewares/Third_Party/FreeRTOS/Source/portable/GCC/ARM_CM3/port.c.obj
 .text.prvPortStartFirstTask
                0x08001d84       0x20 CMakeFiles/My_Freertos_Template.elf.dir/Middlewares/Third_Party/FreeRTOS/Source/portable/GCC/ARM_CM3/port.c.obj
 .text.pxPortInitialiseStack
                0x08001da4       0x24 CMakeFiles/My_Freertos_Template.elf.dir/Middlewares/Third_Party/FreeRTOS/Source/portable/GCC/ARM_CM3/port.c.obj
                0x08001da4                pxPortInitialiseStack
 *fill*         0x08001dc8        0x8 
 .text.SVC_Handler
                0x08001dd0       0x24 CMakeFiles/My_Freertos_Template.elf.dir/Middlewares/Third_Party/FreeRTOS/Source/portable/GCC/ARM_CM3/port.c.obj
                0x08001dd0                SVC_Handler
 .text.vPortEnterCritical
                0x08001df4       0x44 CMakeFiles/My_Freertos_Template.elf.dir/Middlewares/Third_Party/FreeRTOS/Source/portable/GCC/ARM_CM3/port.c.obj
                0x08001df4                vPortEnterCritical
 .text.vPortExitCritical
                0x08001e38       0x2c CMakeFiles/My_Freertos_Template.elf.dir/Middlewares/Third_Party/FreeRTOS/Source/portable/GCC/ARM_CM3/port.c.obj
                0x08001e38                vPortExitCritical
 *fill*         0x08001e64        0xc 
 .text.PendSV_Handler
                0x08001e70       0x44 CMakeFiles/My_Freertos_Template.elf.dir/Middlewares/Third_Party/FreeRTOS/Source/portable/GCC/ARM_CM3/port.c.obj
                0x08001e70                PendSV_Handler
 .text.SysTick_Handler
                0x08001eb4       0x2c CMakeFiles/My_Freertos_Template.elf.dir/Middlewares/Third_Party/FreeRTOS/Source/portable/GCC/ARM_CM3/port.c.obj
                0x08001eb4                SysTick_Handler
 .text.vPortSetupTimerInterrupt
                0x08001ee0       0x28 CMakeFiles/My_Freertos_Template.elf.dir/Middlewares/Third_Party/FreeRTOS/Source/portable/GCC/ARM_CM3/port.c.obj
                0x08001ee0                vPortSetupTimerInterrupt
 .text.xPortStartScheduler
                0x08001f08       0xc0 CMakeFiles/My_Freertos_Template.elf.dir/Middlewares/Third_Party/FreeRTOS/Source/portable/GCC/ARM_CM3/port.c.obj
                0x08001f08                xPortStartScheduler
 .text.prvHeapInit
                0x08001fc8       0x64 CMakeFiles/My_Freertos_Template.elf.dir/Middlewares/Third_Party/FreeRTOS/Source/portable/MemMang/heap_4.c.obj
 .text.prvInsertBlockIntoFreeList
                0x0800202c       0x60 CMakeFiles/My_Freertos_Template.elf.dir/Middlewares/Third_Party/FreeRTOS/Source/portable/MemMang/heap_4.c.obj
 .text.pvPortMalloc
                0x0800208c       0xf0 CMakeFiles/My_Freertos_Template.elf.dir/Middlewares/Third_Party/FreeRTOS/Source/portable/MemMang/heap_4.c.obj
                0x0800208c                pvPortMalloc
 .text.vPortFree
                0x0800217c       0x70 CMakeFiles/My_Freertos_Template.elf.dir/Middlewares/Third_Party/FreeRTOS/Source/portable/MemMang/heap_4.c.obj
                0x0800217c                vPortFree
 .text.prvResetNextTaskUnblockTime
                0x080021ec       0x2c CMakeFiles/My_Freertos_Template.elf.dir/Middlewares/Third_Party/FreeRTOS/Source/tasks.c.obj
 .text.prvInitialiseNewTask
                0x08002218       0x94 CMakeFiles/My_Freertos_Template.elf.dir/Middlewares/Third_Party/FreeRTOS/Source/tasks.c.obj
 .text.prvInitialiseTaskLists
                0x080022ac       0x68 CMakeFiles/My_Freertos_Template.elf.dir/Middlewares/Third_Party/FreeRTOS/Source/tasks.c.obj
 .text.prvAddNewTaskToReadyList
                0x08002314       0xa8 CMakeFiles/My_Freertos_Template.elf.dir/Middlewares/Third_Party/FreeRTOS/Source/tasks.c.obj
 .text.prvDeleteTCB
                0x080023bc       0x38 CMakeFiles/My_Freertos_Template.elf.dir/Middlewares/Third_Party/FreeRTOS/Source/tasks.c.obj
 .text.prvCheckTasksWaitingTermination
                0x080023f4       0x4c CMakeFiles/My_Freertos_Template.elf.dir/Middlewares/Third_Party/FreeRTOS/Source/tasks.c.obj
 .text.prvIdleTask
                0x08002440       0x28 CMakeFiles/My_Freertos_Template.elf.dir/Middlewares/Third_Party/FreeRTOS/Source/tasks.c.obj
 .text.prvAddCurrentTaskToDelayedList
                0x08002468       0x98 CMakeFiles/My_Freertos_Template.elf.dir/Middlewares/Third_Party/FreeRTOS/Source/tasks.c.obj
 .text.xTaskCreateStatic
                0x08002500       0x74 CMakeFiles/My_Freertos_Template.elf.dir/Middlewares/Third_Party/FreeRTOS/Source/tasks.c.obj
                0x08002500                xTaskCreateStatic
 .text.xTaskCreate
                0x08002574       0x68 CMakeFiles/My_Freertos_Template.elf.dir/Middlewares/Third_Party/FreeRTOS/Source/tasks.c.obj
                0x08002574                xTaskCreate
 .text.vTaskStartScheduler
                0x080025dc       0x74 CMakeFiles/My_Freertos_Template.elf.dir/Middlewares/Third_Party/FreeRTOS/Source/tasks.c.obj
                0x080025dc                vTaskStartScheduler
 .text.vTaskSuspendAll
                0x08002650       0x10 CMakeFiles/My_Freertos_Template.elf.dir/Middlewares/Third_Party/FreeRTOS/Source/tasks.c.obj
                0x08002650                vTaskSuspendAll
 .text.xTaskIncrementTick
                0x08002660      0x118 CMakeFiles/My_Freertos_Template.elf.dir/Middlewares/Third_Party/FreeRTOS/Source/tasks.c.obj
                0x08002660                xTaskIncrementTick
 .text.xTaskResumeAll
                0x08002778       0xf8 CMakeFiles/My_Freertos_Template.elf.dir/Middlewares/Third_Party/FreeRTOS/Source/tasks.c.obj
                0x08002778                xTaskResumeAll
 .text.vTaskDelay
                0x08002870       0x4c CMakeFiles/My_Freertos_Template.elf.dir/Middlewares/Third_Party/FreeRTOS/Source/tasks.c.obj
                0x08002870                vTaskDelay
 .text.vTaskSwitchContext
                0x080028bc       0x98 CMakeFiles/My_Freertos_Template.elf.dir/Middlewares/Third_Party/FreeRTOS/Source/tasks.c.obj
                0x080028bc                vTaskSwitchContext
 .text.InitList
                0x08002954       0x38 CMakeFiles/My_Freertos_Template.elf.dir/User/Src/Data_Structure.c.obj
                0x08002954                InitList
 .text.ListTailInsert
                0x0800298c       0x4c CMakeFiles/My_Freertos_Template.elf.dir/User/Src/Data_Structure.c.obj
                0x0800298c                ListTailInsert
 .text.LocateElem
                0x080029d8       0x1a CMakeFiles/My_Freertos_Template.elf.dir/User/Src/Data_Structure.c.obj
                0x080029d8                LocateElem
 *fill*         0x080029f2        0x2 
 .text.OLED_W_SCL
                0x080029f4       0x18 CMakeFiles/My_Freertos_Template.elf.dir/User/Src/OLED.c.obj
                0x080029f4                OLED_W_SCL
 .text.OLED_I2C_Init
                0x08002a0c       0x1c CMakeFiles/My_Freertos_Template.elf.dir/User/Src/OLED.c.obj
                0x08002a0c                OLED_I2C_Init
 .text.OLED_I2C_Start
                0x08002a28       0x30 CMakeFiles/My_Freertos_Template.elf.dir/User/Src/OLED.c.obj
                0x08002a28                OLED_I2C_Start
 .text.OLED_I2C_Stop
                0x08002a58       0x28 CMakeFiles/My_Freertos_Template.elf.dir/User/Src/OLED.c.obj
                0x08002a58                OLED_I2C_Stop
 .text.OLED_I2C_SendByte
                0x08002a80       0x40 CMakeFiles/My_Freertos_Template.elf.dir/User/Src/OLED.c.obj
                0x08002a80                OLED_I2C_SendByte
 .text.OLED_WriteCommand
                0x08002ac0       0x20 CMakeFiles/My_Freertos_Template.elf.dir/User/Src/OLED.c.obj
                0x08002ac0                OLED_WriteCommand
 .text.OLED_WriteData
                0x08002ae0       0x20 CMakeFiles/My_Freertos_Template.elf.dir/User/Src/OLED.c.obj
                0x08002ae0                OLED_WriteData
 .text.OLED_SetCursor
                0x08002b00       0x20 CMakeFiles/My_Freertos_Template.elf.dir/User/Src/OLED.c.obj
                0x08002b00                OLED_SetCursor
 .text.OLED_Clear
                0x08002b20       0x2c CMakeFiles/My_Freertos_Template.elf.dir/User/Src/OLED.c.obj
                0x08002b20                OLED_Clear
 .text.OLED_ShowChar
                0x08002b4c       0x64 CMakeFiles/My_Freertos_Template.elf.dir/User/Src/OLED.c.obj
                0x08002b4c                OLED_ShowChar
 .text.OLED_ShowString
                0x08002bb0       0x22 CMakeFiles/My_Freertos_Template.elf.dir/User/Src/OLED.c.obj
                0x08002bb0                OLED_ShowString
 .text.OLED_Pow
                0x08002bd2       0x14 CMakeFiles/My_Freertos_Template.elf.dir/User/Src/OLED.c.obj
                0x08002bd2                OLED_Pow
 *fill*         0x08002be6        0x2 
 .text.OLED_ShowNum
                0x08002be8       0x50 CMakeFiles/My_Freertos_Template.elf.dir/User/Src/OLED.c.obj
                0x08002be8                OLED_ShowNum
 .text.OLED_Init
                0x08002c38       0xae CMakeFiles/My_Freertos_Template.elf.dir/User/Src/OLED.c.obj
                0x08002c38                OLED_Init
 *fill*         0x08002ce6        0x2 
 .text.RetargetInit
                0x08002ce8       0x20 CMakeFiles/My_Freertos_Template.elf.dir/User/Src/retarget.c.obj
                0x08002ce8                RetargetInit
 .text._write   0x08002d08       0x34 CMakeFiles/My_Freertos_Template.elf.dir/User/Src/retarget.c.obj
                0x08002d08                _write
 .text._lseek   0x08002d3c       0x10 CMakeFiles/My_Freertos_Template.elf.dir/User/Src/retarget.c.obj
                0x08002d3c                _lseek
 .text._read    0x08002d4c       0x30 CMakeFiles/My_Freertos_Template.elf.dir/User/Src/retarget.c.obj
                0x08002d4c                _read
 .text._fstat   0x08002d7c       0x1a CMakeFiles/My_Freertos_Template.elf.dir/User/Src/retarget.c.obj
                0x08002d7c                _fstat
 *fill*         0x08002d96        0x2 
 .text.Reset_Handler
                0x08002d98       0x48 CMakeFiles/My_Freertos_Template.elf.dir/startup/startup_stm32f103xb.s.obj
                0x08002d98                Reset_Handler
 .text.Default_Handler
                0x08002de0        0x2 CMakeFiles/My_Freertos_Template.elf.dir/startup/startup_stm32f103xb.s.obj
                0x08002de0                RTC_Alarm_IRQHandler
                0x08002de0                EXTI2_IRQHandler
                0x08002de0                TIM1_CC_IRQHandler
                0x08002de0                PVD_IRQHandler
                0x08002de0                EXTI3_IRQHandler
                0x08002de0                EXTI0_IRQHandler
                0x08002de0                I2C2_EV_IRQHandler
                0x08002de0                ADC1_2_IRQHandler
                0x08002de0                SPI1_IRQHandler
                0x08002de0                TAMPER_IRQHandler
                0x08002de0                DMA1_Channel4_IRQHandler
                0x08002de0                USART3_IRQHandler
                0x08002de0                RTC_IRQHandler
                0x08002de0                DMA1_Channel7_IRQHandler
                0x08002de0                CAN1_RX1_IRQHandler
                0x08002de0                TIM4_IRQHandler
                0x08002de0                I2C1_EV_IRQHandler
                0x08002de0                DMA1_Channel6_IRQHandler
                0x08002de0                TIM3_IRQHandler
                0x08002de0                RCC_IRQHandler
                0x08002de0                TIM1_TRG_COM_IRQHandler
                0x08002de0                DMA1_Channel1_IRQHandler
                0x08002de0                Default_Handler
                0x08002de0                EXTI15_10_IRQHandler
                0x08002de0                EXTI9_5_IRQHandler
                0x08002de0                SPI2_IRQHandler
                0x08002de0                DMA1_Channel5_IRQHandler
                0x08002de0                EXTI4_IRQHandler
                0x08002de0                USB_LP_CAN1_RX0_IRQHandler
                0x08002de0                USB_HP_CAN1_TX_IRQHandler
                0x08002de0                DMA1_Channel3_IRQHandler
                0x08002de0                WWDG_IRQHandler
                0x08002de0                TIM2_IRQHandler
                0x08002de0                TIM1_BRK_IRQHandler
                0x08002de0                EXTI1_IRQHandler
                0x08002de0                USART2_IRQHandler
                0x08002de0                I2C2_ER_IRQHandler
                0x08002de0                DMA1_Channel2_IRQHandler
                0x08002de0                CAN1_SCE_IRQHandler
                0x08002de0                FLASH_IRQHandler
                0x08002de0                USART1_IRQHandler
                0x08002de0                I2C1_ER_IRQHandler
                0x08002de0                USBWakeUp_IRQHandler
 *fill*         0x08002de2        0x2 
 .text.__errno  0x08002de4        0xc d:/a_userdownload/clion2cubemx_tool/gcc-arm-none-eabi-10.3-2021.10-win32/gcc-arm-none-eabi-10.3-2021.10/bin/../lib/gcc/arm-none-eabi/10.3.1/../../../../arm-none-eabi/lib/thumb/v7-m/nofp\libg.a(lib_a-errno.o)
                0x08002de4                __errno
 .text.__libc_init_array
                0x08002df0       0x48 d:/a_userdownload/clion2cubemx_tool/gcc-arm-none-eabi-10.3-2021.10-win32/gcc-arm-none-eabi-10.3-2021.10/bin/../lib/gcc/arm-none-eabi/10.3.1/../../../../arm-none-eabi/lib/thumb/v7-m/nofp\libg.a(lib_a-init.o)
                0x08002df0                __libc_init_array
 .text.memset   0x08002e38       0xa4 d:/a_userdownload/clion2cubemx_tool/gcc-arm-none-eabi-10.3-2021.10-win32/gcc-arm-none-eabi-10.3-2021.10/bin/../lib/gcc/arm-none-eabi/10.3.1/../../../../arm-none-eabi/lib/thumb/v7-m/nofp\libg.a(lib_a-memset.o)
                0x08002e38                memset
 .text.setvbuf  0x08002edc      0x1b0 d:/a_userdownload/clion2cubemx_tool/gcc-arm-none-eabi-10.3-2021.10-win32/gcc-arm-none-eabi-10.3-2021.10/bin/../lib/gcc/arm-none-eabi/10.3.1/../../../../arm-none-eabi/lib/thumb/v7-m/nofp\libg.a(lib_a-setvbuf.o)
                0x08002edc                setvbuf
 .text.startup.register_fini
                0x0800308c       0x14 d:/a_userdownload/clion2cubemx_tool/gcc-arm-none-eabi-10.3-2021.10-win32/gcc-arm-none-eabi-10.3-2021.10/bin/../lib/gcc/arm-none-eabi/10.3.1/../../../../arm-none-eabi/lib/thumb/v7-m/nofp\libg.a(lib_a-__call_atexit.o)
 .text.atexit   0x080030a0        0xc d:/a_userdownload/clion2cubemx_tool/gcc-arm-none-eabi-10.3-2021.10-win32/gcc-arm-none-eabi-10.3-2021.10/bin/../lib/gcc/arm-none-eabi/10.3.1/../../../../arm-none-eabi/lib/thumb/v7-m/nofp\libg.a(lib_a-atexit.o)
                0x080030a0                atexit
 .text.__sflush_r
                0x080030ac      0x124 d:/a_userdownload/clion2cubemx_tool/gcc-arm-none-eabi-10.3-2021.10-win32/gcc-arm-none-eabi-10.3-2021.10/bin/../lib/gcc/arm-none-eabi/10.3.1/../../../../arm-none-eabi/lib/thumb/v7-m/nofp\libg.a(lib_a-fflush.o)
                0x080030ac                __sflush_r
 .text._fflush_r
                0x080031d0       0x5c d:/a_userdownload/clion2cubemx_tool/gcc-arm-none-eabi-10.3-2021.10-win32/gcc-arm-none-eabi-10.3-2021.10/bin/../lib/gcc/arm-none-eabi/10.3.1/../../../../arm-none-eabi/lib/thumb/v7-m/nofp\libg.a(lib_a-fflush.o)
                0x080031d0                _fflush_r
 .text._cleanup_r
                0x0800322c        0xc d:/a_userdownload/clion2cubemx_tool/gcc-arm-none-eabi-10.3-2021.10-win32/gcc-arm-none-eabi-10.3-2021.10/bin/../lib/gcc/arm-none-eabi/10.3.1/../../../../arm-none-eabi/lib/thumb/v7-m/nofp\libg.a(lib_a-findfp.o)
                0x0800322c                _cleanup_r
 .text.__sinit  0x08003238      0x10c d:/a_userdownload/clion2cubemx_tool/gcc-arm-none-eabi-10.3-2021.10-win32/gcc-arm-none-eabi-10.3-2021.10/bin/../lib/gcc/arm-none-eabi/10.3.1/../../../../arm-none-eabi/lib/thumb/v7-m/nofp\libg.a(lib_a-findfp.o)
                0x08003238                __sinit
 .text.__sfp_lock_acquire
                0x08003344        0xc d:/a_userdownload/clion2cubemx_tool/gcc-arm-none-eabi-10.3-2021.10-win32/gcc-arm-none-eabi-10.3-2021.10/bin/../lib/gcc/arm-none-eabi/10.3.1/../../../../arm-none-eabi/lib/thumb/v7-m/nofp\libg.a(lib_a-findfp.o)
                0x08003344                __sfp_lock_acquire
 .text.__sfp_lock_release
                0x08003350        0xc d:/a_userdownload/clion2cubemx_tool/gcc-arm-none-eabi-10.3-2021.10-win32/gcc-arm-none-eabi-10.3-2021.10/bin/../lib/gcc/arm-none-eabi/10.3.1/../../../../arm-none-eabi/lib/thumb/v7-m/nofp\libg.a(lib_a-findfp.o)
                0x08003350                __sfp_lock_release
 .text.__libc_fini_array
                0x0800335c       0x2c d:/a_userdownload/clion2cubemx_tool/gcc-arm-none-eabi-10.3-2021.10-win32/gcc-arm-none-eabi-10.3-2021.10/bin/../lib/gcc/arm-none-eabi/10.3.1/../../../../arm-none-eabi/lib/thumb/v7-m/nofp\libg.a(lib_a-fini.o)
                0x0800335c                __libc_fini_array
 .text._malloc_trim_r
                0x08003388       0xa0 d:/a_userdownload/clion2cubemx_tool/gcc-arm-none-eabi-10.3-2021.10-win32/gcc-arm-none-eabi-10.3-2021.10/bin/../lib/gcc/arm-none-eabi/10.3.1/../../../../arm-none-eabi/lib/thumb/v7-m/nofp\libg.a(lib_a-freer.o)
                0x08003388                _malloc_trim_r
 .text._free_r  0x08003428      0x200 d:/a_userdownload/clion2cubemx_tool/gcc-arm-none-eabi-10.3-2021.10-win32/gcc-arm-none-eabi-10.3-2021.10/bin/../lib/gcc/arm-none-eabi/10.3.1/../../../../arm-none-eabi/lib/thumb/v7-m/nofp\libg.a(lib_a-freer.o)
                0x08003428                _free_r
 .text._fwalk_reent
                0x08003628       0x48 d:/a_userdownload/clion2cubemx_tool/gcc-arm-none-eabi-10.3-2021.10-win32/gcc-arm-none-eabi-10.3-2021.10/bin/../lib/gcc/arm-none-eabi/10.3.1/../../../../arm-none-eabi/lib/thumb/v7-m/nofp\libg.a(lib_a-fwalk.o)
                0x08003628                _fwalk_reent
 .text.__retarget_lock_init_recursive
                0x08003670        0x4 d:/a_userdownload/clion2cubemx_tool/gcc-arm-none-eabi-10.3-2021.10-win32/gcc-arm-none-eabi-10.3-2021.10/bin/../lib/gcc/arm-none-eabi/10.3.1/../../../../arm-none-eabi/lib/thumb/v7-m/nofp\libg.a(lib_a-lock.o)
                0x08003670                __retarget_lock_init_recursive
 .text.__retarget_lock_close_recursive
                0x08003674        0x4 d:/a_userdownload/clion2cubemx_tool/gcc-arm-none-eabi-10.3-2021.10-win32/gcc-arm-none-eabi-10.3-2021.10/bin/../lib/gcc/arm-none-eabi/10.3.1/../../../../arm-none-eabi/lib/thumb/v7-m/nofp\libg.a(lib_a-lock.o)
                0x08003674                __retarget_lock_close_recursive
 .text.__retarget_lock_acquire_recursive
                0x08003678        0x4 d:/a_userdownload/clion2cubemx_tool/gcc-arm-none-eabi-10.3-2021.10-win32/gcc-arm-none-eabi-10.3-2021.10/bin/../lib/gcc/arm-none-eabi/10.3.1/../../../../arm-none-eabi/lib/thumb/v7-m/nofp\libg.a(lib_a-lock.o)
                0x08003678                __retarget_lock_acquire_recursive
 .text.__retarget_lock_release_recursive
                0x0800367c        0x4 d:/a_userdownload/clion2cubemx_tool/gcc-arm-none-eabi-10.3-2021.10-win32/gcc-arm-none-eabi-10.3-2021.10/bin/../lib/gcc/arm-none-eabi/10.3.1/../../../../arm-none-eabi/lib/thumb/v7-m/nofp\libg.a(lib_a-lock.o)
                0x0800367c                __retarget_lock_release_recursive
 .text.__swhatbuf_r
                0x08003680       0x60 d:/a_userdownload/clion2cubemx_tool/gcc-arm-none-eabi-10.3-2021.10-win32/gcc-arm-none-eabi-10.3-2021.10/bin/../lib/gcc/arm-none-eabi/10.3.1/../../../../arm-none-eabi/lib/thumb/v7-m/nofp\libg.a(lib_a-makebuf.o)
                0x08003680                __swhatbuf_r
 .text.malloc   0x080036e0       0x10 d:/a_userdownload/clion2cubemx_tool/gcc-arm-none-eabi-10.3-2021.10-win32/gcc-arm-none-eabi-10.3-2021.10/bin/../lib/gcc/arm-none-eabi/10.3.1/../../../../arm-none-eabi/lib/thumb/v7-m/nofp\libg.a(lib_a-malloc.o)
                0x080036e0                malloc
 .text._malloc_r
                0x080036f0      0x558 d:/a_userdownload/clion2cubemx_tool/gcc-arm-none-eabi-10.3-2021.10-win32/gcc-arm-none-eabi-10.3-2021.10/bin/../lib/gcc/arm-none-eabi/10.3.1/../../../../arm-none-eabi/lib/thumb/v7-m/nofp\libg.a(lib_a-mallocr.o)
                0x080036f0                _malloc_r
 .text.__malloc_lock
                0x08003c48        0xc d:/a_userdownload/clion2cubemx_tool/gcc-arm-none-eabi-10.3-2021.10-win32/gcc-arm-none-eabi-10.3-2021.10/bin/../lib/gcc/arm-none-eabi/10.3.1/../../../../arm-none-eabi/lib/thumb/v7-m/nofp\libg.a(lib_a-mlock.o)
                0x08003c48                __malloc_lock
 .text.__malloc_unlock
                0x08003c54        0xc d:/a_userdownload/clion2cubemx_tool/gcc-arm-none-eabi-10.3-2021.10-win32/gcc-arm-none-eabi-10.3-2021.10/bin/../lib/gcc/arm-none-eabi/10.3.1/../../../../arm-none-eabi/lib/thumb/v7-m/nofp\libg.a(lib_a-mlock.o)
                0x08003c54                __malloc_unlock
 .text._sbrk_r  0x08003c60       0x24 d:/a_userdownload/clion2cubemx_tool/gcc-arm-none-eabi-10.3-2021.10-win32/gcc-arm-none-eabi-10.3-2021.10/bin/../lib/gcc/arm-none-eabi/10.3.1/../../../../arm-none-eabi/lib/thumb/v7-m/nofp\libg.a(lib_a-sbrkr.o)
                0x08003c60                _sbrk_r
 .text.__sread  0x08003c84       0x24 d:/a_userdownload/clion2cubemx_tool/gcc-arm-none-eabi-10.3-2021.10-win32/gcc-arm-none-eabi-10.3-2021.10/bin/../lib/gcc/arm-none-eabi/10.3.1/../../../../arm-none-eabi/lib/thumb/v7-m/nofp\libg.a(lib_a-stdio.o)
                0x08003c84                __sread
 .text.__swrite
                0x08003ca8       0x40 d:/a_userdownload/clion2cubemx_tool/gcc-arm-none-eabi-10.3-2021.10-win32/gcc-arm-none-eabi-10.3-2021.10/bin/../lib/gcc/arm-none-eabi/10.3.1/../../../../arm-none-eabi/lib/thumb/v7-m/nofp\libg.a(lib_a-stdio.o)
                0x08003ca8                __swrite
 .text.__sseek  0x08003ce8       0x20 d:/a_userdownload/clion2cubemx_tool/gcc-arm-none-eabi-10.3-2021.10-win32/gcc-arm-none-eabi-10.3-2021.10/bin/../lib/gcc/arm-none-eabi/10.3.1/../../../../arm-none-eabi/lib/thumb/v7-m/nofp\libg.a(lib_a-stdio.o)
                0x08003ce8                __sseek
 .text.__sclose
                0x08003d08        0x8 d:/a_userdownload/clion2cubemx_tool/gcc-arm-none-eabi-10.3-2021.10-win32/gcc-arm-none-eabi-10.3-2021.10/bin/../lib/gcc/arm-none-eabi/10.3.1/../../../../arm-none-eabi/lib/thumb/v7-m/nofp\libg.a(lib_a-stdio.o)
                0x08003d08                __sclose
 .text._write_r
                0x08003d10       0x2c d:/a_userdownload/clion2cubemx_tool/gcc-arm-none-eabi-10.3-2021.10-win32/gcc-arm-none-eabi-10.3-2021.10/bin/../lib/gcc/arm-none-eabi/10.3.1/../../../../arm-none-eabi/lib/thumb/v7-m/nofp\libg.a(lib_a-writer.o)
                0x08003d10                _write_r
 .text.__register_exitproc
                0x08003d3c       0x8c d:/a_userdownload/clion2cubemx_tool/gcc-arm-none-eabi-10.3-2021.10-win32/gcc-arm-none-eabi-10.3-2021.10/bin/../lib/gcc/arm-none-eabi/10.3.1/../../../../arm-none-eabi/lib/thumb/v7-m/nofp\libg.a(lib_a-__atexit.o)
                0x08003d3c                __register_exitproc
 .text._close_r
                0x08003dc8       0x24 d:/a_userdownload/clion2cubemx_tool/gcc-arm-none-eabi-10.3-2021.10-win32/gcc-arm-none-eabi-10.3-2021.10/bin/../lib/gcc/arm-none-eabi/10.3.1/../../../../arm-none-eabi/lib/thumb/v7-m/nofp\libg.a(lib_a-closer.o)
                0x08003dc8                _close_r
 .text._fclose_r
                0x08003dec       0xcc d:/a_userdownload/clion2cubemx_tool/gcc-arm-none-eabi-10.3-2021.10-win32/gcc-arm-none-eabi-10.3-2021.10/bin/../lib/gcc/arm-none-eabi/10.3.1/../../../../arm-none-eabi/lib/thumb/v7-m/nofp\libg.a(lib_a-fclose.o)
                0x08003dec                _fclose_r
 .text._fstat_r
                0x08003eb8       0x28 d:/a_userdownload/clion2cubemx_tool/gcc-arm-none-eabi-10.3-2021.10-win32/gcc-arm-none-eabi-10.3-2021.10/bin/../lib/gcc/arm-none-eabi/10.3.1/../../../../arm-none-eabi/lib/thumb/v7-m/nofp\libg.a(lib_a-fstatr.o)
                0x08003eb8                _fstat_r
 .text._lseek_r
                0x08003ee0       0x2c d:/a_userdownload/clion2cubemx_tool/gcc-arm-none-eabi-10.3-2021.10-win32/gcc-arm-none-eabi-10.3-2021.10/bin/../lib/gcc/arm-none-eabi/10.3.1/../../../../arm-none-eabi/lib/thumb/v7-m/nofp\libg.a(lib_a-lseekr.o)
                0x08003ee0                _lseek_r
 .text._read_r  0x08003f0c       0x2c d:/a_userdownload/clion2cubemx_tool/gcc-arm-none-eabi-10.3-2021.10-win32/gcc-arm-none-eabi-10.3-2021.10/bin/../lib/gcc/arm-none-eabi/10.3.1/../../../../arm-none-eabi/lib/thumb/v7-m/nofp\libg.a(lib_a-readr.o)
                0x08003f0c                _read_r
 *(.glue_7)
 .glue_7        0x08003f38        0x0 linker stubs
 *(.glue_7t)
 .glue_7t       0x08003f38        0x0 linker stubs
 *(.eh_frame)
 .eh_frame      0x08003f38        0x0 d:/a_userdownload/clion2cubemx_tool/gcc-arm-none-eabi-10.3-2021.10-win32/gcc-arm-none-eabi-10.3-2021.10/bin/../lib/gcc/arm-none-eabi/10.3.1/thumb/v7-m/nofp/crtbegin.o
 *(.init)
 .init          0x08003f38        0x4 d:/a_userdownload/clion2cubemx_tool/gcc-arm-none-eabi-10.3-2021.10-win32/gcc-arm-none-eabi-10.3-2021.10/bin/../lib/gcc/arm-none-eabi/10.3.1/thumb/v7-m/nofp/crti.o
                0x08003f38                _init
 .init          0x08003f3c        0x8 d:/a_userdownload/clion2cubemx_tool/gcc-arm-none-eabi-10.3-2021.10-win32/gcc-arm-none-eabi-10.3-2021.10/bin/../lib/gcc/arm-none-eabi/10.3.1/thumb/v7-m/nofp/crtn.o
 *(.fini)
 .fini          0x08003f44        0x4 d:/a_userdownload/clion2cubemx_tool/gcc-arm-none-eabi-10.3-2021.10-win32/gcc-arm-none-eabi-10.3-2021.10/bin/../lib/gcc/arm-none-eabi/10.3.1/thumb/v7-m/nofp/crti.o
                0x08003f44                _fini
 .fini          0x08003f48        0x8 d:/a_userdownload/clion2cubemx_tool/gcc-arm-none-eabi-10.3-2021.10-win32/gcc-arm-none-eabi-10.3-2021.10/bin/../lib/gcc/arm-none-eabi/10.3.1/thumb/v7-m/nofp/crtn.o
                0x08003f50                . = ALIGN (0x4)
                0x08003f50                _etext = .

.vfp11_veneer   0x08003f50        0x0
 .vfp11_veneer  0x08003f50        0x0 linker stubs

.v4_bx          0x08003f50        0x0
 .v4_bx         0x08003f50        0x0 linker stubs

.iplt           0x08003f50        0x0
 .iplt          0x08003f50        0x0 d:/a_userdownload/clion2cubemx_tool/gcc-arm-none-eabi-10.3-2021.10-win32/gcc-arm-none-eabi-10.3-2021.10/bin/../lib/gcc/arm-none-eabi/10.3.1/thumb/v7-m/nofp/crtbegin.o

.rodata         0x08003f50      0x680
                0x08003f50                . = ALIGN (0x4)
 *(.rodata)
 .rodata        0x08003f50       0x38 CMakeFiles/My_Freertos_Template.elf.dir/Core/Src/freertos.c.obj
 *(.rodata*)
 .rodata.str1.4
                0x08003f88       0x15 CMakeFiles/My_Freertos_Template.elf.dir/Core/Src/freertos.c.obj
 *fill*         0x08003f9d        0x3 
 .rodata.StartDefaultTask.str1.4
                0x08003fa0        0x5 CMakeFiles/My_Freertos_Template.elf.dir/Core/Src/freertos.c.obj
 *fill*         0x08003fa5        0x3 
 .rodata.AHBPrescTable
                0x08003fa8       0x10 CMakeFiles/My_Freertos_Template.elf.dir/Core/Src/system_stm32f1xx.c.obj
                0x08003fa8                AHBPrescTable
 .rodata.APBPrescTable
                0x08003fb8        0x8 CMakeFiles/My_Freertos_Template.elf.dir/Core/Src/system_stm32f1xx.c.obj
                0x08003fb8                APBPrescTable
 .rodata.aPLLMULFactorTable.1
                0x08003fc0       0x10 CMakeFiles/My_Freertos_Template.elf.dir/Drivers/STM32F1xx_HAL_Driver/Src/stm32f1xx_hal_rcc.c.obj
 .rodata.aPredivFactorTable.0
                0x08003fd0        0x2 CMakeFiles/My_Freertos_Template.elf.dir/Drivers/STM32F1xx_HAL_Driver/Src/stm32f1xx_hal_rcc.c.obj
 *fill*         0x08003fd2        0x2 
 .rodata.vTaskStartScheduler.str1.4
                0x08003fd4        0x5 CMakeFiles/My_Freertos_Template.elf.dir/Middlewares/Third_Party/FreeRTOS/Source/tasks.c.obj
 *fill*         0x08003fd9        0x3 
 .rodata.OLED_F8x16
                0x08003fdc      0x5f0 CMakeFiles/My_Freertos_Template.elf.dir/User/Src/OLED.c.obj
                0x08003fdc                OLED_F8x16
 .rodata._global_impure_ptr
                0x080045cc        0x4 d:/a_userdownload/clion2cubemx_tool/gcc-arm-none-eabi-10.3-2021.10-win32/gcc-arm-none-eabi-10.3-2021.10/bin/../lib/gcc/arm-none-eabi/10.3.1/../../../../arm-none-eabi/lib/thumb/v7-m/nofp\libg.a(lib_a-impure.o)
                0x080045cc                _global_impure_ptr
                0x080045d0                . = ALIGN (0x4)

.rel.dyn        0x080045d0        0x0
 .rel.iplt      0x080045d0        0x0 d:/a_userdownload/clion2cubemx_tool/gcc-arm-none-eabi-10.3-2021.10-win32/gcc-arm-none-eabi-10.3-2021.10/bin/../lib/gcc/arm-none-eabi/10.3.1/thumb/v7-m/nofp/crtbegin.o

.ARM.extab
 *(.ARM.extab* .gnu.linkonce.armextab.*)

.ARM            0x080045d0        0x0
                0x080045d0                __exidx_start = .
 *(.ARM.exidx*)
                0x080045d0                __exidx_end = .

.preinit_array  0x080045d0        0x0
                0x080045d0                PROVIDE (__preinit_array_start = .)
 *(.preinit_array*)
                0x080045d0                PROVIDE (__preinit_array_end = .)

.init_array     0x080045d0        0x8
                0x080045d0                PROVIDE (__init_array_start = .)
 *(SORT_BY_NAME(.init_array.*))
 .init_array.00000
                0x080045d0        0x4 d:/a_userdownload/clion2cubemx_tool/gcc-arm-none-eabi-10.3-2021.10-win32/gcc-arm-none-eabi-10.3-2021.10/bin/../lib/gcc/arm-none-eabi/10.3.1/../../../../arm-none-eabi/lib/thumb/v7-m/nofp\libg.a(lib_a-__call_atexit.o)
 *(.init_array*)
 .init_array    0x080045d4        0x4 d:/a_userdownload/clion2cubemx_tool/gcc-arm-none-eabi-10.3-2021.10-win32/gcc-arm-none-eabi-10.3-2021.10/bin/../lib/gcc/arm-none-eabi/10.3.1/thumb/v7-m/nofp/crtbegin.o
                0x080045d8                PROVIDE (__init_array_end = .)

.fini_array     0x080045d8        0x4
                0x080045d8                PROVIDE (__fini_array_start = .)
 *(SORT_BY_NAME(.fini_array.*))
 *(.fini_array*)
 .fini_array    0x080045d8        0x4 d:/a_userdownload/clion2cubemx_tool/gcc-arm-none-eabi-10.3-2021.10-win32/gcc-arm-none-eabi-10.3-2021.10/bin/../lib/gcc/arm-none-eabi/10.3.1/thumb/v7-m/nofp/crtbegin.o
                0x080045dc                PROVIDE (__fini_array_end = .)
                0x080045dc                _sidata = LOADADDR (.data)

.data           0x20000000      0x854 load address 0x080045dc
                0x20000000                . = ALIGN (0x4)
                0x20000000                _sdata = .
 *(.data)
 *(.data*)
 .data.SystemCoreClock
                0x20000000        0x4 CMakeFiles/My_Freertos_Template.elf.dir/Core/Src/system_stm32f1xx.c.obj
                0x20000000                SystemCoreClock
 .data.uwTickFreq
                0x20000004        0x1 CMakeFiles/My_Freertos_Template.elf.dir/Drivers/STM32F1xx_HAL_Driver/Src/stm32f1xx_hal.c.obj
                0x20000004                uwTickFreq
 *fill*         0x20000005        0x3 
 .data.uwTickPrio
                0x20000008        0x4 CMakeFiles/My_Freertos_Template.elf.dir/Drivers/STM32F1xx_HAL_Driver/Src/stm32f1xx_hal.c.obj
                0x20000008                uwTickPrio
 .data.uxCriticalNesting
                0x2000000c        0x4 CMakeFiles/My_Freertos_Template.elf.dir/Middlewares/Third_Party/FreeRTOS/Source/portable/GCC/ARM_CM3/port.c.obj
 .data._impure_ptr
                0x20000010        0x4 d:/a_userdownload/clion2cubemx_tool/gcc-arm-none-eabi-10.3-2021.10-win32/gcc-arm-none-eabi-10.3-2021.10/bin/../lib/gcc/arm-none-eabi/10.3.1/../../../../arm-none-eabi/lib/thumb/v7-m/nofp\libg.a(lib_a-impure.o)
                0x20000010                _impure_ptr
 *fill*         0x20000014        0x4 
 .data.impure_data
                0x20000018      0x428 d:/a_userdownload/clion2cubemx_tool/gcc-arm-none-eabi-10.3-2021.10-win32/gcc-arm-none-eabi-10.3-2021.10/bin/../lib/gcc/arm-none-eabi/10.3.1/../../../../arm-none-eabi/lib/thumb/v7-m/nofp\libg.a(lib_a-impure.o)
 .data.__atexit_recursive_mutex
                0x20000440        0x4 d:/a_userdownload/clion2cubemx_tool/gcc-arm-none-eabi-10.3-2021.10-win32/gcc-arm-none-eabi-10.3-2021.10/bin/../lib/gcc/arm-none-eabi/10.3.1/../../../../arm-none-eabi/lib/thumb/v7-m/nofp\libg.a(lib_a-__call_atexit.o)
                0x20000440                __atexit_recursive_mutex
 .data.__malloc_av_
                0x20000444      0x408 d:/a_userdownload/clion2cubemx_tool/gcc-arm-none-eabi-10.3-2021.10-win32/gcc-arm-none-eabi-10.3-2021.10/bin/../lib/gcc/arm-none-eabi/10.3.1/../../../../arm-none-eabi/lib/thumb/v7-m/nofp\libg.a(lib_a-mallocr.o)
                0x20000444                __malloc_av_
 .data.__malloc_sbrk_base
                0x2000084c        0x4 d:/a_userdownload/clion2cubemx_tool/gcc-arm-none-eabi-10.3-2021.10-win32/gcc-arm-none-eabi-10.3-2021.10/bin/../lib/gcc/arm-none-eabi/10.3.1/../../../../arm-none-eabi/lib/thumb/v7-m/nofp\libg.a(lib_a-mallocr.o)
                0x2000084c                __malloc_sbrk_base
 .data.__malloc_trim_threshold
                0x20000850        0x4 d:/a_userdownload/clion2cubemx_tool/gcc-arm-none-eabi-10.3-2021.10-win32/gcc-arm-none-eabi-10.3-2021.10/bin/../lib/gcc/arm-none-eabi/10.3.1/../../../../arm-none-eabi/lib/thumb/v7-m/nofp\libg.a(lib_a-mallocr.o)
                0x20000850                __malloc_trim_threshold
                0x20000854                . = ALIGN (0x4)
                0x20000854                _edata = .

.igot.plt       0x20000854        0x0 load address 0x08004e30
 .igot.plt      0x20000854        0x0 d:/a_userdownload/clion2cubemx_tool/gcc-arm-none-eabi-10.3-2021.10-win32/gcc-arm-none-eabi-10.3-2021.10/bin/../lib/gcc/arm-none-eabi/10.3.1/thumb/v7-m/nofp/crtbegin.o
                0x20000854                . = ALIGN (0x4)

.bss            0x20000854     0x10f8 load address 0x08004e30
                0x20000854                _sbss = .
                0x20000854                __bss_start__ = _sbss
 *(.bss)
 .bss           0x20000854       0x1c d:/a_userdownload/clion2cubemx_tool/gcc-arm-none-eabi-10.3-2021.10-win32/gcc-arm-none-eabi-10.3-2021.10/bin/../lib/gcc/arm-none-eabi/10.3.1/thumb/v7-m/nofp/crtbegin.o
 *(.bss*)
 .bss.L         0x20000870        0x4 CMakeFiles/My_Freertos_Template.elf.dir/Core/Src/freertos.c.obj
                0x20000870                L
 .bss.defaultTaskHandle
                0x20000874        0x4 CMakeFiles/My_Freertos_Template.elf.dir/Core/Src/freertos.c.obj
                0x20000874                defaultTaskHandle
 .bss.myTask02Handle
                0x20000878        0x4 CMakeFiles/My_Freertos_Template.elf.dir/Core/Src/freertos.c.obj
                0x20000878                myTask02Handle
 .bss.xIdleStack
                0x2000087c      0x200 CMakeFiles/My_Freertos_Template.elf.dir/Core/Src/freertos.c.obj
 .bss.xIdleTaskTCBBuffer
                0x20000a7c       0x54 CMakeFiles/My_Freertos_Template.elf.dir/Core/Src/freertos.c.obj
 .bss.htim1     0x20000ad0       0x48 CMakeFiles/My_Freertos_Template.elf.dir/Core/Src/stm32f1xx_hal_timebase_tim.c.obj
                0x20000ad0                htim1
 .bss.heap_end.0
                0x20000b18        0x4 CMakeFiles/My_Freertos_Template.elf.dir/Core/Src/syscalls.c.obj
 .bss.htim2     0x20000b1c       0x48 CMakeFiles/My_Freertos_Template.elf.dir/Core/Src/tim.c.obj
                0x20000b1c                htim2
 .bss.huart1    0x20000b64       0x48 CMakeFiles/My_Freertos_Template.elf.dir/Core/Src/usart.c.obj
                0x20000b64                huart1
 .bss.uwTick    0x20000bac        0x4 CMakeFiles/My_Freertos_Template.elf.dir/Drivers/STM32F1xx_HAL_Driver/Src/stm32f1xx_hal.c.obj
                0x20000bac                uwTick
 .bss.ucMaxSysCallPriority
                0x20000bb0        0x1 CMakeFiles/My_Freertos_Template.elf.dir/Middlewares/Third_Party/FreeRTOS/Source/portable/GCC/ARM_CM3/port.c.obj
 *fill*         0x20000bb1        0x3 
 .bss.ulMaxPRIGROUPValue
                0x20000bb4        0x4 CMakeFiles/My_Freertos_Template.elf.dir/Middlewares/Third_Party/FreeRTOS/Source/portable/GCC/ARM_CM3/port.c.obj
 .bss.pxEnd     0x20000bb8        0x4 CMakeFiles/My_Freertos_Template.elf.dir/Middlewares/Third_Party/FreeRTOS/Source/portable/MemMang/heap_4.c.obj
 .bss.ucHeap    0x20000bbc      0xc00 CMakeFiles/My_Freertos_Template.elf.dir/Middlewares/Third_Party/FreeRTOS/Source/portable/MemMang/heap_4.c.obj
 .bss.xBlockAllocatedBit
                0x200017bc        0x4 CMakeFiles/My_Freertos_Template.elf.dir/Middlewares/Third_Party/FreeRTOS/Source/portable/MemMang/heap_4.c.obj
 .bss.xFreeBytesRemaining
                0x200017c0        0x4 CMakeFiles/My_Freertos_Template.elf.dir/Middlewares/Third_Party/FreeRTOS/Source/portable/MemMang/heap_4.c.obj
 .bss.xMinimumEverFreeBytesRemaining
                0x200017c4        0x4 CMakeFiles/My_Freertos_Template.elf.dir/Middlewares/Third_Party/FreeRTOS/Source/portable/MemMang/heap_4.c.obj
 .bss.xStart    0x200017c8        0x8 CMakeFiles/My_Freertos_Template.elf.dir/Middlewares/Third_Party/FreeRTOS/Source/portable/MemMang/heap_4.c.obj
 .bss.pxCurrentTCB
                0x200017d0        0x4 CMakeFiles/My_Freertos_Template.elf.dir/Middlewares/Third_Party/FreeRTOS/Source/tasks.c.obj
                0x200017d0                pxCurrentTCB
 .bss.pxDelayedTaskList
                0x200017d4        0x4 CMakeFiles/My_Freertos_Template.elf.dir/Middlewares/Third_Party/FreeRTOS/Source/tasks.c.obj
 .bss.pxOverflowDelayedTaskList
                0x200017d8        0x4 CMakeFiles/My_Freertos_Template.elf.dir/Middlewares/Third_Party/FreeRTOS/Source/tasks.c.obj
 .bss.pxReadyTasksLists
                0x200017dc       0x8c CMakeFiles/My_Freertos_Template.elf.dir/Middlewares/Third_Party/FreeRTOS/Source/tasks.c.obj
 .bss.uxCurrentNumberOfTasks
                0x20001868        0x4 CMakeFiles/My_Freertos_Template.elf.dir/Middlewares/Third_Party/FreeRTOS/Source/tasks.c.obj
 .bss.uxDeletedTasksWaitingCleanUp
                0x2000186c        0x4 CMakeFiles/My_Freertos_Template.elf.dir/Middlewares/Third_Party/FreeRTOS/Source/tasks.c.obj
 .bss.uxPendedTicks
                0x20001870        0x4 CMakeFiles/My_Freertos_Template.elf.dir/Middlewares/Third_Party/FreeRTOS/Source/tasks.c.obj
 .bss.uxSchedulerSuspended
                0x20001874        0x4 CMakeFiles/My_Freertos_Template.elf.dir/Middlewares/Third_Party/FreeRTOS/Source/tasks.c.obj
 .bss.uxTaskNumber
                0x20001878        0x4 CMakeFiles/My_Freertos_Template.elf.dir/Middlewares/Third_Party/FreeRTOS/Source/tasks.c.obj
 .bss.uxTopReadyPriority
                0x2000187c        0x4 CMakeFiles/My_Freertos_Template.elf.dir/Middlewares/Third_Party/FreeRTOS/Source/tasks.c.obj
 .bss.xDelayedTaskList1
                0x20001880       0x14 CMakeFiles/My_Freertos_Template.elf.dir/Middlewares/Third_Party/FreeRTOS/Source/tasks.c.obj
 .bss.xDelayedTaskList2
                0x20001894       0x14 CMakeFiles/My_Freertos_Template.elf.dir/Middlewares/Third_Party/FreeRTOS/Source/tasks.c.obj
 .bss.xIdleTaskHandle
                0x200018a8        0x4 CMakeFiles/My_Freertos_Template.elf.dir/Middlewares/Third_Party/FreeRTOS/Source/tasks.c.obj
 .bss.xNextTaskUnblockTime
                0x200018ac        0x4 CMakeFiles/My_Freertos_Template.elf.dir/Middlewares/Third_Party/FreeRTOS/Source/tasks.c.obj
 .bss.xNumOfOverflows
                0x200018b0        0x4 CMakeFiles/My_Freertos_Template.elf.dir/Middlewares/Third_Party/FreeRTOS/Source/tasks.c.obj
 .bss.xPendingReadyList
                0x200018b4       0x14 CMakeFiles/My_Freertos_Template.elf.dir/Middlewares/Third_Party/FreeRTOS/Source/tasks.c.obj
 .bss.xSchedulerRunning
                0x200018c8        0x4 CMakeFiles/My_Freertos_Template.elf.dir/Middlewares/Third_Party/FreeRTOS/Source/tasks.c.obj
 .bss.xSuspendedTaskList
                0x200018cc       0x14 CMakeFiles/My_Freertos_Template.elf.dir/Middlewares/Third_Party/FreeRTOS/Source/tasks.c.obj
 .bss.xTasksWaitingTermination
                0x200018e0       0x14 CMakeFiles/My_Freertos_Template.elf.dir/Middlewares/Third_Party/FreeRTOS/Source/tasks.c.obj
 .bss.xTickCount
                0x200018f4        0x4 CMakeFiles/My_Freertos_Template.elf.dir/Middlewares/Third_Party/FreeRTOS/Source/tasks.c.obj
 .bss.xYieldPending
                0x200018f8        0x4 CMakeFiles/My_Freertos_Template.elf.dir/Middlewares/Third_Party/FreeRTOS/Source/tasks.c.obj
 .bss.LinkStatus
                0x200018fc        0x1 CMakeFiles/My_Freertos_Template.elf.dir/User/Src/Data_Structure.c.obj
                0x200018fc                LinkStatus
 *fill*         0x200018fd        0x3 
 .bss.gHuart    0x20001900        0x4 CMakeFiles/My_Freertos_Template.elf.dir/User/Src/retarget.c.obj
                0x20001900                gHuart
 .bss.__lock___atexit_recursive_mutex
                0x20001904        0x1 d:/a_userdownload/clion2cubemx_tool/gcc-arm-none-eabi-10.3-2021.10-win32/gcc-arm-none-eabi-10.3-2021.10/bin/../lib/gcc/arm-none-eabi/10.3.1/../../../../arm-none-eabi/lib/thumb/v7-m/nofp\libg.a(lib_a-lock.o)
                0x20001904                __lock___atexit_recursive_mutex
 *fill*         0x20001905        0x3 
 .bss.__lock___malloc_recursive_mutex
                0x20001908        0x1 d:/a_userdownload/clion2cubemx_tool/gcc-arm-none-eabi-10.3-2021.10-win32/gcc-arm-none-eabi-10.3-2021.10/bin/../lib/gcc/arm-none-eabi/10.3.1/../../../../arm-none-eabi/lib/thumb/v7-m/nofp\libg.a(lib_a-lock.o)
                0x20001908                __lock___malloc_recursive_mutex
 *fill*         0x20001909        0x3 
 .bss.__lock___sfp_recursive_mutex
                0x2000190c        0x1 d:/a_userdownload/clion2cubemx_tool/gcc-arm-none-eabi-10.3-2021.10-win32/gcc-arm-none-eabi-10.3-2021.10/bin/../lib/gcc/arm-none-eabi/10.3.1/../../../../arm-none-eabi/lib/thumb/v7-m/nofp\libg.a(lib_a-lock.o)
                0x2000190c                __lock___sfp_recursive_mutex
 *fill*         0x2000190d        0x3 
 .bss.__lock___sinit_recursive_mutex
                0x20001910        0x1 d:/a_userdownload/clion2cubemx_tool/gcc-arm-none-eabi-10.3-2021.10-win32/gcc-arm-none-eabi-10.3-2021.10/bin/../lib/gcc/arm-none-eabi/10.3.1/../../../../arm-none-eabi/lib/thumb/v7-m/nofp\libg.a(lib_a-lock.o)
                0x20001910                __lock___sinit_recursive_mutex
 *fill*         0x20001911        0x3 
 .bss.__malloc_current_mallinfo
                0x20001914       0x28 d:/a_userdownload/clion2cubemx_tool/gcc-arm-none-eabi-10.3-2021.10-win32/gcc-arm-none-eabi-10.3-2021.10/bin/../lib/gcc/arm-none-eabi/10.3.1/../../../../arm-none-eabi/lib/thumb/v7-m/nofp\libg.a(lib_a-mallocr.o)
                0x20001914                __malloc_current_mallinfo
 .bss.__malloc_max_sbrked_mem
                0x2000193c        0x4 d:/a_userdownload/clion2cubemx_tool/gcc-arm-none-eabi-10.3-2021.10-win32/gcc-arm-none-eabi-10.3-2021.10/bin/../lib/gcc/arm-none-eabi/10.3.1/../../../../arm-none-eabi/lib/thumb/v7-m/nofp\libg.a(lib_a-mallocr.o)
                0x2000193c                __malloc_max_sbrked_mem
 .bss.__malloc_max_total_mem
                0x20001940        0x4 d:/a_userdownload/clion2cubemx_tool/gcc-arm-none-eabi-10.3-2021.10-win32/gcc-arm-none-eabi-10.3-2021.10/bin/../lib/gcc/arm-none-eabi/10.3.1/../../../../arm-none-eabi/lib/thumb/v7-m/nofp\libg.a(lib_a-mallocr.o)
                0x20001940                __malloc_max_total_mem
 .bss.__malloc_top_pad
                0x20001944        0x4 d:/a_userdownload/clion2cubemx_tool/gcc-arm-none-eabi-10.3-2021.10-win32/gcc-arm-none-eabi-10.3-2021.10/bin/../lib/gcc/arm-none-eabi/10.3.1/../../../../arm-none-eabi/lib/thumb/v7-m/nofp\libg.a(lib_a-mallocr.o)
                0x20001944                __malloc_top_pad
 .bss.errno     0x20001948        0x4 d:/a_userdownload/clion2cubemx_tool/gcc-arm-none-eabi-10.3-2021.10-win32/gcc-arm-none-eabi-10.3-2021.10/bin/../lib/gcc/arm-none-eabi/10.3.1/../../../../arm-none-eabi/lib/thumb/v7-m/nofp\libg.a(lib_a-reent.o)
                0x20001948                errno
 *(COMMON)
                0x2000194c                . = ALIGN (0x4)
                0x2000194c                _ebss = .
                0x2000194c                __bss_end__ = _ebss

._user_heap_stack
                0x2000194c      0x604 load address 0x08004e30
                0x20001950                . = ALIGN (0x8)
 *fill*         0x2000194c        0x4 
                0x20001950                PROVIDE (end = .)
                [!provide]                PROVIDE (_end = .)
                0x20001b50                . = (. + _Min_Heap_Size)
 *fill*         0x20001950      0x200 
                0x20001f50                . = (. + _Min_Stack_Size)
 *fill*         0x20001b50      0x400 
                0x20001f50                . = ALIGN (0x8)

/DISCARD/
 libc.a(*)
 libm.a(*)
 libgcc.a(*)

.ARM.attributes
                0x00000000       0x29
 *(.ARM.attributes)
 .ARM.attributes
                0x00000000       0x1d d:/a_userdownload/clion2cubemx_tool/gcc-arm-none-eabi-10.3-2021.10-win32/gcc-arm-none-eabi-10.3-2021.10/bin/../lib/gcc/arm-none-eabi/10.3.1/thumb/v7-m/nofp/crti.o
 .ARM.attributes
                0x0000001d       0x2d d:/a_userdownload/clion2cubemx_tool/gcc-arm-none-eabi-10.3-2021.10-win32/gcc-arm-none-eabi-10.3-2021.10/bin/../lib/gcc/arm-none-eabi/10.3.1/thumb/v7-m/nofp/crtbegin.o
 .ARM.attributes
                0x0000004a       0x2d CMakeFiles/My_Freertos_Template.elf.dir/Core/Src/freertos.c.obj
 .ARM.attributes
                0x00000077       0x2d CMakeFiles/My_Freertos_Template.elf.dir/Core/Src/gpio.c.obj
 .ARM.attributes
                0x000000a4       0x2d CMakeFiles/My_Freertos_Template.elf.dir/Core/Src/main.c.obj
 .ARM.attributes
                0x000000d1       0x2d CMakeFiles/My_Freertos_Template.elf.dir/Core/Src/stm32f1xx_hal_msp.c.obj
 .ARM.attributes
                0x000000fe       0x2d CMakeFiles/My_Freertos_Template.elf.dir/Core/Src/stm32f1xx_hal_timebase_tim.c.obj
 .ARM.attributes
                0x0000012b       0x2d CMakeFiles/My_Freertos_Template.elf.dir/Core/Src/stm32f1xx_it.c.obj
 .ARM.attributes
                0x00000158       0x2d CMakeFiles/My_Freertos_Template.elf.dir/Core/Src/syscalls.c.obj
 .ARM.attributes
                0x00000185       0x2d CMakeFiles/My_Freertos_Template.elf.dir/Core/Src/system_stm32f1xx.c.obj
 .ARM.attributes
                0x000001b2       0x2d CMakeFiles/My_Freertos_Template.elf.dir/Core/Src/tim.c.obj
 .ARM.attributes
                0x000001df       0x2d CMakeFiles/My_Freertos_Template.elf.dir/Core/Src/usart.c.obj
 .ARM.attributes
                0x0000020c       0x2d CMakeFiles/My_Freertos_Template.elf.dir/Drivers/STM32F1xx_HAL_Driver/Src/stm32f1xx_hal.c.obj
 .ARM.attributes
                0x00000239       0x2d CMakeFiles/My_Freertos_Template.elf.dir/Drivers/STM32F1xx_HAL_Driver/Src/stm32f1xx_hal_cortex.c.obj
 .ARM.attributes
                0x00000266       0x2d CMakeFiles/My_Freertos_Template.elf.dir/Drivers/STM32F1xx_HAL_Driver/Src/stm32f1xx_hal_gpio.c.obj
 .ARM.attributes
                0x00000293       0x2d CMakeFiles/My_Freertos_Template.elf.dir/Drivers/STM32F1xx_HAL_Driver/Src/stm32f1xx_hal_rcc.c.obj
 .ARM.attributes
                0x000002c0       0x2d CMakeFiles/My_Freertos_Template.elf.dir/Drivers/STM32F1xx_HAL_Driver/Src/stm32f1xx_hal_tim.c.obj
 .ARM.attributes
                0x000002ed       0x2d CMakeFiles/My_Freertos_Template.elf.dir/Drivers/STM32F1xx_HAL_Driver/Src/stm32f1xx_hal_tim_ex.c.obj
 .ARM.attributes
                0x0000031a       0x2d CMakeFiles/My_Freertos_Template.elf.dir/Drivers/STM32F1xx_HAL_Driver/Src/stm32f1xx_hal_uart.c.obj
 .ARM.attributes
                0x00000347       0x2d CMakeFiles/My_Freertos_Template.elf.dir/Middlewares/Third_Party/FreeRTOS/Source/CMSIS_RTOS/cmsis_os.c.obj
 .ARM.attributes
                0x00000374       0x2d CMakeFiles/My_Freertos_Template.elf.dir/Middlewares/Third_Party/FreeRTOS/Source/list.c.obj
 .ARM.attributes
                0x000003a1       0x2d CMakeFiles/My_Freertos_Template.elf.dir/Middlewares/Third_Party/FreeRTOS/Source/portable/GCC/ARM_CM3/port.c.obj
 .ARM.attributes
                0x000003ce       0x2d CMakeFiles/My_Freertos_Template.elf.dir/Middlewares/Third_Party/FreeRTOS/Source/portable/MemMang/heap_4.c.obj
 .ARM.attributes
                0x000003fb       0x2d CMakeFiles/My_Freertos_Template.elf.dir/Middlewares/Third_Party/FreeRTOS/Source/tasks.c.obj
 .ARM.attributes
                0x00000428       0x2d CMakeFiles/My_Freertos_Template.elf.dir/User/Src/Data_Structure.c.obj
 .ARM.attributes
                0x00000455       0x2d CMakeFiles/My_Freertos_Template.elf.dir/User/Src/OLED.c.obj
 .ARM.attributes
                0x00000482       0x2d CMakeFiles/My_Freertos_Template.elf.dir/User/Src/retarget.c.obj
 .ARM.attributes
                0x000004af       0x21 CMakeFiles/My_Freertos_Template.elf.dir/startup/startup_stm32f103xb.s.obj
 .ARM.attributes
                0x000004d0       0x2d d:/a_userdownload/clion2cubemx_tool/gcc-arm-none-eabi-10.3-2021.10-win32/gcc-arm-none-eabi-10.3-2021.10/bin/../lib/gcc/arm-none-eabi/10.3.1/../../../../arm-none-eabi/lib/thumb/v7-m/nofp\libg.a(lib_a-errno.o)
 .ARM.attributes
                0x000004fd       0x2d d:/a_userdownload/clion2cubemx_tool/gcc-arm-none-eabi-10.3-2021.10-win32/gcc-arm-none-eabi-10.3-2021.10/bin/../lib/gcc/arm-none-eabi/10.3.1/../../../../arm-none-eabi/lib/thumb/v7-m/nofp\libg.a(lib_a-impure.o)
 .ARM.attributes
                0x0000052a       0x2d d:/a_userdownload/clion2cubemx_tool/gcc-arm-none-eabi-10.3-2021.10-win32/gcc-arm-none-eabi-10.3-2021.10/bin/../lib/gcc/arm-none-eabi/10.3.1/../../../../arm-none-eabi/lib/thumb/v7-m/nofp\libg.a(lib_a-init.o)
 .ARM.attributes
                0x00000557       0x2d d:/a_userdownload/clion2cubemx_tool/gcc-arm-none-eabi-10.3-2021.10-win32/gcc-arm-none-eabi-10.3-2021.10/bin/../lib/gcc/arm-none-eabi/10.3.1/../../../../arm-none-eabi/lib/thumb/v7-m/nofp\libg.a(lib_a-memset.o)
 .ARM.attributes
                0x00000584       0x2d d:/a_userdownload/clion2cubemx_tool/gcc-arm-none-eabi-10.3-2021.10-win32/gcc-arm-none-eabi-10.3-2021.10/bin/../lib/gcc/arm-none-eabi/10.3.1/../../../../arm-none-eabi/lib/thumb/v7-m/nofp\libg.a(lib_a-setvbuf.o)
 .ARM.attributes
                0x000005b1       0x2d d:/a_userdownload/clion2cubemx_tool/gcc-arm-none-eabi-10.3-2021.10-win32/gcc-arm-none-eabi-10.3-2021.10/bin/../lib/gcc/arm-none-eabi/10.3.1/../../../../arm-none-eabi/lib/thumb/v7-m/nofp\libg.a(lib_a-__call_atexit.o)
 .ARM.attributes
                0x000005de       0x2d d:/a_userdownload/clion2cubemx_tool/gcc-arm-none-eabi-10.3-2021.10-win32/gcc-arm-none-eabi-10.3-2021.10/bin/../lib/gcc/arm-none-eabi/10.3.1/../../../../arm-none-eabi/lib/thumb/v7-m/nofp\libg.a(lib_a-atexit.o)
 .ARM.attributes
                0x0000060b       0x2d d:/a_userdownload/clion2cubemx_tool/gcc-arm-none-eabi-10.3-2021.10-win32/gcc-arm-none-eabi-10.3-2021.10/bin/../lib/gcc/arm-none-eabi/10.3.1/../../../../arm-none-eabi/lib/thumb/v7-m/nofp\libg.a(lib_a-fflush.o)
 .ARM.attributes
                0x00000638       0x2d d:/a_userdownload/clion2cubemx_tool/gcc-arm-none-eabi-10.3-2021.10-win32/gcc-arm-none-eabi-10.3-2021.10/bin/../lib/gcc/arm-none-eabi/10.3.1/../../../../arm-none-eabi/lib/thumb/v7-m/nofp\libg.a(lib_a-findfp.o)
 .ARM.attributes
                0x00000665       0x2d d:/a_userdownload/clion2cubemx_tool/gcc-arm-none-eabi-10.3-2021.10-win32/gcc-arm-none-eabi-10.3-2021.10/bin/../lib/gcc/arm-none-eabi/10.3.1/../../../../arm-none-eabi/lib/thumb/v7-m/nofp\libg.a(lib_a-fini.o)
 .ARM.attributes
                0x00000692       0x2d d:/a_userdownload/clion2cubemx_tool/gcc-arm-none-eabi-10.3-2021.10-win32/gcc-arm-none-eabi-10.3-2021.10/bin/../lib/gcc/arm-none-eabi/10.3.1/../../../../arm-none-eabi/lib/thumb/v7-m/nofp\libg.a(lib_a-freer.o)
 .ARM.attributes
                0x000006bf       0x2d d:/a_userdownload/clion2cubemx_tool/gcc-arm-none-eabi-10.3-2021.10-win32/gcc-arm-none-eabi-10.3-2021.10/bin/../lib/gcc/arm-none-eabi/10.3.1/../../../../arm-none-eabi/lib/thumb/v7-m/nofp\libg.a(lib_a-fwalk.o)
 .ARM.attributes
                0x000006ec       0x2d d:/a_userdownload/clion2cubemx_tool/gcc-arm-none-eabi-10.3-2021.10-win32/gcc-arm-none-eabi-10.3-2021.10/bin/../lib/gcc/arm-none-eabi/10.3.1/../../../../arm-none-eabi/lib/thumb/v7-m/nofp\libg.a(lib_a-lock.o)
 .ARM.attributes
                0x00000719       0x2d d:/a_userdownload/clion2cubemx_tool/gcc-arm-none-eabi-10.3-2021.10-win32/gcc-arm-none-eabi-10.3-2021.10/bin/../lib/gcc/arm-none-eabi/10.3.1/../../../../arm-none-eabi/lib/thumb/v7-m/nofp\libg.a(lib_a-makebuf.o)
 .ARM.attributes
                0x00000746       0x2d d:/a_userdownload/clion2cubemx_tool/gcc-arm-none-eabi-10.3-2021.10-win32/gcc-arm-none-eabi-10.3-2021.10/bin/../lib/gcc/arm-none-eabi/10.3.1/../../../../arm-none-eabi/lib/thumb/v7-m/nofp\libg.a(lib_a-malloc.o)
 .ARM.attributes
                0x00000773       0x2d d:/a_userdownload/clion2cubemx_tool/gcc-arm-none-eabi-10.3-2021.10-win32/gcc-arm-none-eabi-10.3-2021.10/bin/../lib/gcc/arm-none-eabi/10.3.1/../../../../arm-none-eabi/lib/thumb/v7-m/nofp\libg.a(lib_a-mallocr.o)
 .ARM.attributes
                0x000007a0       0x2d d:/a_userdownload/clion2cubemx_tool/gcc-arm-none-eabi-10.3-2021.10-win32/gcc-arm-none-eabi-10.3-2021.10/bin/../lib/gcc/arm-none-eabi/10.3.1/../../../../arm-none-eabi/lib/thumb/v7-m/nofp\libg.a(lib_a-mlock.o)
 .ARM.attributes
                0x000007cd       0x2d d:/a_userdownload/clion2cubemx_tool/gcc-arm-none-eabi-10.3-2021.10-win32/gcc-arm-none-eabi-10.3-2021.10/bin/../lib/gcc/arm-none-eabi/10.3.1/../../../../arm-none-eabi/lib/thumb/v7-m/nofp\libg.a(lib_a-sbrkr.o)
 .ARM.attributes
                0x000007fa       0x2d d:/a_userdownload/clion2cubemx_tool/gcc-arm-none-eabi-10.3-2021.10-win32/gcc-arm-none-eabi-10.3-2021.10/bin/../lib/gcc/arm-none-eabi/10.3.1/../../../../arm-none-eabi/lib/thumb/v7-m/nofp\libg.a(lib_a-stdio.o)
 .ARM.attributes
                0x00000827       0x2d d:/a_userdownload/clion2cubemx_tool/gcc-arm-none-eabi-10.3-2021.10-win32/gcc-arm-none-eabi-10.3-2021.10/bin/../lib/gcc/arm-none-eabi/10.3.1/../../../../arm-none-eabi/lib/thumb/v7-m/nofp\libg.a(lib_a-writer.o)
 .ARM.attributes
                0x00000854       0x2d d:/a_userdownload/clion2cubemx_tool/gcc-arm-none-eabi-10.3-2021.10-win32/gcc-arm-none-eabi-10.3-2021.10/bin/../lib/gcc/arm-none-eabi/10.3.1/../../../../arm-none-eabi/lib/thumb/v7-m/nofp\libg.a(lib_a-__atexit.o)
 .ARM.attributes
                0x00000881       0x2d d:/a_userdownload/clion2cubemx_tool/gcc-arm-none-eabi-10.3-2021.10-win32/gcc-arm-none-eabi-10.3-2021.10/bin/../lib/gcc/arm-none-eabi/10.3.1/../../../../arm-none-eabi/lib/thumb/v7-m/nofp\libg.a(lib_a-closer.o)
 .ARM.attributes
                0x000008ae       0x2d d:/a_userdownload/clion2cubemx_tool/gcc-arm-none-eabi-10.3-2021.10-win32/gcc-arm-none-eabi-10.3-2021.10/bin/../lib/gcc/arm-none-eabi/10.3.1/../../../../arm-none-eabi/lib/thumb/v7-m/nofp\libg.a(lib_a-fclose.o)
 .ARM.attributes
                0x000008db       0x2d d:/a_userdownload/clion2cubemx_tool/gcc-arm-none-eabi-10.3-2021.10-win32/gcc-arm-none-eabi-10.3-2021.10/bin/../lib/gcc/arm-none-eabi/10.3.1/../../../../arm-none-eabi/lib/thumb/v7-m/nofp\libg.a(lib_a-fstatr.o)
 .ARM.attributes
                0x00000908       0x2d d:/a_userdownload/clion2cubemx_tool/gcc-arm-none-eabi-10.3-2021.10-win32/gcc-arm-none-eabi-10.3-2021.10/bin/../lib/gcc/arm-none-eabi/10.3.1/../../../../arm-none-eabi/lib/thumb/v7-m/nofp\libg.a(lib_a-lseekr.o)
 .ARM.attributes
                0x00000935       0x2d d:/a_userdownload/clion2cubemx_tool/gcc-arm-none-eabi-10.3-2021.10-win32/gcc-arm-none-eabi-10.3-2021.10/bin/../lib/gcc/arm-none-eabi/10.3.1/../../../../arm-none-eabi/lib/thumb/v7-m/nofp\libg.a(lib_a-readr.o)
 .ARM.attributes
                0x00000962       0x2d d:/a_userdownload/clion2cubemx_tool/gcc-arm-none-eabi-10.3-2021.10-win32/gcc-arm-none-eabi-10.3-2021.10/bin/../lib/gcc/arm-none-eabi/10.3.1/../../../../arm-none-eabi/lib/thumb/v7-m/nofp\libg.a(lib_a-reent.o)
 .ARM.attributes
                0x0000098f       0x1d d:/a_userdownload/clion2cubemx_tool/gcc-arm-none-eabi-10.3-2021.10-win32/gcc-arm-none-eabi-10.3-2021.10/bin/../lib/gcc/arm-none-eabi/10.3.1/thumb/v7-m/nofp/crtn.o
OUTPUT(My_Freertos_Template.elf elf32-littlearm)
LOAD linker stubs
LOAD d:/a_userdownload/clion2cubemx_tool/gcc-arm-none-eabi-10.3-2021.10-win32/gcc-arm-none-eabi-10.3-2021.10/bin/../lib/gcc/arm-none-eabi/10.3.1/../../../../arm-none-eabi/lib/thumb/v7-m/nofp\libc.a
LOAD d:/a_userdownload/clion2cubemx_tool/gcc-arm-none-eabi-10.3-2021.10-win32/gcc-arm-none-eabi-10.3-2021.10/bin/../lib/gcc/arm-none-eabi/10.3.1/../../../../arm-none-eabi/lib/thumb/v7-m/nofp\libm.a
LOAD d:/a_userdownload/clion2cubemx_tool/gcc-arm-none-eabi-10.3-2021.10-win32/gcc-arm-none-eabi-10.3-2021.10/bin/../lib/gcc/arm-none-eabi/10.3.1/thumb/v7-m/nofp\libgcc.a

.debug_info     0x00000000    0x18d79
 .debug_info    0x00000000      0xfeb CMakeFiles/My_Freertos_Template.elf.dir/Core/Src/freertos.c.obj
 .debug_info    0x00000feb      0x3db CMakeFiles/My_Freertos_Template.elf.dir/Core/Src/gpio.c.obj
 .debug_info    0x000013c6      0x96f CMakeFiles/My_Freertos_Template.elf.dir/Core/Src/main.c.obj
 .debug_info    0x00001d35      0x387 CMakeFiles/My_Freertos_Template.elf.dir/Core/Src/stm32f1xx_hal_msp.c.obj
 .debug_info    0x000020bc      0xa12 CMakeFiles/My_Freertos_Template.elf.dir/Core/Src/stm32f1xx_hal_timebase_tim.c.obj
 .debug_info    0x00002ace      0x6ae CMakeFiles/My_Freertos_Template.elf.dir/Core/Src/stm32f1xx_it.c.obj
 .debug_info    0x0000317c      0x77f CMakeFiles/My_Freertos_Template.elf.dir/Core/Src/syscalls.c.obj
 .debug_info    0x000038fb      0x248 CMakeFiles/My_Freertos_Template.elf.dir/Core/Src/system_stm32f1xx.c.obj
 .debug_info    0x00003b43      0xaf7 CMakeFiles/My_Freertos_Template.elf.dir/Core/Src/tim.c.obj
 .debug_info    0x0000463a      0x855 CMakeFiles/My_Freertos_Template.elf.dir/Core/Src/usart.c.obj
 .debug_info    0x00004e8f      0x7a8 CMakeFiles/My_Freertos_Template.elf.dir/Drivers/STM32F1xx_HAL_Driver/Src/stm32f1xx_hal.c.obj
 .debug_info    0x00005637      0xd8a CMakeFiles/My_Freertos_Template.elf.dir/Drivers/STM32F1xx_HAL_Driver/Src/stm32f1xx_hal_cortex.c.obj
 .debug_info    0x000063c1      0x66f CMakeFiles/My_Freertos_Template.elf.dir/Drivers/STM32F1xx_HAL_Driver/Src/stm32f1xx_hal_gpio.c.obj
 .debug_info    0x00006a30      0xa3b CMakeFiles/My_Freertos_Template.elf.dir/Drivers/STM32F1xx_HAL_Driver/Src/stm32f1xx_hal_rcc.c.obj
 .debug_info    0x0000746b     0x3d52 CMakeFiles/My_Freertos_Template.elf.dir/Drivers/STM32F1xx_HAL_Driver/Src/stm32f1xx_hal_tim.c.obj
 .debug_info    0x0000b1bd     0x1abb CMakeFiles/My_Freertos_Template.elf.dir/Drivers/STM32F1xx_HAL_Driver/Src/stm32f1xx_hal_tim_ex.c.obj
 .debug_info    0x0000cc78     0x4212 CMakeFiles/My_Freertos_Template.elf.dir/Drivers/STM32F1xx_HAL_Driver/Src/stm32f1xx_hal_uart.c.obj
 .debug_info    0x00010e8a     0x220a CMakeFiles/My_Freertos_Template.elf.dir/Middlewares/Third_Party/FreeRTOS/Source/CMSIS_RTOS/cmsis_os.c.obj
 .debug_info    0x00013094      0x2da CMakeFiles/My_Freertos_Template.elf.dir/Middlewares/Third_Party/FreeRTOS/Source/list.c.obj
 .debug_info    0x0001336e      0x52b CMakeFiles/My_Freertos_Template.elf.dir/Middlewares/Third_Party/FreeRTOS/Source/portable/GCC/ARM_CM3/port.c.obj
 .debug_info    0x00013899      0x471 CMakeFiles/My_Freertos_Template.elf.dir/Middlewares/Third_Party/FreeRTOS/Source/portable/MemMang/heap_4.c.obj
 .debug_info    0x00013d0a     0x281e CMakeFiles/My_Freertos_Template.elf.dir/Middlewares/Third_Party/FreeRTOS/Source/tasks.c.obj
 .debug_info    0x00016528      0x59d CMakeFiles/My_Freertos_Template.elf.dir/User/Src/Data_Structure.c.obj
 .debug_info    0x00016ac5      0xff4 CMakeFiles/My_Freertos_Template.elf.dir/User/Src/OLED.c.obj
 .debug_info    0x00017ab9     0x129e CMakeFiles/My_Freertos_Template.elf.dir/User/Src/retarget.c.obj
 .debug_info    0x00018d57       0x22 CMakeFiles/My_Freertos_Template.elf.dir/startup/startup_stm32f103xb.s.obj

.debug_abbrev   0x00000000     0x34fc
 .debug_abbrev  0x00000000      0x260 CMakeFiles/My_Freertos_Template.elf.dir/Core/Src/freertos.c.obj
 .debug_abbrev  0x00000260      0x13c CMakeFiles/My_Freertos_Template.elf.dir/Core/Src/gpio.c.obj
 .debug_abbrev  0x0000039c      0x217 CMakeFiles/My_Freertos_Template.elf.dir/Core/Src/main.c.obj
 .debug_abbrev  0x000005b3      0x12d CMakeFiles/My_Freertos_Template.elf.dir/Core/Src/stm32f1xx_hal_msp.c.obj
 .debug_abbrev  0x000006e0      0x1ec CMakeFiles/My_Freertos_Template.elf.dir/Core/Src/stm32f1xx_hal_timebase_tim.c.obj
 .debug_abbrev  0x000008cc      0x179 CMakeFiles/My_Freertos_Template.elf.dir/Core/Src/stm32f1xx_it.c.obj
 .debug_abbrev  0x00000a45      0x1da CMakeFiles/My_Freertos_Template.elf.dir/Core/Src/syscalls.c.obj
 .debug_abbrev  0x00000c1f      0x13e CMakeFiles/My_Freertos_Template.elf.dir/Core/Src/system_stm32f1xx.c.obj
 .debug_abbrev  0x00000d5d      0x200 CMakeFiles/My_Freertos_Template.elf.dir/Core/Src/tim.c.obj
 .debug_abbrev  0x00000f5d      0x1c8 CMakeFiles/My_Freertos_Template.elf.dir/Core/Src/usart.c.obj
 .debug_abbrev  0x00001125      0x1f4 CMakeFiles/My_Freertos_Template.elf.dir/Drivers/STM32F1xx_HAL_Driver/Src/stm32f1xx_hal.c.obj
 .debug_abbrev  0x00001319      0x341 CMakeFiles/My_Freertos_Template.elf.dir/Drivers/STM32F1xx_HAL_Driver/Src/stm32f1xx_hal_cortex.c.obj
 .debug_abbrev  0x0000165a      0x1e6 CMakeFiles/My_Freertos_Template.elf.dir/Drivers/STM32F1xx_HAL_Driver/Src/stm32f1xx_hal_gpio.c.obj
 .debug_abbrev  0x00001840      0x27a CMakeFiles/My_Freertos_Template.elf.dir/Drivers/STM32F1xx_HAL_Driver/Src/stm32f1xx_hal_rcc.c.obj
 .debug_abbrev  0x00001aba      0x245 CMakeFiles/My_Freertos_Template.elf.dir/Drivers/STM32F1xx_HAL_Driver/Src/stm32f1xx_hal_tim.c.obj
 .debug_abbrev  0x00001cff      0x248 CMakeFiles/My_Freertos_Template.elf.dir/Drivers/STM32F1xx_HAL_Driver/Src/stm32f1xx_hal_tim_ex.c.obj
 .debug_abbrev  0x00001f47      0x2dd CMakeFiles/My_Freertos_Template.elf.dir/Drivers/STM32F1xx_HAL_Driver/Src/stm32f1xx_hal_uart.c.obj
 .debug_abbrev  0x00002224      0x352 CMakeFiles/My_Freertos_Template.elf.dir/Middlewares/Third_Party/FreeRTOS/Source/CMSIS_RTOS/cmsis_os.c.obj
 .debug_abbrev  0x00002576      0x106 CMakeFiles/My_Freertos_Template.elf.dir/Middlewares/Third_Party/FreeRTOS/Source/list.c.obj
 .debug_abbrev  0x0000267c      0x27e CMakeFiles/My_Freertos_Template.elf.dir/Middlewares/Third_Party/FreeRTOS/Source/portable/GCC/ARM_CM3/port.c.obj
 .debug_abbrev  0x000028fa      0x238 CMakeFiles/My_Freertos_Template.elf.dir/Middlewares/Third_Party/FreeRTOS/Source/portable/MemMang/heap_4.c.obj
 .debug_abbrev  0x00002b32      0x313 CMakeFiles/My_Freertos_Template.elf.dir/Middlewares/Third_Party/FreeRTOS/Source/tasks.c.obj
 .debug_abbrev  0x00002e45      0x1cd CMakeFiles/My_Freertos_Template.elf.dir/User/Src/Data_Structure.c.obj
 .debug_abbrev  0x00003012      0x224 CMakeFiles/My_Freertos_Template.elf.dir/User/Src/OLED.c.obj
 .debug_abbrev  0x00003236      0x2b4 CMakeFiles/My_Freertos_Template.elf.dir/User/Src/retarget.c.obj
 .debug_abbrev  0x000034ea       0x12 CMakeFiles/My_Freertos_Template.elf.dir/startup/startup_stm32f103xb.s.obj

.debug_loc      0x00000000    0x117e7
 .debug_loc     0x00000000       0xcf CMakeFiles/My_Freertos_Template.elf.dir/Core/Src/freertos.c.obj
 .debug_loc     0x000000cf       0x42 CMakeFiles/My_Freertos_Template.elf.dir/Core/Src/main.c.obj
 .debug_loc     0x00000111       0x15 CMakeFiles/My_Freertos_Template.elf.dir/Core/Src/stm32f1xx_hal_msp.c.obj
 .debug_loc     0x00000126       0x89 CMakeFiles/My_Freertos_Template.elf.dir/Core/Src/stm32f1xx_hal_timebase_tim.c.obj
 .debug_loc     0x000001af      0x3c7 CMakeFiles/My_Freertos_Template.elf.dir/Core/Src/syscalls.c.obj
 .debug_loc     0x00000576       0xff CMakeFiles/My_Freertos_Template.elf.dir/Core/Src/system_stm32f1xx.c.obj
 .debug_loc     0x00000675       0x42 CMakeFiles/My_Freertos_Template.elf.dir/Core/Src/tim.c.obj
 .debug_loc     0x000006b7       0x84 CMakeFiles/My_Freertos_Template.elf.dir/Core/Src/usart.c.obj
 .debug_loc     0x0000073b      0x141 CMakeFiles/My_Freertos_Template.elf.dir/Drivers/STM32F1xx_HAL_Driver/Src/stm32f1xx_hal.c.obj
 .debug_loc     0x0000087c      0x71f CMakeFiles/My_Freertos_Template.elf.dir/Drivers/STM32F1xx_HAL_Driver/Src/stm32f1xx_hal_cortex.c.obj
 .debug_loc     0x00000f9b      0x47d CMakeFiles/My_Freertos_Template.elf.dir/Drivers/STM32F1xx_HAL_Driver/Src/stm32f1xx_hal_gpio.c.obj
 .debug_loc     0x00001418      0x618 CMakeFiles/My_Freertos_Template.elf.dir/Drivers/STM32F1xx_HAL_Driver/Src/stm32f1xx_hal_rcc.c.obj
 .debug_loc     0x00001a30     0x50fa CMakeFiles/My_Freertos_Template.elf.dir/Drivers/STM32F1xx_HAL_Driver/Src/stm32f1xx_hal_tim.c.obj
 .debug_loc     0x00006b2a     0x1c93 CMakeFiles/My_Freertos_Template.elf.dir/Drivers/STM32F1xx_HAL_Driver/Src/stm32f1xx_hal_tim_ex.c.obj
 .debug_loc     0x000087bd     0x487b CMakeFiles/My_Freertos_Template.elf.dir/Drivers/STM32F1xx_HAL_Driver/Src/stm32f1xx_hal_uart.c.obj
 .debug_loc     0x0000d038     0x12e6 CMakeFiles/My_Freertos_Template.elf.dir/Middlewares/Third_Party/FreeRTOS/Source/CMSIS_RTOS/cmsis_os.c.obj
 .debug_loc     0x0000e31e       0xad CMakeFiles/My_Freertos_Template.elf.dir/Middlewares/Third_Party/FreeRTOS/Source/list.c.obj
 .debug_loc     0x0000e3cb       0xe8 CMakeFiles/My_Freertos_Template.elf.dir/Middlewares/Third_Party/FreeRTOS/Source/portable/GCC/ARM_CM3/port.c.obj
 .debug_loc     0x0000e4b3      0x331 CMakeFiles/My_Freertos_Template.elf.dir/Middlewares/Third_Party/FreeRTOS/Source/portable/MemMang/heap_4.c.obj
 .debug_loc     0x0000e7e4     0x1dce CMakeFiles/My_Freertos_Template.elf.dir/Middlewares/Third_Party/FreeRTOS/Source/tasks.c.obj
 .debug_loc     0x000105b2      0x532 CMakeFiles/My_Freertos_Template.elf.dir/User/Src/Data_Structure.c.obj
 .debug_loc     0x00010ae4      0x9bc CMakeFiles/My_Freertos_Template.elf.dir/User/Src/OLED.c.obj
 .debug_loc     0x000114a0      0x347 CMakeFiles/My_Freertos_Template.elf.dir/User/Src/retarget.c.obj

.debug_aranges  0x00000000     0x1210
 .debug_aranges
                0x00000000       0x38 CMakeFiles/My_Freertos_Template.elf.dir/Core/Src/freertos.c.obj
 .debug_aranges
                0x00000038       0x20 CMakeFiles/My_Freertos_Template.elf.dir/Core/Src/gpio.c.obj
 .debug_aranges
                0x00000058       0x38 CMakeFiles/My_Freertos_Template.elf.dir/Core/Src/main.c.obj
 .debug_aranges
                0x00000090       0x20 CMakeFiles/My_Freertos_Template.elf.dir/Core/Src/stm32f1xx_hal_msp.c.obj
 .debug_aranges
                0x000000b0       0x30 CMakeFiles/My_Freertos_Template.elf.dir/Core/Src/stm32f1xx_hal_timebase_tim.c.obj
 .debug_aranges
                0x000000e0       0x50 CMakeFiles/My_Freertos_Template.elf.dir/Core/Src/stm32f1xx_it.c.obj
 .debug_aranges
                0x00000130       0x98 CMakeFiles/My_Freertos_Template.elf.dir/Core/Src/syscalls.c.obj
 .debug_aranges
                0x000001c8       0x28 CMakeFiles/My_Freertos_Template.elf.dir/Core/Src/system_stm32f1xx.c.obj
 .debug_aranges
                0x000001f0       0x38 CMakeFiles/My_Freertos_Template.elf.dir/Core/Src/tim.c.obj
 .debug_aranges
                0x00000228       0x30 CMakeFiles/My_Freertos_Template.elf.dir/Core/Src/usart.c.obj
 .debug_aranges
                0x00000258       0xe0 CMakeFiles/My_Freertos_Template.elf.dir/Drivers/STM32F1xx_HAL_Driver/Src/stm32f1xx_hal.c.obj
 .debug_aranges
                0x00000338       0x90 CMakeFiles/My_Freertos_Template.elf.dir/Drivers/STM32F1xx_HAL_Driver/Src/stm32f1xx_hal_cortex.c.obj
 .debug_aranges
                0x000003c8       0x58 CMakeFiles/My_Freertos_Template.elf.dir/Drivers/STM32F1xx_HAL_Driver/Src/stm32f1xx_hal_gpio.c.obj
 .debug_aranges
                0x00000420       0x90 CMakeFiles/My_Freertos_Template.elf.dir/Drivers/STM32F1xx_HAL_Driver/Src/stm32f1xx_hal_rcc.c.obj
 .debug_aranges
                0x000004b0      0x3d0 CMakeFiles/My_Freertos_Template.elf.dir/Drivers/STM32F1xx_HAL_Driver/Src/stm32f1xx_hal_tim.c.obj
 .debug_aranges
                0x00000880      0x168 CMakeFiles/My_Freertos_Template.elf.dir/Drivers/STM32F1xx_HAL_Driver/Src/stm32f1xx_hal_tim_ex.c.obj
 .debug_aranges
                0x000009e8      0x208 CMakeFiles/My_Freertos_Template.elf.dir/Drivers/STM32F1xx_HAL_Driver/Src/stm32f1xx_hal_uart.c.obj
 .debug_aranges
                0x00000bf0      0x1d8 CMakeFiles/My_Freertos_Template.elf.dir/Middlewares/Third_Party/FreeRTOS/Source/CMSIS_RTOS/cmsis_os.c.obj
 .debug_aranges
                0x00000dc8       0x40 CMakeFiles/My_Freertos_Template.elf.dir/Middlewares/Third_Party/FreeRTOS/Source/list.c.obj
 .debug_aranges
                0x00000e08       0x78 CMakeFiles/My_Freertos_Template.elf.dir/Middlewares/Third_Party/FreeRTOS/Source/portable/GCC/ARM_CM3/port.c.obj
 .debug_aranges
                0x00000e80       0x50 CMakeFiles/My_Freertos_Template.elf.dir/Middlewares/Third_Party/FreeRTOS/Source/portable/MemMang/heap_4.c.obj
 .debug_aranges
                0x00000ed0      0x1a8 CMakeFiles/My_Freertos_Template.elf.dir/Middlewares/Third_Party/FreeRTOS/Source/tasks.c.obj
 .debug_aranges
                0x00001078       0x60 CMakeFiles/My_Freertos_Template.elf.dir/User/Src/Data_Structure.c.obj
 .debug_aranges
                0x000010d8       0xc8 CMakeFiles/My_Freertos_Template.elf.dir/User/Src/OLED.c.obj
 .debug_aranges
                0x000011a0       0x48 CMakeFiles/My_Freertos_Template.elf.dir/User/Src/retarget.c.obj
 .debug_aranges
                0x000011e8       0x28 CMakeFiles/My_Freertos_Template.elf.dir/startup/startup_stm32f103xb.s.obj

.debug_ranges   0x00000000     0x11e0
 .debug_ranges  0x00000000       0x28 CMakeFiles/My_Freertos_Template.elf.dir/Core/Src/freertos.c.obj
 .debug_ranges  0x00000028       0x10 CMakeFiles/My_Freertos_Template.elf.dir/Core/Src/gpio.c.obj
 .debug_ranges  0x00000038       0x28 CMakeFiles/My_Freertos_Template.elf.dir/Core/Src/main.c.obj
 .debug_ranges  0x00000060       0x10 CMakeFiles/My_Freertos_Template.elf.dir/Core/Src/stm32f1xx_hal_msp.c.obj
 .debug_ranges  0x00000070       0x20 CMakeFiles/My_Freertos_Template.elf.dir/Core/Src/stm32f1xx_hal_timebase_tim.c.obj
 .debug_ranges  0x00000090       0x40 CMakeFiles/My_Freertos_Template.elf.dir/Core/Src/stm32f1xx_it.c.obj
 .debug_ranges  0x000000d0       0x88 CMakeFiles/My_Freertos_Template.elf.dir/Core/Src/syscalls.c.obj
 .debug_ranges  0x00000158       0x18 CMakeFiles/My_Freertos_Template.elf.dir/Core/Src/system_stm32f1xx.c.obj
 .debug_ranges  0x00000170       0x28 CMakeFiles/My_Freertos_Template.elf.dir/Core/Src/tim.c.obj
 .debug_ranges  0x00000198       0x20 CMakeFiles/My_Freertos_Template.elf.dir/Core/Src/usart.c.obj
 .debug_ranges  0x000001b8       0xd0 CMakeFiles/My_Freertos_Template.elf.dir/Drivers/STM32F1xx_HAL_Driver/Src/stm32f1xx_hal.c.obj
 .debug_ranges  0x00000288       0xe0 CMakeFiles/My_Freertos_Template.elf.dir/Drivers/STM32F1xx_HAL_Driver/Src/stm32f1xx_hal_cortex.c.obj
 .debug_ranges  0x00000368       0x48 CMakeFiles/My_Freertos_Template.elf.dir/Drivers/STM32F1xx_HAL_Driver/Src/stm32f1xx_hal_gpio.c.obj
 .debug_ranges  0x000003b0       0xa0 CMakeFiles/My_Freertos_Template.elf.dir/Drivers/STM32F1xx_HAL_Driver/Src/stm32f1xx_hal_rcc.c.obj
 .debug_ranges  0x00000450      0x3c0 CMakeFiles/My_Freertos_Template.elf.dir/Drivers/STM32F1xx_HAL_Driver/Src/stm32f1xx_hal_tim.c.obj
 .debug_ranges  0x00000810      0x158 CMakeFiles/My_Freertos_Template.elf.dir/Drivers/STM32F1xx_HAL_Driver/Src/stm32f1xx_hal_tim_ex.c.obj
 .debug_ranges  0x00000968      0x210 CMakeFiles/My_Freertos_Template.elf.dir/Drivers/STM32F1xx_HAL_Driver/Src/stm32f1xx_hal_uart.c.obj
 .debug_ranges  0x00000b78      0x1c8 CMakeFiles/My_Freertos_Template.elf.dir/Middlewares/Third_Party/FreeRTOS/Source/CMSIS_RTOS/cmsis_os.c.obj
 .debug_ranges  0x00000d40       0x30 CMakeFiles/My_Freertos_Template.elf.dir/Middlewares/Third_Party/FreeRTOS/Source/list.c.obj
 .debug_ranges  0x00000d70       0x68 CMakeFiles/My_Freertos_Template.elf.dir/Middlewares/Third_Party/FreeRTOS/Source/portable/GCC/ARM_CM3/port.c.obj