Archive member included to satisfy reference by file (symbol)

d:/a_userdownload/clion2cubemx_tool/gcc-arm-none-eabi-10.3-2021.10-win32/gcc-arm-none-eabi-10.3-2021.10/bin/../lib/gcc/arm-none-eabi/10.3.1/thumb/v7-m/nofp\libgcc.a(_arm_mulsf3.o)
                              CMakeFiles/My_FlyBack.elf.dir/User/Src/OLED.c.obj (__aeabi_fmul)
d:/a_userdownload/clion2cubemx_tool/gcc-arm-none-eabi-10.3-2021.10-win32/gcc-arm-none-eabi-10.3-2021.10/bin/../lib/gcc/arm-none-eabi/10.3.1/thumb/v7-m/nofp\libgcc.a(_arm_addsubsf3.o)
                              CMakeFiles/My_FlyBack.elf.dir/User/Src/OLED.c.obj (__aeabi_fsub)
d:/a_userdownload/clion2cubemx_tool/gcc-arm-none-eabi-10.3-2021.10-win32/gcc-arm-none-eabi-10.3-2021.10/bin/../lib/gcc/arm-none-eabi/10.3.1/thumb/v7-m/nofp\libgcc.a(_arm_cmpsf2.o)
                              CMakeFiles/My_FlyBack.elf.dir/User/Src/OLED.c.obj (__aeabi_fcmpge)
d:/a_userdownload/clion2cubemx_tool/gcc-arm-none-eabi-10.3-2021.10-win32/gcc-arm-none-eabi-10.3-2021.10/bin/../lib/gcc/arm-none-eabi/10.3.1/thumb/v7-m/nofp\libgcc.a(_arm_fixsfsi.o)
                              CMakeFiles/My_FlyBack.elf.dir/User/Src/OLED.c.obj (__aeabi_f2iz)
d:/a_userdownload/clion2cubemx_tool/gcc-arm-none-eabi-10.3-2021.10-win32/gcc-arm-none-eabi-10.3-2021.10/bin/../lib/gcc/arm-none-eabi/10.3.1/../../../../arm-none-eabi/lib/thumb/v7-m/nofp\libg.a(lib_a-assert.o)
                              CMakeFiles/My_FlyBack.elf.dir/User/Src/core_json.c.obj (__assert_func)
d:/a_userdownload/clion2cubemx_tool/gcc-arm-none-eabi-10.3-2021.10-win32/gcc-arm-none-eabi-10.3-2021.10/bin/../lib/gcc/arm-none-eabi/10.3.1/../../../../arm-none-eabi/lib/thumb/v7-m/nofp\libg.a(lib_a-errno.o)
                              CMakeFiles/My_FlyBack.elf.dir/Core/Src/syscalls.c.obj (__errno)
d:/a_userdownload/clion2cubemx_tool/gcc-arm-none-eabi-10.3-2021.10-win32/gcc-arm-none-eabi-10.3-2021.10/bin/../lib/gcc/arm-none-eabi/10.3.1/../../../../arm-none-eabi/lib/thumb/v7-m/nofp\libg.a(lib_a-exit.o)
                              d:/a_userdownload/clion2cubemx_tool/gcc-arm-none-eabi-10.3-2021.10-win32/gcc-arm-none-eabi-10.3-2021.10/bin/../lib/gcc/arm-none-eabi/10.3.1/../../../../arm-none-eabi/lib/thumb/v7-m/nofp/crt0.o (exit)
d:/a_userdownload/clion2cubemx_tool/gcc-arm-none-eabi-10.3-2021.10-win32/gcc-arm-none-eabi-10.3-2021.10/bin/../lib/gcc/arm-none-eabi/10.3.1/../../../../arm-none-eabi/lib/thumb/v7-m/nofp\libg.a(lib_a-fiprintf.o)
                              d:/a_userdownload/clion2cubemx_tool/gcc-arm-none-eabi-10.3-2021.10-win32/gcc-arm-none-eabi-10.3-2021.10/bin/../lib/gcc/arm-none-eabi/10.3.1/../../../../arm-none-eabi/lib/thumb/v7-m/nofp\libg.a(lib_a-assert.o) (fiprintf)
d:/a_userdownload/clion2cubemx_tool/gcc-arm-none-eabi-10.3-2021.10-win32/gcc-arm-none-eabi-10.3-2021.10/bin/../lib/gcc/arm-none-eabi/10.3.1/../../../../arm-none-eabi/lib/thumb/v7-m/nofp\libg.a(lib_a-impure.o)
                              d:/a_userdownload/clion2cubemx_tool/gcc-arm-none-eabi-10.3-2021.10-win32/gcc-arm-none-eabi-10.3-2021.10/bin/../lib/gcc/arm-none-eabi/10.3.1/../../../../arm-none-eabi/lib/thumb/v7-m/nofp\libg.a(lib_a-exit.o) (_global_impure_ptr)
d:/a_userdownload/clion2cubemx_tool/gcc-arm-none-eabi-10.3-2021.10-win32/gcc-arm-none-eabi-10.3-2021.10/bin/../lib/gcc/arm-none-eabi/10.3.1/../../../../arm-none-eabi/lib/thumb/v7-m/nofp\libg.a(lib_a-init.o)
                              d:/a_userdownload/clion2cubemx_tool/gcc-arm-none-eabi-10.3-2021.10-win32/gcc-arm-none-eabi-10.3-2021.10/bin/../lib/gcc/arm-none-eabi/10.3.1/../../../../arm-none-eabi/lib/thumb/v7-m/nofp/crt0.o (__libc_init_array)
d:/a_userdownload/clion2cubemx_tool/gcc-arm-none-eabi-10.3-2021.10-win32/gcc-arm-none-eabi-10.3-2021.10/bin/../lib/gcc/arm-none-eabi/10.3.1/../../../../arm-none-eabi/lib/thumb/v7-m/nofp\libg.a(lib_a-malloc.o)
                              CMakeFiles/My_FlyBack.elf.dir/User/Src/Uart_RxPackgae.c.obj (malloc)
d:/a_userdownload/clion2cubemx_tool/gcc-arm-none-eabi-10.3-2021.10-win32/gcc-arm-none-eabi-10.3-2021.10/bin/../lib/gcc/arm-none-eabi/10.3.1/../../../../arm-none-eabi/lib/thumb/v7-m/nofp\libg.a(lib_a-mallocr.o)
                              d:/a_userdownload/clion2cubemx_tool/gcc-arm-none-eabi-10.3-2021.10-win32/gcc-arm-none-eabi-10.3-2021.10/bin/../lib/gcc/arm-none-eabi/10.3.1/../../../../arm-none-eabi/lib/thumb/v7-m/nofp\libg.a(lib_a-malloc.o) (_malloc_r)
d:/a_userdownload/clion2cubemx_tool/gcc-arm-none-eabi-10.3-2021.10-win32/gcc-arm-none-eabi-10.3-2021.10/bin/../lib/gcc/arm-none-eabi/10.3.1/../../../../arm-none-eabi/lib/thumb/v7-m/nofp\libg.a(lib_a-memcpy.o)
                              CMakeFiles/My_FlyBack.elf.dir/Middlewares/Third_Party/FreeRTOS/Source/queue.c.obj (memcpy)
d:/a_userdownload/clion2cubemx_tool/gcc-arm-none-eabi-10.3-2021.10-win32/gcc-arm-none-eabi-10.3-2021.10/bin/../lib/gcc/arm-none-eabi/10.3.1/../../../../arm-none-eabi/lib/thumb/v7-m/nofp\libg.a(lib_a-memset.o)
[...]
Memory Configuration

Name             Origin             Length             Attributes
RAM              0x20000000         0x00005000         xrw
FLASH            0x08000000         0x00010000         xr
*default*        0x00000000         0xffffffff

Linker script and memory map

LOAD d:/a_userdownload/clion2cubemx_tool/gcc-arm-none-eabi-10.3-2021.10-win32/gcc-arm-none-eabi-10.3-2021.10/bin/../lib/gcc/arm-none-eabi/10.3.1/thumb/v7-m/nofp/crti.o
LOAD d:/a_userdownload/clion2cubemx_tool/gcc-arm-none-eabi-10.3-2021.10-win32/gcc-arm-none-eabi-10.3-2021.10/bin/../lib/gcc/arm-none-eabi/10.3.1/thumb/v7-m/nofp/crtbegin.o
LOAD d:/a_userdownload/clion2cubemx_tool/gcc-arm-none-eabi-10.3-2021.10-win32/gcc-arm-none-eabi-10.3-2021.10/bin/../lib/gcc/arm-none-eabi/10.3.1/../../../../arm-none-eabi/lib/thumb/v7-m/nofp/crt0.o
LOAD CMakeFiles/My_FlyBack.elf.dir/Core/Src/dma.c.obj
LOAD CMakeFiles/My_FlyBack.elf.dir/Core/Src/freertos.c.obj
LOAD CMakeFiles/My_FlyBack.elf.dir/Core/Src/gpio.c.obj
LOAD CMakeFiles/My_FlyBack.elf.dir/Core/Src/main.c.obj
LOAD CMakeFiles/My_FlyBack.elf.dir/Core/Src/spi.c.obj
LOAD CMakeFiles/My_FlyBack.elf.dir/Core/Src/stm32f1xx_hal_msp.c.obj
LOAD CMakeFiles/My_FlyBack.elf.dir/Core/Src/stm32f1xx_it.c.obj
LOAD CMakeFiles/My_FlyBack.elf.dir/Core/Src/syscalls.c.obj
LOAD CMakeFiles/My_FlyBack.elf.dir/Core/Src/system_stm32f1xx.c.obj
LOAD CMakeFiles/My_FlyBack.elf.dir/Core/Src/tim.c.obj
LOAD CMakeFiles/My_FlyBack.elf.dir/Core/Src/usart.c.obj
LOAD CMakeFiles/My_FlyBack.elf.dir/Drivers/STM32F1xx_HAL_Driver/Src/stm32f1xx_hal.c.obj
LOAD CMakeFiles/My_FlyBack.elf.dir/Drivers/STM32F1xx_HAL_Driver/Src/stm32f1xx_hal_cortex.c.obj
LOAD CMakeFiles/My_FlyBack.elf.dir/Drivers/STM32F1xx_HAL_Driver/Src/stm32f1xx_hal_dma.c.obj
LOAD CMakeFiles/My_FlyBack.elf.dir/Drivers/STM32F1xx_HAL_Driver/Src/stm32f1xx_hal_exti.c.obj
LOAD CMakeFiles/My_FlyBack.elf.dir/Drivers/STM32F1xx_HAL_Driver/Src/stm32f1xx_hal_flash.c.obj
LOAD CMakeFiles/My_FlyBack.elf.dir/Drivers/STM32F1xx_HAL_Driver/Src/stm32f1xx_hal_flash_ex.c.obj
LOAD CMakeFiles/My_FlyBack.elf.dir/Drivers/STM32F1xx_HAL_Driver/Src/stm32f1xx_hal_gpio.c.obj
LOAD CMakeFiles/My_FlyBack.elf.dir/Drivers/STM32F1xx_HAL_Driver/Src/stm32f1xx_hal_gpio_ex.c.obj
LOAD CMakeFiles/My_FlyBack.elf.dir/Drivers/STM32F1xx_HAL_Driver/Src/stm32f1xx_hal_pwr.c.obj
LOAD CMakeFiles/My_FlyBack.elf.dir/Drivers/STM32F1xx_HAL_Driver/Src/stm32f1xx_hal_rcc.c.obj
LOAD CMakeFiles/My_FlyBack.elf.dir/Drivers/STM32F1xx_HAL_Driver/Src/stm32f1xx_hal_rcc_ex.c.obj
LOAD CMakeFiles/My_FlyBack.elf.dir/Drivers/STM32F1xx_HAL_Driver/Src/stm32f1xx_hal_spi.c.obj
LOAD CMakeFiles/My_FlyBack.elf.dir/Drivers/STM32F1xx_HAL_Driver/Src/stm32f1xx_hal_tim.c.obj
LOAD CMakeFiles/My_FlyBack.elf.dir/Drivers/STM32F1xx_HAL_Driver/Src/stm32f1xx_hal_tim_ex.c.obj
LOAD CMakeFiles/My_FlyBack.elf.dir/Drivers/STM32F1xx_HAL_Driver/Src/stm32f1xx_hal_uart.c.obj
LOAD CMakeFiles/My_FlyBack.elf.dir/Middlewares/Third_Party/FreeRTOS/Source/CMSIS_RTOS/cmsis_os.c.obj
LOAD CMakeFiles/My_FlyBack.elf.dir/Middlewares/Third_Party/FreeRTOS/Source/croutine.c.obj
LOAD CMakeFiles/My_FlyBack.elf.dir/Middlewares/Third_Party/FreeRTOS/Source/event_groups.c.obj
LOAD CMakeFiles/My_FlyBack.elf.dir/Middlewares/Third_Party/FreeRTOS/Source/list.c.obj
LOAD CMakeFiles/My_FlyBack.elf.dir/Middlewares/Third_Party/FreeRTOS/Source/portable/GCC/ARM_CM3/port.c.obj
LOAD CMakeFiles/My_FlyBack.elf.dir/Middlewares/Third_Party/FreeRTOS/Source/portable/MemMang/heap_4.c.obj
LOAD CMakeFiles/My_FlyBack.elf.dir/Middlewares/Third_Party/FreeRTOS/Source/queue.c.obj
LOAD CMakeFiles/My_FlyBack.elf.dir/Middlewares/Third_Party/FreeRTOS/Source/stream_buffer.c.obj
LOAD CMakeFiles/My_FlyBack.elf.dir/Middlewares/Third_Party/FreeRTOS/Source/tasks.c.obj
LOAD CMakeFiles/My_FlyBack.elf.dir/Middlewares/Third_Party/FreeRTOS/Source/timers.c.obj
LOAD CMakeFiles/My_FlyBack.elf.dir/User/Src/Delay.c.obj
LOAD CMakeFiles/My_FlyBack.elf.dir/User/Src/ESP32_MQTT.c.obj
LOAD CMakeFiles/My_FlyBack.elf.dir/User/Src/LED_Ribbon.c.obj
LOAD CMakeFiles/My_FlyBack.elf.dir/User/Src/MFRC522.c.obj
LOAD CMakeFiles/My_FlyBack.elf.dir/User/Src/Motor.c.obj
LOAD CMakeFiles/My_FlyBack.elf.dir/User/Src/MyKey.c.obj
LOAD CMakeFiles/My_FlyBack.elf.dir/User/Src/OLED.c.obj
LOAD CMakeFiles/My_FlyBack.elf.dir/User/Src/Uart_RxPackgae.c.obj
LOAD CMakeFiles/My_FlyBack.elf.dir/User/Src/core_json.c.obj
LOAD CMakeFiles/My_FlyBack.elf.dir/User/Src/retarget.c.obj
LOAD CMakeFiles/My_FlyBack.elf.dir/startup/startup_stm32f103xb.s.obj
START GROUP
LOAD d:/a_userdownload/clion2cubemx_tool/gcc-arm-none-eabi-10.3-2021.10-win32/gcc-arm-none-eabi-10.3-2021.10/bin/../lib/gcc/arm-none-eabi/10.3.1/thumb/v7-m/nofp\libgcc.a
LOAD d:/a_userdownload/clion2cubemx_tool/gcc-arm-none-eabi-10.3-2021.10-win32/gcc-arm-none-eabi-10.3-2021.10/bin/../lib/gcc/arm-none-eabi/10.3.1/../../../../arm-none-eabi/lib/thumb/v7-m/nofp\libg.a
LOAD d:/a_userdownload/clion2cubemx_tool/gcc-arm-none-eabi-10.3-2021.10-win32/gcc-arm-none-eabi-10.3-2021.10/bin/../lib/gcc/arm-none-eabi/10.3.1/../../../../arm-none-eabi/lib/thumb/v7-m/nofp\libc.a
END GROUP
LOAD d:/a_userdownload/clion2cubemx_tool/gcc-arm-none-eabi-10.3-2021.10-win32/gcc-arm-none-eabi-10.3-2021.10/bin/../lib/gcc/arm-none-eabi/10.3.1/thumb/v7-m/nofp/crtend.o
LOAD d:/a_userdownload/clion2cubemx_tool/gcc-arm-none-eabi-10.3-2021.10-win32/gcc-arm-none-eabi-10.3-2021.10/bin/../lib/gcc/arm-none-eabi/10.3.1/thumb/v7-m/nofp/crtn.o
                0x20005000                _estack = (ORIGIN (RAM) + LENGTH (RAM))
                0x00000200                _Min_Heap_Size = 0x200
                0x00000400                _Min_Stack_Size = 0x400

.isr_vector     0x08000000      0x10c
                0x08000000                . = ALIGN (0x4)
 *(.isr_vector)
 .isr_vector    0x08000000      0x10c CMakeFiles/My_FlyBack.elf.dir/startup/startup_stm32f103xb.s.obj
                0x08000000                g_pfnVectors
                0x0800010c                . = ALIGN (0x4)

.text           0x08000110     0xcd5c
                0x08000110                . = ALIGN (0x4)
 *(.text)
 .text          0x08000110       0x40 d:/a_userdownload/clion2cubemx_tool/gcc-arm-none-eabi-10.3-2021.10-win32/gcc-arm-none-eabi-10.3-2021.10/bin/../lib/gcc/arm-none-eabi/10.3.1/thumb/v7-m/nofp/crtbegin.o
 .text          0x08000150       0xec d:/a_userdownload/clion2cubemx_tool/gcc-arm-none-eabi-10.3-2021.10-win32/gcc-arm-none-eabi-10.3-2021.10/bin/../lib/gcc/arm-none-eabi/10.3.1/../../../../arm-none-eabi/lib/thumb/v7-m/nofp\libg.a(lib_a-memcpy.o)
                0x08000150                memcpy
 .text          0x0800023c      0x378 d:/a_userdownload/clion2cubemx_tool/gcc-arm-none-eabi-10.3-2021.10-win32/gcc-arm-none-eabi-10.3-2021.10/bin/../lib/gcc/arm-none-eabi/10.3.1/thumb/v7-m/nofp\libgcc.a(_arm_addsubdf3.o)
                0x0800023c                __aeabi_drsub
                0x08000244                __aeabi_dsub
                0x08000244                __subdf3
                0x08000248                __aeabi_dadd
                0x08000248                __adddf3
                0x080004c0                __floatunsidf
                0x080004c0                __aeabi_ui2d
                0x080004e0                __floatsidf
                0x080004e0                __aeabi_i2d
                0x08000504                __aeabi_f2d
                0x08000504                __extendsfdf2
                0x08000548                __floatundidf
                0x08000548                __aeabi_ul2d
                0x08000558                __floatdidf
                0x08000558                __aeabi_l2d
 .text          0x080005b4      0x424 d:/a_userdownload/clion2cubemx_tool/gcc-arm-none-eabi-10.3-2021.10-win32/gcc-arm-none-eabi-10.3-2021.10/bin/../lib/gcc/arm-none-eabi/10.3.1/thumb/v7-m/nofp\libgcc.a(_arm_muldivdf3.o)
                0x080005b4                __aeabi_dmul
                0x080005b4                __muldf3
                0x08000808                __divdf3
                0x08000808                __aeabi_ddiv
 .text          0x080009d8      0x110 d:/a_userdownload/clion2cubemx_tool/gcc-arm-none-eabi-10.3-2021.10-win32/gcc-arm-none-eabi-10.3-2021.10/bin/../lib/gcc/arm-none-eabi/10.3.1/thumb/v7-m/nofp\libgcc.a(_arm_cmpdf2.o)
                0x080009d8                __gtdf2
                0x080009d8                __gedf2
                0x080009e0                __ltdf2
                0x080009e0                __ledf2
                0x080009e8                __nedf2
                0x080009e8                __eqdf2
                0x080009e8                __cmpdf2
                0x08000a64                __aeabi_cdrcmple
                0x08000a74                __aeabi_cdcmpeq
                0x08000a74                __aeabi_cdcmple
                0x08000a84                __aeabi_dcmpeq
                0x08000a98                __aeabi_dcmplt
                0x08000aac                __aeabi_dcmple
                0x08000ac0                __aeabi_dcmpge
                0x08000ad4                __aeabi_dcmpgt
 .text          0x08000ae8       0x2c d:/a_userdownload/clion2cubemx_tool/gcc-arm-none-eabi-10.3-2021.10-win32/gcc-arm-none-eabi-10.3-2021.10/bin/../lib/gcc/arm-none-eabi/10.3.1/thumb/v7-m/nofp\libgcc.a(_arm_unorddf2.o)
                0x08000ae8                __unorddf2
                0x08000ae8                __aeabi_dcmpun
 .text          0x08000b14       0x50 d:/a_userdownload/clion2cubemx_tool/gcc-arm-none-eabi-10.3-2021.10-win32/gcc-arm-none-eabi-10.3-2021.10/bin/../lib/gcc/arm-none-eabi/10.3.1/thumb/v7-m/nofp\libgcc.a(_arm_fixdfsi.o)
                0x08000b14                __aeabi_d2iz
                0x08000b14                __fixdfsi
 .text          0x08000b64       0x30 d:/a_userdownload/clion2cubemx_tool/gcc-arm-none-eabi-10.3-2021.10-win32/gcc-arm-none-eabi-10.3-2021.10/bin/../lib/gcc/arm-none-eabi/10.3.1/thumb/v7-m/nofp\libgcc.a(_aeabi_uldivmod.o)
                0x08000b64                __aeabi_uldivmod
 .text          0x08000b94      0x2d4 d:/a_userdownload/clion2cubemx_tool/gcc-arm-none-eabi-10.3-2021.10-win32/gcc-arm-none-eabi-10.3-2021.10/bin/../lib/gcc/arm-none-eabi/10.3.1/thumb/v7-m/nofp\libgcc.a(_udivmoddi4.o)
                0x08000b94                __udivmoddi4
 .text          0x08000e68        0x4 d:/a_userdownload/clion2cubemx_tool/gcc-arm-none-eabi-10.3-2021.10-win32/gcc-arm-none-eabi-10.3-2021.10/bin/../lib/gcc/arm-none-eabi/10.3.1/thumb/v7-m/nofp\libgcc.a(_dvmd_tls.o)
                0x08000e68                __aeabi_idiv0
                0x08000e68                __aeabi_ldiv0
 *(.text*)
 .text.MX_DMA_Init
                0x08000e6c       0x64 CMakeFiles/My_FlyBack.elf.dir/Core/Src/dma.c.obj
                0x08000e6c                MX_DMA_Init
 .text.StartDefaultTask
                0x08000ed0      0x110 CMakeFiles/My_FlyBack.elf.dir/Core/Src/freertos.c.obj
                0x08000ed0                StartDefaultTask
 .text.StartTask02
                0x08000fe0       0x30 CMakeFiles/My_FlyBack.elf.dir/Core/Src/freertos.c.obj
                0x08000fe0                StartTask02
 .text.vApplicationGetIdleTaskMemory
                0x08001010       0x18 CMakeFiles/My_FlyBack.elf.dir/Core/Src/freertos.c.obj
                0x08001010                vApplicationGetIdleTaskMemory
 .text.MX_FREERTOS_Init
                0x08001028       0xe4 CMakeFiles/My_FlyBack.elf.dir/Core/Src/freertos.c.obj
                0x08001028                MX_FREERTOS_Init
 .text.MX_GPIO_Init
                0x0800110c      0x128 CMakeFiles/My_FlyBack.elf.dir/Core/Src/gpio.c.obj
                0x0800110c                MX_GPIO_Init
 .text.Error_Handler
                0x08001234        0x4 CMakeFiles/My_FlyBack.elf.dir/Core/Src/main.c.obj
                0x08001234                Error_Handler
 .text.SystemClock_Config
                0x08001238       0x64 CMakeFiles/My_FlyBack.elf.dir/Core/Src/main.c.obj
                0x08001238                SystemClock_Config
 .text.main     0x0800129c       0x40 CMakeFiles/My_FlyBack.elf.dir/Core/Src/main.c.obj
                0x0800129c                main
 .text.MX_SPI1_Init
                0x080012dc       0x44 CMakeFiles/My_FlyBack.elf.dir/Core/Src/spi.c.obj
                0x080012dc                MX_SPI1_Init
 .text.HAL_SPI_MspInit
                0x08001320       0xac CMakeFiles/My_FlyBack.elf.dir/Core/Src/spi.c.obj
                0x08001320                HAL_SPI_MspInit
 .text.HAL_MspInit
                0x080013cc       0x54 CMakeFiles/My_FlyBack.elf.dir/Core/Src/stm32f1xx_hal_msp.c.obj
                0x080013cc                HAL_MspInit
 .text.NMI_Handler
                0x08001420        0x2 CMakeFiles/My_FlyBack.elf.dir/Core/Src/stm32f1xx_it.c.obj
                0x08001420                NMI_Handler
 .text.HardFault_Handler
                0x08001422        0x2 CMakeFiles/My_FlyBack.elf.dir/Core/Src/stm32f1xx_it.c.obj
                0x08001422                HardFault_Handler
 .text.MemManage_Handler
                0x08001424        0x2 CMakeFiles/My_FlyBack.elf.dir/Core/Src/stm32f1xx_it.c.obj
                0x08001424                MemManage_Handler
 .text.BusFault_Handler
                0x08001426        0x2 CMakeFiles/My_FlyBack.elf.dir/Core/Src/stm32f1xx_it.c.obj
                0x08001426                BusFault_Handler
 .text.UsageFault_Handler
                0x08001428        0x2 CMakeFiles/My_FlyBack.elf.dir/Core/Src/stm32f1xx_it.c.obj
                0x08001428                UsageFault_Handler
 .text.DebugMon_Handler
                0x0800142a        0x2 CMakeFiles/My_FlyBack.elf.dir/Core/Src/stm32f1xx_it.c.obj
                0x0800142a                DebugMon_Handler
 .text.SysTick_Handler
                0x0800142c       0x16 CMakeFiles/My_FlyBack.elf.dir/Core/Src/stm32f1xx_it.c.obj
                0x0800142c                SysTick_Handler
 *fill*         0x08001442        0x2 
 .text.DMA1_Channel3_IRQHandler
                0x08001444       0x10 CMakeFiles/My_FlyBack.elf.dir/Core/Src/stm32f1xx_it.c.obj
                0x08001444                DMA1_Channel3_IRQHandler
 .text.DMA1_Channel4_IRQHandler
                0x08001454       0x10 CMakeFiles/My_FlyBack.elf.dir/Core/Src/stm32f1xx_it.c.obj
                0x08001454                DMA1_Channel4_IRQHandler
 .text.DMA1_Channel6_IRQHandler
                0x08001464       0x10 CMakeFiles/My_FlyBack.elf.dir/Core/Src/stm32f1xx_it.c.obj
                0x08001464                DMA1_Channel6_IRQHandler
 .text.DMA1_Channel7_IRQHandler
                0x08001474       0x10 CMakeFiles/My_FlyBack.elf.dir/Core/Src/stm32f1xx_it.c.obj
                0x08001474                DMA1_Channel7_IRQHandler
 .text.TIM2_IRQHandler
                0x08001484       0x10 CMakeFiles/My_FlyBack.elf.dir/Core/Src/stm32f1xx_it.c.obj
                0x08001484                TIM2_IRQHandler
 .text.TIM3_IRQHandler
                0x08001494       0x10 CMakeFiles/My_FlyBack.elf.dir/Core/Src/stm32f1xx_it.c.obj
                0x08001494                TIM3_IRQHandler
 .text.USART1_IRQHandler
                0x080014a4       0x10 CMakeFiles/My_FlyBack.elf.dir/Core/Src/stm32f1xx_it.c.obj
                0x080014a4                USART1_IRQHandler
 .text.USART2_IRQHandler
                0x080014b4       0x10 CMakeFiles/My_FlyBack.elf.dir/Core/Src/stm32f1xx_it.c.obj
                0x080014b4                USART2_IRQHandler
 .text.HAL_TIM_PeriodElapsedCallback
                0x080014c4       0xe0 CMakeFiles/My_FlyBack.elf.dir/Core/Src/stm32f1xx_it.c.obj
                0x080014c4                HAL_TIM_PeriodElapsedCallback
 .text.HAL_UART_RxCpltCallback
                0x080015a4       0x28 CMakeFiles/My_FlyBack.elf.dir/Core/Src/stm32f1xx_it.c.obj
                0x080015a4                HAL_UART_RxCpltCallback
 .text._getpid  0x080015cc        0x4 CMakeFiles/My_FlyBack.elf.dir/Core/Src/syscalls.c.obj
                0x080015cc                _getpid
 .text._kill    0x080015d0       0x10 CMakeFiles/My_FlyBack.elf.dir/Core/Src/syscalls.c.obj
                0x080015d0                _kill
 .text._exit    0x080015e0        0xc CMakeFiles/My_FlyBack.elf.dir/Core/Src/syscalls.c.obj
                0x080015e0                _exit
 .text._sbrk    0x080015ec       0x3c CMakeFiles/My_FlyBack.elf.dir/Core/Src/syscalls.c.obj
                0x080015ec                _sbrk
 .text._close   0x08001628        0x6 CMakeFiles/My_FlyBack.elf.dir/Core/Src/syscalls.c.obj
                0x08001628                _close
 .text.SystemInit
                0x0800162e        0x2 CMakeFiles/My_FlyBack.elf.dir/Core/Src/system_stm32f1xx.c.obj
                0x0800162e                SystemInit
 .text.MX_TIM1_Init
                0x08001630       0x70 CMakeFiles/My_FlyBack.elf.dir/Core/Src/tim.c.obj
                0x08001630                MX_TIM1_Init
 .text.MX_TIM2_Init
                0x080016a0       0x70 CMakeFiles/My_FlyBack.elf.dir/Core/Src/tim.c.obj
                0x080016a0                MX_TIM2_Init
 .text.MX_TIM3_Init
                0x08001710       0x70 CMakeFiles/My_FlyBack.elf.dir/Core/Src/tim.c.obj
                0x08001710                MX_TIM3_Init
 .text.HAL_TIM_Base_MspInit
                0x08001780       0x90 CMakeFiles/My_FlyBack.elf.dir/Core/Src/tim.c.obj
                0x08001780                HAL_TIM_Base_MspInit
 .text.MX_USART1_UART_Init
                0x08001810       0x34 CMakeFiles/My_FlyBack.elf.dir/Core/Src/usart.c.obj
                0x08001810                MX_USART1_UART_Init
 .text.MX_USART2_UART_Init
                0x08001844       0x34 CMakeFiles/My_FlyBack.elf.dir/Core/Src/usart.c.obj
                0x08001844                MX_USART2_UART_Init
 .text.HAL_UART_MspInit
                0x08001878      0x194 CMakeFiles/My_FlyBack.elf.dir/Core/Src/usart.c.obj
                0x08001878                HAL_UART_MspInit
 .text.HAL_InitTick
                0x08001a0c       0x4c CMakeFiles/My_FlyBack.elf.dir/Drivers/STM32F1xx_HAL_Driver/Src/stm32f1xx_hal.c.obj
                0x08001a0c                HAL_InitTick
 .text.HAL_Init
                0x08001a58       0x24 CMakeFiles/My_FlyBack.elf.dir/Drivers/STM32F1xx_HAL_Driver/Src/stm32f1xx_hal.c.obj
                0x08001a58                HAL_Init
 .text.HAL_IncTick
                0x08001a7c       0x18 CMakeFiles/My_FlyBack.elf.dir/Drivers/STM32F1xx_HAL_Driver/Src/stm32f1xx_hal.c.obj
                0x08001a7c                HAL_IncTick
 .text.HAL_GetTick
                0x08001a94        0xc CMakeFiles/My_FlyBack.elf.dir/Drivers/STM32F1xx_HAL_Driver/Src/stm32f1xx_hal.c.obj
                0x08001a94                HAL_GetTick
 .text.HAL_Delay
                0x08001aa0       0x28 CMakeFiles/My_FlyBack.elf.dir/Drivers/STM32F1xx_HAL_Driver/Src/stm32f1xx_hal.c.obj
                0x08001aa0                HAL_Delay
 .text.HAL_NVIC_SetPriorityGrouping
                0x08001ac8       0x24 CMakeFiles/My_FlyBack.elf.dir/Drivers/STM32F1xx_HAL_Driver/Src/stm32f1xx_hal_cortex.c.obj
                0x08001ac8                HAL_NVIC_SetPriorityGrouping
 .text.HAL_NVIC_SetPriority
                0x08001aec       0x70 CMakeFiles/My_FlyBack.elf.dir/Drivers/STM32F1xx_HAL_Driver/Src/stm32f1xx_hal_cortex.c.obj
                0x08001aec                HAL_NVIC_SetPriority
 .text.HAL_NVIC_EnableIRQ
                0x08001b5c       0x1c CMakeFiles/My_FlyBack.elf.dir/Drivers/STM32F1xx_HAL_Driver/Src/stm32f1xx_hal_cortex.c.obj
                0x08001b5c                HAL_NVIC_EnableIRQ
 .text.HAL_SYSTICK_Config
                0x08001b78       0x28 CMakeFiles/My_FlyBack.elf.dir/Drivers/STM32F1xx_HAL_Driver/Src/stm32f1xx_hal_cortex.c.obj
                0x08001b78                HAL_SYSTICK_Config
 .text.DMA_SetConfig
                0x08001ba0       0x2c CMakeFiles/My_FlyBack.elf.dir/Drivers/STM32F1xx_HAL_Driver/Src/stm32f1xx_hal_dma.c.obj
 .text.HAL_DMA_Init
                0x08001bcc       0x6c CMakeFiles/My_FlyBack.elf.dir/Drivers/STM32F1xx_HAL_Driver/Src/stm32f1xx_hal_dma.c.obj
                0x08001bcc                HAL_DMA_Init
 .text.HAL_DMA_Start_IT
                0x08001c38       0x76 CMakeFiles/My_FlyBack.elf.dir/Drivers/STM32F1xx_HAL_Driver/Src/stm32f1xx_hal_dma.c.obj
                0x08001c38                HAL_DMA_Start_IT
 .text.HAL_DMA_Abort
                0x08001cae       0x46 CMakeFiles/My_FlyBack.elf.dir/Drivers/STM32F1xx_HAL_Driver/Src/stm32f1xx_hal_dma.c.obj
                0x08001cae                HAL_DMA_Abort
 .text.HAL_DMA_Abort_IT
                0x08001cf4       0x98 CMakeFiles/My_FlyBack.elf.dir/Drivers/STM32F1xx_HAL_Driver/Src/stm32f1xx_hal_dma.c.obj
                0x08001cf4                HAL_DMA_Abort_IT
 .text.HAL_DMA_IRQHandler
                0x08001d8c      0x144 CMakeFiles/My_FlyBack.elf.dir/Drivers/STM32F1xx_HAL_Driver/Src/stm32f1xx_hal_dma.c.obj
                0x08001d8c                HAL_DMA_IRQHandler
 .text.HAL_GPIO_Init
                0x08001ed0      0x224 CMakeFiles/My_FlyBack.elf.dir/Drivers/STM32F1xx_HAL_Driver/Src/stm32f1xx_hal_gpio.c.obj
                0x08001ed0                HAL_GPIO_Init
 .text.HAL_GPIO_ReadPin
                0x080020f4        0xe CMakeFiles/My_FlyBack.elf.dir/Drivers/STM32F1xx_HAL_Driver/Src/stm32f1xx_hal_gpio.c.obj
                0x080020f4                HAL_GPIO_ReadPin
 .text.HAL_GPIO_WritePin
                0x08002102        0xc CMakeFiles/My_FlyBack.elf.dir/Drivers/STM32F1xx_HAL_Driver/Src/stm32f1xx_hal_gpio.c.obj
                0x08002102                HAL_GPIO_WritePin
 *fill*         0x0800210e        0x2 
 .text.RCC_Delay
                0x08002110       0x2c CMakeFiles/My_FlyBack.elf.dir/Drivers/STM32F1xx_HAL_Driver/Src/stm32f1xx_hal_rcc.c.obj
 .text.HAL_RCC_OscConfig
                0x0800213c      0x410 CMakeFiles/My_FlyBack.elf.dir/Drivers/STM32F1xx_HAL_Driver/Src/stm32f1xx_hal_rcc.c.obj
                0x0800213c                HAL_RCC_OscConfig
 .text.HAL_RCC_GetSysClockFreq
                0x0800254c       0x54 CMakeFiles/My_FlyBack.elf.dir/Drivers/STM32F1xx_HAL_Driver/Src/stm32f1xx_hal_rcc.c.obj
                0x0800254c                HAL_RCC_GetSysClockFreq
 .text.HAL_RCC_ClockConfig
                0x080025a0      0x16c CMakeFiles/My_FlyBack.elf.dir/Drivers/STM32F1xx_HAL_Driver/Src/stm32f1xx_hal_rcc.c.obj
                0x080025a0                HAL_RCC_ClockConfig
 .text.HAL_RCC_GetHCLKFreq
                0x0800270c        0xc CMakeFiles/My_FlyBack.elf.dir/Drivers/STM32F1xx_HAL_Driver/Src/stm32f1xx_hal_rcc.c.obj
                0x0800270c                HAL_RCC_GetHCLKFreq
 .text.HAL_RCC_GetPCLK1Freq
                0x08002718       0x20 CMakeFiles/My_FlyBack.elf.dir/Drivers/STM32F1xx_HAL_Driver/Src/stm32f1xx_hal_rcc.c.obj
                0x08002718                HAL_RCC_GetPCLK1Freq
 .text.HAL_RCC_GetPCLK2Freq
                0x08002738       0x20 CMakeFiles/My_FlyBack.elf.dir/Drivers/STM32F1xx_HAL_Driver/Src/stm32f1xx_hal_rcc.c.obj
                0x08002738                HAL_RCC_GetPCLK2Freq
 .text.SPI_WaitFlagStateUntilTimeout
                0x08002758       0xd4 CMakeFiles/My_FlyBack.elf.dir/Drivers/STM32F1xx_HAL_Driver/Src/stm32f1xx_hal_spi.c.obj
 .text.SPI_EndRxTxTransaction
                0x0800282c       0x24 CMakeFiles/My_FlyBack.elf.dir/Drivers/STM32F1xx_HAL_Driver/Src/stm32f1xx_hal_spi.c.obj
 .text.HAL_SPI_Init
                0x08002850       0xb6 CMakeFiles/My_FlyBack.elf.dir/Drivers/STM32F1xx_HAL_Driver/Src/stm32f1xx_hal_spi.c.obj
                0x08002850                HAL_SPI_Init
 *fill*         0x08002906        0x2 
 .text.HAL_SPI_Transmit_DMA
                0x08002908       0xd8 CMakeFiles/My_FlyBack.elf.dir/Drivers/STM32F1xx_HAL_Driver/Src/stm32f1xx_hal_spi.c.obj
                0x08002908                HAL_SPI_Transmit_DMA
 .text.HAL_SPI_TxCpltCallback
                0x080029e0        0x2 CMakeFiles/My_FlyBack.elf.dir/Drivers/STM32F1xx_HAL_Driver/Src/stm32f1xx_hal_spi.c.obj
                0x080029e0                HAL_SPI_TxCpltCallback
 .text.HAL_SPI_TxHalfCpltCallback
                0x080029e2        0x2 CMakeFiles/My_FlyBack.elf.dir/Drivers/STM32F1xx_HAL_Driver/Src/stm32f1xx_hal_spi.c.obj
                0x080029e2                HAL_SPI_TxHalfCpltCallback
 .text.SPI_DMAHalfTransmitCplt
                0x080029e4        0xa CMakeFiles/My_FlyBack.elf.dir/Drivers/STM32F1xx_HAL_Driver/Src/stm32f1xx_hal_spi.c.obj
 .text.HAL_SPI_ErrorCallback
                0x080029ee        0x2 CMakeFiles/My_FlyBack.elf.dir/Drivers/STM32F1xx_HAL_Driver/Src/stm32f1xx_hal_spi.c.obj
                0x080029ee                HAL_SPI_ErrorCallback
 .text.SPI_DMAError
                0x080029f0       0x22 CMakeFiles/My_FlyBack.elf.dir/Drivers/STM32F1xx_HAL_Driver/Src/stm32f1xx_hal_spi.c.obj
 .text.SPI_DMATransmitCplt
                0x08002a12       0x70 CMakeFiles/My_FlyBack.elf.dir/Drivers/STM32F1xx_HAL_Driver/Src/stm32f1xx_hal_spi.c.obj
 .text.HAL_SPI_GetState
                0x08002a82        0x6 CMakeFiles/My_FlyBack.elf.dir/Drivers/STM32F1xx_HAL_Driver/Src/stm32f1xx_hal_spi.c.obj
                0x08002a82                HAL_SPI_GetState
 .text.TIM_TI1_ConfigInputStage
                0x08002a88       0x24 CMakeFiles/My_FlyBack.elf.dir/Drivers/STM32F1xx_HAL_Driver/Src/stm32f1xx_hal_tim.c.obj
 .text.TIM_TI2_ConfigInputStage
                0x08002aac       0x26 CMakeFiles/My_FlyBack.elf.dir/Drivers/STM32F1xx_HAL_Driver/Src/stm32f1xx_hal_tim.c.obj
 .text.TIM_ITRx_SetConfig
                0x08002ad2       0x10 CMakeFiles/My_FlyBack.elf.dir/Drivers/STM32F1xx_HAL_Driver/Src/stm32f1xx_hal_tim.c.obj
 *fill*         0x08002ae2        0x2 
 .text.HAL_TIM_Base_Start_IT
                0x08002ae4       0x68 CMakeFiles/My_FlyBack.elf.dir/Drivers/STM32F1xx_HAL_Driver/Src/stm32f1xx_hal_tim.c.obj
                0x08002ae4                HAL_TIM_Base_Start_IT
 .text.HAL_TIM_OC_DelayElapsedCallback
                0x08002b4c        0x2 CMakeFiles/My_FlyBack.elf.dir/Drivers/STM32F1xx_HAL_Driver/Src/stm32f1xx_hal_tim.c.obj
                0x08002b4c                HAL_TIM_OC_DelayElapsedCallback
 .text.HAL_TIM_IC_CaptureCallback
                0x08002b4e        0x2 CMakeFiles/My_FlyBack.elf.dir/Drivers/STM32F1xx_HAL_Driver/Src/stm32f1xx_hal_tim.c.obj
                0x08002b4e                HAL_TIM_IC_CaptureCallback
 .text.HAL_TIM_PWM_PulseFinishedCallback
                0x08002b50        0x2 CMakeFiles/My_FlyBack.elf.dir/Drivers/STM32F1xx_HAL_Driver/Src/stm32f1xx_hal_tim.c.obj
                0x08002b50                HAL_TIM_PWM_PulseFinishedCallback
 .text.HAL_TIM_TriggerCallback
                0x08002b52        0x2 CMakeFiles/My_FlyBack.elf.dir/Drivers/STM32F1xx_HAL_Driver/Src/stm32f1xx_hal_tim.c.obj
                0x08002b52                HAL_TIM_TriggerCallback
 .text.HAL_TIM_IRQHandler
                0x08002b54      0x17a CMakeFiles/My_FlyBack.elf.dir/Drivers/STM32F1xx_HAL_Driver/Src/stm32f1xx_hal_tim.c.obj
                0x08002b54                HAL_TIM_IRQHandler
 *fill*         0x08002cce        0x2 
 .text.TIM_Base_SetConfig
                0x08002cd0       0x74 CMakeFiles/My_FlyBack.elf.dir/Drivers/STM32F1xx_HAL_Driver/Src/stm32f1xx_hal_tim.c.obj
                0x08002cd0                TIM_Base_SetConfig
 .text.HAL_TIM_Base_Init
                0x08002d44       0x58 CMakeFiles/My_FlyBack.elf.dir/Drivers/STM32F1xx_HAL_Driver/Src/stm32f1xx_hal_tim.c.obj
                0x08002d44                HAL_TIM_Base_Init
 .text.TIM_ETR_SetConfig
                0x08002d9c       0x18 CMakeFiles/My_FlyBack.elf.dir/Drivers/STM32F1xx_HAL_Driver/Src/stm32f1xx_hal_tim.c.obj
                0x08002d9c                TIM_ETR_SetConfig
 .text.HAL_TIM_ConfigClockSource
                0x08002db4       0xfe CMakeFiles/My_FlyBack.elf.dir/Drivers/STM32F1xx_HAL_Driver/Src/stm32f1xx_hal_tim.c.obj
                0x08002db4                HAL_TIM_ConfigClockSource
 *fill*         0x08002eb2        0x2 
 .text.HAL_TIMEx_MasterConfigSynchronization
                0x08002eb4       0x6c CMakeFiles/My_FlyBack.elf.dir/Drivers/STM32F1xx_HAL_Driver/Src/stm32f1xx_hal_tim_ex.c.obj
                0x08002eb4                HAL_TIMEx_MasterConfigSynchronization
 .text.HAL_TIMEx_CommutCallback
                0x08002f20        0x2 CMakeFiles/My_FlyBack.elf.dir/Drivers/STM32F1xx_HAL_Driver/Src/stm32f1xx_hal_tim_ex.c.obj
                0x08002f20                HAL_TIMEx_CommutCallback
 .text.HAL_TIMEx_BreakCallback
                0x08002f22        0x2 CMakeFiles/My_FlyBack.elf.dir/Drivers/STM32F1xx_HAL_Driver/Src/stm32f1xx_hal_tim_ex.c.obj
                0x08002f22                HAL_TIMEx_BreakCallback
 .text.UART_EndTxTransfer
                0x08002f24       0x20 CMakeFiles/My_FlyBack.elf.dir/Drivers/STM32F1xx_HAL_Driver/Src/stm32f1xx_hal_uart.c.obj
 .text.UART_EndRxTransfer
                0x08002f44       0x5c CMakeFiles/My_FlyBack.elf.dir/Drivers/STM32F1xx_HAL_Driver/Src/stm32f1xx_hal_uart.c.obj
 .text.UART_Transmit_IT
                0x08002fa0       0x60 CMakeFiles/My_FlyBack.elf.dir/Drivers/STM32F1xx_HAL_Driver/Src/stm32f1xx_hal_uart.c.obj
 .text.UART_SetConfig
                0x08003000       0x94 CMakeFiles/My_FlyBack.elf.dir/Drivers/STM32F1xx_HAL_Driver/Src/stm32f1xx_hal_uart.c.obj
 .text.UART_WaitOnFlagUntilTimeout
                0x08003094       0x88 CMakeFiles/My_FlyBack.elf.dir/Drivers/STM32F1xx_HAL_Driver/Src/stm32f1xx_hal_uart.c.obj
 .text.HAL_UART_Init
                0x0800311c       0x60 CMakeFiles/My_FlyBack.elf.dir/Drivers/STM32F1xx_HAL_Driver/Src/stm32f1xx_hal_uart.c.obj
                0x0800311c                HAL_UART_Init
 .text.HAL_UART_Transmit
                0x0800317c       0xbe CMakeFiles/My_FlyBack.elf.dir/Drivers/STM32F1xx_HAL_Driver/Src/stm32f1xx_hal_uart.c.obj
                0x0800317c                HAL_UART_Transmit
 .text.HAL_UART_Receive
                0x0800323a       0xca CMakeFiles/My_FlyBack.elf.dir/Drivers/STM32F1xx_HAL_Driver/Src/stm32f1xx_hal_uart.c.obj
                0x0800323a                HAL_UART_Receive
 .text.HAL_UART_TxCpltCallback
                0x08003304        0x2 CMakeFiles/My_FlyBack.elf.dir/Drivers/STM32F1xx_HAL_Driver/Src/stm32f1xx_hal_uart.c.obj
                0x08003304                HAL_UART_TxCpltCallback
 .text.UART_EndTransmit_IT
                0x08003306       0x1a CMakeFiles/My_FlyBack.elf.dir/Drivers/STM32F1xx_HAL_Driver/Src/stm32f1xx_hal_uart.c.obj
 .text.HAL_UART_RxHalfCpltCallback
                0x08003320        0x2 CMakeFiles/My_FlyBack.elf.dir/Drivers/STM32F1xx_HAL_Driver/Src/stm32f1xx_hal_uart.c.obj
                0x08003320                HAL_UART_RxHalfCpltCallback
 .text.HAL_UART_ErrorCallback
                0x08003322        0x2 CMakeFiles/My_FlyBack.elf.dir/Drivers/STM32F1xx_HAL_Driver/Src/stm32f1xx_hal_uart.c.obj
                0x08003322                HAL_UART_ErrorCallback
 .text.UART_DMAError
                0x08003324       0x58 CMakeFiles/My_FlyBack.elf.dir/Drivers/STM32F1xx_HAL_Driver/Src/stm32f1xx_hal_uart.c.obj
 .text.UART_DMAAbortOnError
                0x0800337c       0x10 CMakeFiles/My_FlyBack.elf.dir/Drivers/STM32F1xx_HAL_Driver/Src/stm32f1xx_hal_uart.c.obj
 .text.HAL_UARTEx_RxEventCallback
                0x0800338c        0x2 CMakeFiles/My_FlyBack.elf.dir/Drivers/STM32F1xx_HAL_Driver/Src/stm32f1xx_hal_uart.c.obj
                0x0800338c                HAL_UARTEx_RxEventCallback
 .text.UART_Receive_IT
                0x0800338e       0xe6 CMakeFiles/My_FlyBack.elf.dir/Drivers/STM32F1xx_HAL_Driver/Src/stm32f1xx_hal_uart.c.obj
 .text.HAL_UART_IRQHandler
                0x08003474      0x288 CMakeFiles/My_FlyBack.elf.dir/Drivers/STM32F1xx_HAL_Driver/Src/stm32f1xx_hal_uart.c.obj
                0x08003474                HAL_UART_IRQHandler
 .text.UART_DMARxHalfCplt
                0x080036fc       0x1e CMakeFiles/My_FlyBack.elf.dir/Drivers/STM32F1xx_HAL_Driver/Src/stm32f1xx_hal_uart.c.obj
 .text.UART_DMAReceiveCplt
                0x0800371a       0x9a CMakeFiles/My_FlyBack.elf.dir/Drivers/STM32F1xx_HAL_Driver/Src/stm32f1xx_hal_uart.c.obj
 .text.UART_Start_Receive_DMA
                0x080037b4       0xa4 CMakeFiles/My_FlyBack.elf.dir/Drivers/STM32F1xx_HAL_Driver/Src/stm32f1xx_hal_uart.c.obj
                0x080037b4                UART_Start_Receive_DMA
 .text.HAL_UART_Receive_DMA
                0x08003858       0x26 CMakeFiles/My_FlyBack.elf.dir/Drivers/STM32F1xx_HAL_Driver/Src/stm32f1xx_hal_uart.c.obj
                0x08003858                HAL_UART_Receive_DMA
 .text.makeFreeRtosPriority
                0x0800387e        0xc CMakeFiles/My_FlyBack.elf.dir/Middlewares/Third_Party/FreeRTOS/Source/CMSIS_RTOS/cmsis_os.c.obj
 .text.osKernelStart
                0x0800388a        0xa CMakeFiles/My_FlyBack.elf.dir/Middlewares/Third_Party/FreeRTOS/Source/CMSIS_RTOS/cmsis_os.c.obj
                0x0800388a                osKernelStart
 .text.osThreadCreate
                0x08003894       0x6a CMakeFiles/My_FlyBack.elf.dir/Middlewares/Third_Party/FreeRTOS/Source/CMSIS_RTOS/cmsis_os.c.obj
                0x08003894                osThreadCreate
 .text.osDelay  0x080038fe        0xe CMakeFiles/My_FlyBack.elf.dir/Middlewares/Third_Party/FreeRTOS/Source/CMSIS_RTOS/cmsis_os.c.obj
                0x080038fe                osDelay
 .text.vListInitialise
                0x0800390c       0x16 CMakeFiles/My_FlyBack.elf.dir/Middlewares/Third_Party/FreeRTOS/Source/list.c.obj
                0x0800390c                vListInitialise
 .text.vListInitialiseItem
                0x08003922        0x6 CMakeFiles/My_FlyBack.elf.dir/Middlewares/Third_Party/FreeRTOS/Source/list.c.obj
                0x08003922                vListInitialiseItem
 .text.vListInsertEnd
                0x08003928       0x16 CMakeFiles/My_FlyBack.elf.dir/Middlewares/Third_Party/FreeRTOS/Source/list.c.obj
                0x08003928                vListInsertEnd
 .text.vListInsert
                0x0800393e       0x32 CMakeFiles/My_FlyBack.elf.dir/Middlewares/Third_Party/FreeRTOS/Source/list.c.obj
                0x0800393e                vListInsert
 .text.uxListRemove
                0x08003970       0x26 CMakeFiles/My_FlyBack.elf.dir/Middlewares/Third_Party/FreeRTOS/Source/list.c.obj
                0x08003970                uxListRemove
 *fill*         0x08003996        0x2 
 .text.prvTaskExitError
                0x08003998       0x40 CMakeFiles/My_FlyBack.elf.dir/Middlewares/Third_Party/FreeRTOS/Source/portable/GCC/ARM_CM3/port.c.obj
 .text.prvPortStartFirstTask
                0x080039d8       0x20 CMakeFiles/My_FlyBack.elf.dir/Middlewares/Third_Party/FreeRTOS/Source/portable/GCC/ARM_CM3/port.c.obj
 .text.pxPortInitialiseStack
                0x080039f8       0x24 CMakeFiles/My_FlyBack.elf.dir/Middlewares/Third_Party/FreeRTOS/Source/portable/GCC/ARM_CM3/port.c.obj
                0x080039f8                pxPortInitialiseStack
 *fill*         0x08003a1c        0x4 
 .text.SVC_Handler
                0x08003a20       0x24 CMakeFiles/My_FlyBack.elf.dir/Middlewares/Third_Party/FreeRTOS/Source/portable/GCC/ARM_CM3/port.c.obj
                0x08003a20                SVC_Handler
 .text.vPortEnterCritical
                0x08003a44       0x44 CMakeFiles/My_FlyBack.elf.dir/Middlewares/Third_Party/FreeRTOS/Source/portable/GCC/ARM_CM3/port.c.obj
                0x08003a44                vPortEnterCritical
 .text.vPortExitCritical
                0x08003a88       0x2c CMakeFiles/My_FlyBack.elf.dir/Middlewares/Third_Party/FreeRTOS/Source/portable/GCC/ARM_CM3/port.c.obj
                0x08003a88                vPortExitCritical
 *fill*         0x08003ab4        0xc 
 .text.PendSV_Handler
                0x08003ac0       0x44 CMakeFiles/My_FlyBack.elf.dir/Middlewares/Third_Party/FreeRTOS/Source/portable/GCC/ARM_CM3/port.c.obj
                0x08003ac0                PendSV_Handler
 .text.xPortSysTickHandler
                0x08003b04       0x2c CMakeFiles/My_FlyBack.elf.dir/Middlewares/Third_Party/FreeRTOS/Source/portable/GCC/ARM_CM3/port.c.obj
                0x08003b04                xPortSysTickHandler
 .text.vPortSetupTimerInterrupt
                0x08003b30       0x28 CMakeFiles/My_FlyBack.elf.dir/Middlewares/Third_Party/FreeRTOS/Source/portable/GCC/ARM_CM3/port.c.obj
                0x08003b30                vPortSetupTimerInterrupt
 .text.xPortStartScheduler
                0x08003b58       0xc0 CMakeFiles/My_FlyBack.elf.dir/Middlewares/Third_Party/FreeRTOS/Source/portable/GCC/ARM_CM3/port.c.obj
                0x08003b58                xPortStartScheduler
 .text.prvHeapInit
                0x08003c18       0x64 CMakeFiles/My_FlyBack.elf.dir/Middlewares/Third_Party/FreeRTOS/Source/portable/MemMang/heap_4.c.obj
 .text.prvInsertBlockIntoFreeList
                0x08003c7c       0x60 CMakeFiles/My_FlyBack.elf.dir/Middlewares/Third_Party/FreeRTOS/Source/portable/MemMang/heap_4.c.obj
 .text.pvPortMalloc
                0x08003cdc       0xf0 CMakeFiles/My_FlyBack.elf.dir/Middlewares/Third_Party/FreeRTOS/Source/portable/MemMang/heap_4.c.obj
                0x08003cdc                pvPortMalloc
 .text.vPortFree
                0x08003dcc       0x70 CMakeFiles/My_FlyBack.elf.dir/Middlewares/Third_Party/FreeRTOS/Source/portable/MemMang/heap_4.c.obj
                0x08003dcc                vPortFree
 .text.prvResetNextTaskUnblockTime
                0x08003e3c       0x2c CMakeFiles/My_FlyBack.elf.dir/Middlewares/Third_Party/FreeRTOS/Source/tasks.c.obj
 .text.prvInitialiseNewTask
                0x08003e68       0x94 CMakeFiles/My_FlyBack.elf.dir/Middlewares/Third_Party/FreeRTOS/Source/tasks.c.obj
 .text.prvInitialiseTaskLists
                0x08003efc       0x68 CMakeFiles/My_FlyBack.elf.dir/Middlewares/Third_Party/FreeRTOS/Source/tasks.c.obj
 .text.prvAddNewTaskToReadyList
                0x08003f64       0xa8 CMakeFiles/My_FlyBack.elf.dir/Middlewares/Third_Party/FreeRTOS/Source/tasks.c.obj
 .text.prvDeleteTCB
                0x0800400c       0x38 CMakeFiles/My_FlyBack.elf.dir/Middlewares/Third_Party/FreeRTOS/Source/tasks.c.obj
 .text.prvCheckTasksWaitingTermination
                0x08004044       0x4c CMakeFiles/My_FlyBack.elf.dir/Middlewares/Third_Party/FreeRTOS/Source/tasks.c.obj
 .text.prvIdleTask
                0x08004090       0x28 CMakeFiles/My_FlyBack.elf.dir/Middlewares/Third_Party/FreeRTOS/Source/tasks.c.obj
 .text.prvAddCurrentTaskToDelayedList
                0x080040b8       0x98 CMakeFiles/My_FlyBack.elf.dir/Middlewares/Third_Party/FreeRTOS/Source/tasks.c.obj
 .text.xTaskCreateStatic
                0x08004150       0x74 CMakeFiles/My_FlyBack.elf.dir/Middlewares/Third_Party/FreeRTOS/Source/tasks.c.obj
                0x08004150                xTaskCreateStatic
 .text.xTaskCreate
                0x080041c4       0x68 CMakeFiles/My_FlyBack.elf.dir/Middlewares/Third_Party/FreeRTOS/Source/tasks.c.obj
                0x080041c4                xTaskCreate
 .text.vTaskStartScheduler
                0x0800422c       0x74 CMakeFiles/My_FlyBack.elf.dir/Middlewares/Third_Party/FreeRTOS/Source/tasks.c.obj
                0x0800422c                vTaskStartScheduler
 .text.vTaskSuspendAll
                0x080042a0       0x10 CMakeFiles/My_FlyBack.elf.dir/Middlewares/Third_Party/FreeRTOS/Source/tasks.c.obj
                0x080042a0                vTaskSuspendAll
 .text.xTaskIncrementTick
                0x080042b0      0x118 CMakeFiles/My_FlyBack.elf.dir/Middlewares/Third_Party/FreeRTOS/Source/tasks.c.obj
                0x080042b0                xTaskIncrementTick
 .text.xTaskResumeAll
                0x080043c8       0xf8 CMakeFiles/My_FlyBack.elf.dir/Middlewares/Third_Party/FreeRTOS/Source/tasks.c.obj
                0x080043c8                xTaskResumeAll
 .text.vTaskDelay
                0x080044c0       0x4c CMakeFiles/My_FlyBack.elf.dir/Middlewares/Third_Party/FreeRTOS/Source/tasks.c.obj
                0x080044c0                vTaskDelay
 .text.vTaskSwitchContext
                0x0800450c       0x98 CMakeFiles/My_FlyBack.elf.dir/Middlewares/Third_Party/FreeRTOS/Source/tasks.c.obj
                0x0800450c                vTaskSwitchContext
 .text.xTaskGetSchedulerState
                0x080045a4       0x20 CMakeFiles/My_FlyBack.elf.dir/Middlewares/Third_Party/FreeRTOS/Source/tasks.c.obj
                0x080045a4                xTaskGetSchedulerState
 .text.Delay_us
                0x080045c4       0x36 CMakeFiles/My_FlyBack.elf.dir/User/Src/Delay.c.obj
                0x080045c4                Delay_us
 .text.Delay_ms
                0x080045fa       0x16 CMakeFiles/My_FlyBack.elf.dir/User/Src/Delay.c.obj
                0x080045fa                Delay_ms
 .text.ESP32WaitString
                0x08004610       0x50 CMakeFiles/My_FlyBack.elf.dir/User/Src/ESP32_MQTT.c.obj
                0x08004610                ESP32WaitString
 .text.ESP_SendATCMD
                0x08004660       0x5c CMakeFiles/My_FlyBack.elf.dir/User/Src/ESP32_MQTT.c.obj
                0x08004660                ESP_SendATCMD
 .text.ESP32Subscribe
                0x080046bc       0x68 CMakeFiles/My_FlyBack.elf.dir/User/Src/ESP32_MQTT.c.obj
                0x080046bc                ESP32Subscribe
 .text.ConvertString2Num
                0x08004724       0x1e CMakeFiles/My_FlyBack.elf.dir/User/Src/ESP32_MQTT.c.obj
                0x08004724                ConvertString2Num
 *fill*         0x08004742        0x2 
 .text.ESPMQTT_Start
                0x08004744      0x234 CMakeFiles/My_FlyBack.elf.dir/User/Src/ESP32_MQTT.c.obj
                0x08004744                ESPMQTT_Start
 .text.ESP32ReceiveMsgJSONParse
                0x08004978       0x74 CMakeFiles/My_FlyBack.elf.dir/User/Src/ESP32_MQTT.c.obj
                0x08004978                ESP32ReceiveMsgJSONParse
 .text.JSONLEDRibTask
                0x080049ec       0xb8 CMakeFiles/My_FlyBack.elf.dir/User/Src/ESP32_MQTT.c.obj
                0x080049ec                JSONLEDRibTask
 .text.SpecificByte
                0x08004aa4       0xca CMakeFiles/My_FlyBack.elf.dir/User/Src/LED_Ribbon.c.obj
                0x08004aa4                SpecificByte
 *fill*         0x08004b6e        0x2 
 .text.LED_RibSetSingleLEDColor
                0x08004b70       0x80 CMakeFiles/My_FlyBack.elf.dir/User/Src/LED_Ribbon.c.obj
                0x08004b70                LED_RibSetSingleLEDColor
 .text.LED_RibReset
                0x08004bf0       0x68 CMakeFiles/My_FlyBack.elf.dir/User/Src/LED_Ribbon.c.obj
                0x08004bf0                LED_RibReset
 .text.LED_RibALLLight
                0x08004c58       0x24 CMakeFiles/My_FlyBack.elf.dir/User/Src/LED_Ribbon.c.obj
                0x08004c58                LED_RibALLLight
 .text.Water_FallLight
                0x08004c7c      0x478 CMakeFiles/My_FlyBack.elf.dir/User/Src/LED_Ribbon.c.obj
                0x08004c7c                Water_FallLight
 .text.LED_RibRandomLight
                0x080050f4       0x68 CMakeFiles/My_FlyBack.elf.dir/User/Src/LED_Ribbon.c.obj
                0x080050f4                LED_RibRandomLight
 .text.LED_RibInit
                0x0800515c       0x50 CMakeFiles/My_FlyBack.elf.dir/User/Src/LED_Ribbon.c.obj
                0x0800515c                LED_RibInit
 .text.KeyRead  0x080051ac       0x54 CMakeFiles/My_FlyBack.elf.dir/User/Src/MyKey.c.obj
                0x080051ac                KeyRead
 .text.PressKey2DoTask
                0x08005200       0x5c CMakeFiles/My_FlyBack.elf.dir/User/Src/MyKey.c.obj
                0x08005200                PressKey2DoTask
 .text.KeyInit  0x0800525c       0x3c CMakeFiles/My_FlyBack.elf.dir/User/Src/MyKey.c.obj
                0x0800525c                KeyInit
 .text.OLED_W_SCL
                0x08005298       0x18 CMakeFiles/My_FlyBack.elf.dir/User/Src/OLED.c.obj
                0x08005298                OLED_W_SCL
 .text.OLED_I2C_Init
                0x080052b0       0x1c CMakeFiles/My_FlyBack.elf.dir/User/Src/OLED.c.obj
                0x080052b0                OLED_I2C_Init
 .text.OLED_I2C_Start
                0x080052cc       0x30 CMakeFiles/My_FlyBack.elf.dir/User/Src/OLED.c.obj
                0x080052cc                OLED_I2C_Start
 .text.OLED_I2C_Stop
                0x080052fc       0x28 CMakeFiles/My_FlyBack.elf.dir/User/Src/OLED.c.obj
                0x080052fc                OLED_I2C_Stop
 .text.OLED_I2C_SendByte
                0x08005324       0x40 CMakeFiles/My_FlyBack.elf.dir/User/Src/OLED.c.obj
                0x08005324                OLED_I2C_SendByte
 .text.OLED_WriteCommand
                0x08005364       0x20 CMakeFiles/My_FlyBack.elf.dir/User/Src/OLED.c.obj
                0x08005364                OLED_WriteCommand
 .text.OLED_WriteData
                0x08005384       0x20 CMakeFiles/My_FlyBack.elf.dir/User/Src/OLED.c.obj
                0x08005384                OLED_WriteData
 .text.OLED_SetCursor
                0x080053a4       0x20 CMakeFiles/My_FlyBack.elf.dir/User/Src/OLED.c.obj
                0x080053a4                OLED_SetCursor
 .text.OLED_Clear
                0x080053c4       0x2c CMakeFiles/My_FlyBack.elf.dir/User/Src/OLED.c.obj
                0x080053c4                OLED_Clear
 .text.OLED_ShowChar
                0x080053f0       0x64 CMakeFiles/My_FlyBack.elf.dir/User/Src/OLED.c.obj
                0x080053f0                OLED_ShowChar
 .text.OLED_ShowString
                0x08005454       0x22 CMakeFiles/My_FlyBack.elf.dir/User/Src/OLED.c.obj
                0x08005454                OLED_ShowString
 .text.OLED_Pow
                0x08005476       0x14 CMakeFiles/My_FlyBack.elf.dir/User/Src/OLED.c.obj
                0x08005476                OLED_Pow
 *fill*         0x0800548a        0x2 
 .text.OLED_ShowNum
                0x0800548c       0x50 CMakeFiles/My_FlyBack.elf.dir/User/Src/OLED.c.obj
                0x0800548c                OLED_ShowNum
 .text.OLED_Init
                0x080054dc       0xae CMakeFiles/My_FlyBack.elf.dir/User/Src/OLED.c.obj
                0x080054dc                OLED_Init
 .text.Uart_RxPackage_Init
                0x0800558a       0x20 CMakeFiles/My_FlyBack.elf.dir/User/Src/Uart_RxPackgae.c.obj
                0x0800558a                Uart_RxPackage_Init
 .text.Uart_PackageStart
                0x080055aa       0x18 CMakeFiles/My_FlyBack.elf.dir/User/Src/Uart_RxPackgae.c.obj
                0x080055aa                Uart_PackageStart
 .text.Uart_DoTask
                0x080055c2       0x16 CMakeFiles/My_FlyBack.elf.dir/User/Src/Uart_RxPackgae.c.obj
                0x080055c2                Uart_DoTask
 .text.hexToInt
                0x080055d8       0x30 CMakeFiles/My_FlyBack.elf.dir/User/Src/core_json.c.obj
 .text.getType  0x08005608       0x62 CMakeFiles/My_FlyBack.elf.dir/User/Src/core_json.c.obj
 *fill*         0x0800566a        0x2 
 .text.skipOneHexEscape
                0x0800566c       0xa4 CMakeFiles/My_FlyBack.elf.dir/User/Src/core_json.c.obj
 .text.skipHexEscape
                0x08005710       0x90 CMakeFiles/My_FlyBack.elf.dir/User/Src/core_json.c.obj
 .text.skipEscape
                0x080057a0      0x100 CMakeFiles/My_FlyBack.elf.dir/User/Src/core_json.c.obj
 .text.skipUTF8
                0x080058a0       0x34 CMakeFiles/My_FlyBack.elf.dir/User/Src/core_json.c.obj
 .text.skipString
                0x080058d4       0x90 CMakeFiles/My_FlyBack.elf.dir/User/Src/core_json.c.obj
 .text.strnEq   0x08005964       0x44 CMakeFiles/My_FlyBack.elf.dir/User/Src/core_json.c.obj
 .text.skipLiteral
                0x080059a8       0x64 CMakeFiles/My_FlyBack.elf.dir/User/Src/core_json.c.obj
 .text.skipAnyLiteral
                0x08005a0c       0x4c CMakeFiles/My_FlyBack.elf.dir/User/Src/core_json.c.obj
 .text.skipDigits
                0x08005a58       0x90 CMakeFiles/My_FlyBack.elf.dir/User/Src/core_json.c.obj
 .text.skipDecimals
                0x08005ae8       0x50 CMakeFiles/My_FlyBack.elf.dir/User/Src/core_json.c.obj
 .text.skipExponent
                0x08005b38       0x6c CMakeFiles/My_FlyBack.elf.dir/User/Src/core_json.c.obj
 .text.skipNumber
                0x08005ba4       0x84 CMakeFiles/My_FlyBack.elf.dir/User/Src/core_json.c.obj
 .text.skipAnyScalar
                0x08005c28       0x2a CMakeFiles/My_FlyBack.elf.dir/User/Src/core_json.c.obj
 *fill*         0x08005c52        0x2 
 .text.skipSpace
                0x08005c54       0x44 CMakeFiles/My_FlyBack.elf.dir/User/Src/core_json.c.obj
 .text.skipSpaceAndComma
                0x08005c98       0x78 CMakeFiles/My_FlyBack.elf.dir/User/Src/core_json.c.obj
 .text.skipArrayScalars
                0x08005d10       0x58 CMakeFiles/My_FlyBack.elf.dir/User/Src/core_json.c.obj
 .text.skipObjectScalars
                0x08005d68       0x98 CMakeFiles/My_FlyBack.elf.dir/User/Src/core_json.c.obj
 .text.skipScalars
                0x08005e00       0x54 CMakeFiles/My_FlyBack.elf.dir/User/Src/core_json.c.obj
 .text.skipCollection
                0x08005e54       0xe8 CMakeFiles/My_FlyBack.elf.dir/User/Src/core_json.c.obj
 .text.nextValue
                0x08005f3c       0x84 CMakeFiles/My_FlyBack.elf.dir/User/Src/core_json.c.obj
 .text.arraySearch
                0x08005fc0       0xc0 CMakeFiles/My_FlyBack.elf.dir/User/Src/core_json.c.obj
 .text.skipQueryPart
                0x08006080       0x68 CMakeFiles/My_FlyBack.elf.dir/User/Src/core_json.c.obj
 .text.nextKeyValuePair
                0x080060e8       0xd4 CMakeFiles/My_FlyBack.elf.dir/User/Src/core_json.c.obj
 .text.objectSearch
                0x080061bc       0xd8 CMakeFiles/My_FlyBack.elf.dir/User/Src/core_json.c.obj
 .text.multiSearch
                0x08006294      0x12c CMakeFiles/My_FlyBack.elf.dir/User/Src/core_json.c.obj
 .text.JSON_Validate
                0x080063c0       0x5e CMakeFiles/My_FlyBack.elf.dir/User/Src/core_json.c.obj
                0x080063c0                JSON_Validate
 .text.JSON_SearchConst
                0x0800641e       0x70 CMakeFiles/My_FlyBack.elf.dir/User/Src/core_json.c.obj
                0x0800641e                JSON_SearchConst
 .text.JSON_SearchT
                0x0800648e       0x26 CMakeFiles/My_FlyBack.elf.dir/User/Src/core_json.c.obj
                0x0800648e                JSON_SearchT
 .text.RetargetInit
                0x080064b4       0x20 CMakeFiles/My_FlyBack.elf.dir/User/Src/retarget.c.obj
                0x080064b4                RetargetInit
 .text._isatty  0x080064d4       0x16 CMakeFiles/My_FlyBack.elf.dir/User/Src/retarget.c.obj
                0x080064d4                _isatty
 *fill*         0x080064ea        0x2 
 .text._write   0x080064ec       0x34 CMakeFiles/My_FlyBack.elf.dir/User/Src/retarget.c.obj
                0x080064ec                _write
 .text._lseek   0x08006520       0x10 CMakeFiles/My_FlyBack.elf.dir/User/Src/retarget.c.obj
                0x08006520                _lseek
 .text._read    0x08006530       0x30 CMakeFiles/My_FlyBack.elf.dir/User/Src/retarget.c.obj
                0x08006530                _read
 .text._fstat   0x08006560       0x1a CMakeFiles/My_FlyBack.elf.dir/User/Src/retarget.c.obj
                0x08006560                _fstat
 *fill*         0x0800657a        0x2 
 .text.Reset_Handler
                0x0800657c       0x48 CMakeFiles/My_FlyBack.elf.dir/startup/startup_stm32f103xb.s.obj
                0x0800657c                Reset_Handler
 .text.Default_Handler
                0x080065c4        0x2 CMakeFiles/My_FlyBack.elf.dir/startup/startup_stm32f103xb.s.obj
                0x080065c4                RTC_Alarm_IRQHandler
                0x080065c4                EXTI2_IRQHandler
                0x080065c4                TIM1_CC_IRQHandler
                0x080065c4                PVD_IRQHandler
                0x080065c4                EXTI3_IRQHandler
                0x080065c4                EXTI0_IRQHandler
                0x080065c4                I2C2_EV_IRQHandler
                0x080065c4                ADC1_2_IRQHandler
                0x080065c4                SPI1_IRQHandler
                0x080065c4                TAMPER_IRQHandler
                0x080065c4                USART3_IRQHandler
                0x080065c4                RTC_IRQHandler
                0x080065c4                CAN1_RX1_IRQHandler
                0x080065c4                TIM4_IRQHandler
                0x080065c4                I2C1_EV_IRQHandler
                0x080065c4                RCC_IRQHandler
                0x080065c4                TIM1_TRG_COM_IRQHandler
                0x080065c4                DMA1_Channel1_IRQHandler
                0x080065c4                Default_Handler
                0x080065c4                EXTI15_10_IRQHandler
                0x080065c4                EXTI9_5_IRQHandler
                0x080065c4                SPI2_IRQHandler
                0x080065c4                DMA1_Channel5_IRQHandler
                0x080065c4                EXTI4_IRQHandler
                0x080065c4                USB_LP_CAN1_RX0_IRQHandler
                0x080065c4                USB_HP_CAN1_TX_IRQHandler
                0x080065c4                TIM1_UP_IRQHandler
                0x080065c4                WWDG_IRQHandler
                0x080065c4                TIM1_BRK_IRQHandler
                0x080065c4                EXTI1_IRQHandler
                0x080065c4                I2C2_ER_IRQHandler
                0x080065c4                DMA1_Channel2_IRQHandler
                0x080065c4                CAN1_SCE_IRQHandler
                0x080065c4                FLASH_IRQHandler
                0x080065c4                I2C1_ER_IRQHandler
                0x080065c4                USBWakeUp_IRQHandler
 *fill*         0x080065c6        0x2 
 .text.__assert_func
                0x080065c8       0x40 d:/a_userdownload/clion2cubemx_tool/gcc-arm-none-eabi-10.3-2021.10-win32/gcc-arm-none-eabi-10.3-2021.10/bin/../lib/gcc/arm-none-eabi/10.3.1/../../../../arm-none-eabi/lib/thumb/v7-m/nofp\libg.a(lib_a-assert.o)
                0x080065c8                __assert_func
 .text.__errno  0x08006608        0xc d:/a_userdownload/clion2cubemx_tool/gcc-arm-none-eabi-10.3-2021.10-win32/gcc-arm-none-eabi-10.3-2021.10/bin/../lib/gcc/arm-none-eabi/10.3.1/../../../../arm-none-eabi/lib/thumb/v7-m/nofp\libg.a(lib_a-errno.o)
                0x08006608                __errno
 .text.fiprintf
                0x08006614       0x28 d:/a_userdownload/clion2cubemx_tool/gcc-arm-none-eabi-10.3-2021.10-win32/gcc-arm-none-eabi-10.3-2021.10/bin/../lib/gcc/arm-none-eabi/10.3.1/../../../../arm-none-eabi/lib/thumb/v7-m/nofp\libg.a(lib_a-fiprintf.o)
                0x08006614                fiprintf
 .text.__libc_init_array
                0x0800663c       0x48 d:/a_userdownload/clion2cubemx_tool/gcc-arm-none-eabi-10.3-2021.10-win32/gcc-arm-none-eabi-10.3-2021.10/bin/../lib/gcc/arm-none-eabi/10.3.1/../../../../arm-none-eabi/lib/thumb/v7-m/nofp\libg.a(lib_a-init.o)
                0x0800663c                __libc_init_array
 .text.malloc   0x08006684       0x10 d:/a_userdownload/clion2cubemx_tool/gcc-arm-none-eabi-10.3-2021.10-win32/gcc-arm-none-eabi-10.3-2021.10/bin/../lib/gcc/arm-none-eabi/10.3.1/../../../../arm-none-eabi/lib/thumb/v7-m/nofp\libg.a(lib_a-malloc.o)
                0x08006684                malloc
 .text._malloc_r
                0x08006694      0x558 d:/a_userdownload/clion2cubemx_tool/gcc-arm-none-eabi-10.3-2021.10-win32/gcc-arm-none-eabi-10.3-2021.10/bin/../lib/gcc/arm-none-eabi/10.3.1/../../../../arm-none-eabi/lib/thumb/v7-m/nofp\libg.a(lib_a-mallocr.o)
                0x08006694                _malloc_r
 .text.memset   0x08006bec       0xa4 d:/a_userdownload/clion2cubemx_tool/gcc-arm-none-eabi-10.3-2021.10-win32/gcc-arm-none-eabi-10.3-2021.10/bin/../lib/gcc/arm-none-eabi/10.3.1/../../../../arm-none-eabi/lib/thumb/v7-m/nofp\libg.a(lib_a-memset.o)
                0x08006bec                memset
 .text.__malloc_lock
                0x08006c90        0xc d:/a_userdownload/clion2cubemx_tool/gcc-arm-none-eabi-10.3-2021.10-win32/gcc-arm-none-eabi-10.3-2021.10/bin/../lib/gcc/arm-none-eabi/10.3.1/../../../../arm-none-eabi/lib/thumb/v7-m/nofp\libg.a(lib_a-mlock.o)
                0x08006c90                __malloc_lock
 .text.__malloc_unlock
                0x08006c9c        0xc d:/a_userdownload/clion2cubemx_tool/gcc-arm-none-eabi-10.3-2021.10-win32/gcc-arm-none-eabi-10.3-2021.10/bin/../lib/gcc/arm-none-eabi/10.3.1/../../../../arm-none-eabi/lib/thumb/v7-m/nofp\libg.a(lib_a-mlock.o)
                0x08006c9c                __malloc_unlock
 .text.printf   0x08006ca8       0x28 d:/a_userdownload/clion2cubemx_tool/gcc-arm-none-eabi-10.3-2021.10-win32/gcc-arm-none-eabi-10.3-2021.10/bin/../lib/gcc/arm-none-eabi/10.3.1/../../../../arm-none-eabi/lib/thumb/v7-m/nofp\libg.a(lib_a-printf.o)
                0x08006ca8                printf
 .text._puts_r  0x08006cd0       0x9c d:/a_userdownload/clion2cubemx_tool/gcc-arm-none-eabi-10.3-2021.10-win32/gcc-arm-none-eabi-10.3-2021.10/bin/../lib/gcc/arm-none-eabi/10.3.1/../../../../arm-none-eabi/lib/thumb/v7-m/nofp\libg.a(lib_a-puts.o)
                0x08006cd0                _puts_r
 .text.puts     0x08006d6c       0x10 d:/a_userdownload/clion2cubemx_tool/gcc-arm-none-eabi-10.3-2021.10-win32/gcc-arm-none-eabi-10.3-2021.10/bin/../lib/gcc/arm-none-eabi/10.3.1/../../../../arm-none-eabi/lib/thumb/v7-m/nofp\libg.a(lib_a-puts.o)
                0x08006d6c                puts
 .text._sbrk_r  0x08006d7c       0x24 d:/a_userdownload/clion2cubemx_tool/gcc-arm-none-eabi-10.3-2021.10-win32/gcc-arm-none-eabi-10.3-2021.10/bin/../lib/gcc/arm-none-eabi/10.3.1/../../../../arm-none-eabi/lib/thumb/v7-m/nofp\libg.a(lib_a-sbrkr.o)
                0x08006d7c                _sbrk_r
 .text.setvbuf  0x08006da0      0x1b0 d:/a_userdownload/clion2cubemx_tool/gcc-arm-none-eabi-10.3-2021.10-win32/gcc-arm-none-eabi-10.3-2021.10/bin/../lib/gcc/arm-none-eabi/10.3.1/../../../../arm-none-eabi/lib/thumb/v7-m/nofp\libg.a(lib_a-setvbuf.o)
                0x08006da0                setvbuf
 .text.strlen   0x08006f50       0x5c d:/a_userdownload/clion2cubemx_tool/gcc-arm-none-eabi-10.3-2021.10-win32/gcc-arm-none-eabi-10.3-2021.10/bin/../lib/gcc/arm-none-eabi/10.3.1/../../../../arm-none-eabi/lib/thumb/v7-m/nofp\libg.a(lib_a-strlen-stub.o)
                0x08006f50                strlen
 .text.two_way_long_needle
                0x08006fac      0x2b8 d:/a_userdownload/clion2cubemx_tool/gcc-arm-none-eabi-10.3-2021.10-win32/gcc-arm-none-eabi-10.3-2021.10/bin/../lib/gcc/arm-none-eabi/10.3.1/../../../../arm-none-eabi/lib/thumb/v7-m/nofp\libg.a(lib_a-strstr.o)
 .text.strstr   0x08007264      0x168 d:/a_userdownload/clion2cubemx_tool/gcc-arm-none-eabi-10.3-2021.10-win32/gcc-arm-none-eabi-10.3-2021.10/bin/../lib/gcc/arm-none-eabi/10.3.1/../../../../arm-none-eabi/lib/thumb/v7-m/nofp\libg.a(lib_a-strstr.o)
                0x08007264                strstr
 .text.__sprint_r.part.0
                0x080073cc       0x78 d:/a_userdownload/clion2cubemx_tool/gcc-arm-none-eabi-10.3-2021.10-win32/gcc-arm-none-eabi-10.3-2021.10/bin/../lib/gcc/arm-none-eabi/10.3.1/../../../../arm-none-eabi/lib/thumb/v7-m/nofp\libg.a(lib_a-vfiprintf.o)
 .text.__sprint_r
                0x08007444       0x14 d:/a_userdownload/clion2cubemx_tool/gcc-arm-none-eabi-10.3-2021.10-win32/gcc-arm-none-eabi-10.3-2021.10/bin/../lib/gcc/arm-none-eabi/10.3.1/../../../../arm-none-eabi/lib/thumb/v7-m/nofp\libg.a(lib_a-vfiprintf.o)
                0x08007444                __sprint_r
 .text._vfiprintf_r
                0x08007458      0xd98 d:/a_userdownload/clion2cubemx_tool/gcc-arm-none-eabi-10.3-2021.10-win32/gcc-arm-none-eabi-10.3-2021.10/bin/../lib/gcc/arm-none-eabi/10.3.1/../../../../arm-none-eabi/lib/thumb/v7-m/nofp\libg.a(lib_a-vfiprintf.o)
                0x08007458                _vfiprintf_r
 .text.__sbprintf
                0x080081f0       0x84 d:/a_userdownload/clion2cubemx_tool/gcc-arm-none-eabi-10.3-2021.10-win32/gcc-arm-none-eabi-10.3-2021.10/bin/../lib/gcc/arm-none-eabi/10.3.1/../../../../arm-none-eabi/lib/thumb/v7-m/nofp\libg.a(lib_a-vfiprintf.o)
 .text._vfprintf_r
                0x08008274     0x1b58 d:/a_userdownload/clion2cubemx_tool/gcc-arm-none-eabi-10.3-2021.10-win32/gcc-arm-none-eabi-10.3-2021.10/bin/../lib/gcc/arm-none-eabi/10.3.1/../../../../arm-none-eabi/lib/thumb/v7-m/nofp\libg.a(lib_a-vfprintf.o)
                0x08008274                _vfprintf_r
 .text.__sbprintf
                0x08009dcc       0x84 d:/a_userdownload/clion2cubemx_tool/gcc-arm-none-eabi-10.3-2021.10-win32/gcc-arm-none-eabi-10.3-2021.10/bin/../lib/gcc/arm-none-eabi/10.3.1/../../../../arm-none-eabi/lib/thumb/v7-m/nofp\libg.a(lib_a-vfprintf.o)
 .text.__swsetup_r
                0x08009e50       0xd4 d:/a_userdownload/clion2cubemx_tool/gcc-arm-none-eabi-10.3-2021.10-win32/gcc-arm-none-eabi-10.3-2021.10/bin/../lib/gcc/arm-none-eabi/10.3.1/../../../../arm-none-eabi/lib/thumb/v7-m/nofp\libg.a(lib_a-wsetup.o)
                0x08009e50                __swsetup_r
 .text.startup.register_fini
                0x08009f24       0x14 d:/a_userdownload/clion2cubemx_tool/gcc-arm-none-eabi-10.3-2021.10-win32/gcc-arm-none-eabi-10.3-2021.10/bin/../lib/gcc/arm-none-eabi/10.3.1/../../../../arm-none-eabi/lib/thumb/v7-m/nofp\libg.a(lib_a-__call_atexit.o)
 .text.abort    0x08009f38       0x10 d:/a_userdownload/clion2cubemx_tool/gcc-arm-none-eabi-10.3-2021.10-win32/gcc-arm-none-eabi-10.3-2021.10/bin/../lib/gcc/arm-none-eabi/10.3.1/../../../../arm-none-eabi/lib/thumb/v7-m/nofp\libg.a(lib_a-abort.o)
                0x08009f38                abort
 .text.atexit   0x08009f48        0xc d:/a_userdownload/clion2cubemx_tool/gcc-arm-none-eabi-10.3-2021.10-win32/gcc-arm-none-eabi-10.3-2021.10/bin/../lib/gcc/arm-none-eabi/10.3.1/../../../../arm-none-eabi/lib/thumb/v7-m/nofp\libg.a(lib_a-atexit.o)
                0x08009f48                atexit
 .text.quorem   0x08009f54      0x12c d:/a_userdownload/clion2cubemx_tool/gcc-arm-none-eabi-10.3-2021.10-win32/gcc-arm-none-eabi-10.3-2021.10/bin/../lib/gcc/arm-none-eabi/10.3.1/../../../../arm-none-eabi/lib/thumb/v7-m/nofp\libg.a(lib_a-dtoa.o)
 .text._dtoa_r  0x0800a080      0xecc d:/a_userdownload/clion2cubemx_tool/gcc-arm-none-eabi-10.3-2021.10-win32/gcc-arm-none-eabi-10.3-2021.10/bin/../lib/gcc/arm-none-eabi/10.3.1/../../../../arm-none-eabi/lib/thumb/v7-m/nofp\libg.a(lib_a-dtoa.o)
                0x0800a080                _dtoa_r
 .text.__sflush_r
                0x0800af4c      0x124 d:/a_userdownload/clion2cubemx_tool/gcc-arm-none-eabi-10.3-2021.10-win32/gcc-arm-none-eabi-10.3-2021.10/bin/../lib/gcc/arm-none-eabi/10.3.1/../../../../arm-none-eabi/lib/thumb/v7-m/nofp\libg.a(lib_a-fflush.o)
                0x0800af4c                __sflush_r
 .text._fflush_r
                0x0800b070       0x5c d:/a_userdownload/clion2cubemx_tool/gcc-arm-none-eabi-10.3-2021.10-win32/gcc-arm-none-eabi-10.3-2021.10/bin/../lib/gcc/arm-none-eabi/10.3.1/../../../../arm-none-eabi/lib/thumb/v7-m/nofp\libg.a(lib_a-fflush.o)
                0x0800b070                _fflush_r
 .text._cleanup_r
                0x0800b0cc        0xc d:/a_userdownload/clion2cubemx_tool/gcc-arm-none-eabi-10.3-2021.10-win32/gcc-arm-none-eabi-10.3-2021.10/bin/../lib/gcc/arm-none-eabi/10.3.1/../../../../arm-none-eabi/lib/thumb/v7-m/nofp\libg.a(lib_a-findfp.o)
                0x0800b0cc                _cleanup_r
 .text.__sinit  0x0800b0d8      0x10c d:/a_userdownload/clion2cubemx_tool/gcc-arm-none-eabi-10.3-2021.10-win32/gcc-arm-none-eabi-10.3-2021.10/bin/../lib/gcc/arm-none-eabi/10.3.1/../../../../arm-none-eabi/lib/thumb/v7-m/nofp\libg.a(lib_a-findfp.o)
                0x0800b0d8                __sinit
 .text.__sfp_lock_acquire
                0x0800b1e4        0xc d:/a_userdownload/clion2cubemx_tool/gcc-arm-none-eabi-10.3-2021.10-win32/gcc-arm-none-eabi-10.3-2021.10/bin/../lib/gcc/arm-none-eabi/10.3.1/../../../../arm-none-eabi/lib/thumb/v7-m/nofp\libg.a(lib_a-findfp.o)
                0x0800b1e4                __sfp_lock_acquire
 .text.__sfp_lock_release
                0x0800b1f0        0xc d:/a_userdownload/clion2cubemx_tool/gcc-arm-none-eabi-10.3-2021.10-win32/gcc-arm-none-eabi-10.3-2021.10/bin/../lib/gcc/arm-none-eabi/10.3.1/../../../../arm-none-eabi/lib/thumb/v7-m/nofp\libg.a(lib_a-findfp.o)
                0x0800b1f0                __sfp_lock_release
 .text.__libc_fini_array
                0x0800b1fc       0x2c d:/a_userdownload/clion2cubemx_tool/gcc-arm-none-eabi-10.3-2021.10-win32/gcc-arm-none-eabi-10.3-2021.10/bin/../lib/gcc/arm-none-eabi/10.3.1/../../../../arm-none-eabi/lib/thumb/v7-m/nofp\libg.a(lib_a-fini.o)
                0x0800b1fc                __libc_fini_array
 .text.__fputwc
                0x0800b228       0xa0 d:/a_userdownload/clion2cubemx_tool/gcc-arm-none-eabi-10.3-2021.10-win32/gcc-arm-none-eabi-10.3-2021.10/bin/../lib/gcc/arm-none-eabi/10.3.1/../../../../arm-none-eabi/lib/thumb/v7-m/nofp\libg.a(lib_a-fputwc.o)
                0x0800b228                __fputwc
 .text._fputwc_r
                0x0800b2c8       0x68 d:/a_userdownload/clion2cubemx_tool/gcc-arm-none-eabi-10.3-2021.10-win32/gcc-arm-none-eabi-10.3-2021.10/bin/../lib/gcc/arm-none-eabi/10.3.1/../../../../arm-none-eabi/lib/thumb/v7-m/nofp\libg.a(lib_a-fputwc.o)
                0x0800b2c8                _fputwc_r
 .text._malloc_trim_r
                0x0800b330       0xa0 d:/a_userdownload/clion2cubemx_tool/gcc-arm-none-eabi-10.3-2021.10-win32/gcc-arm-none-eabi-10.3-2021.10/bin/../lib/gcc/arm-none-eabi/10.3.1/../../../../arm-none-eabi/lib/thumb/v7-m/nofp\libg.a(lib_a-freer.o)
                0x0800b330                _malloc_trim_r
 .text._free_r  0x0800b3d0      0x200 d:/a_userdownload/clion2cubemx_tool/gcc-arm-none-eabi-10.3-2021.10-win32/gcc-arm-none-eabi-10.3-2021.10/bin/../lib/gcc/arm-none-eabi/10.3.1/../../../../arm-none-eabi/lib/thumb/v7-m/nofp\libg.a(lib_a-freer.o)
                0x0800b3d0                _free_r
 .text.__sfvwrite_r
                0x0800b5d0      0x2f0 d:/a_userdownload/clion2cubemx_tool/gcc-arm-none-eabi-10.3-2021.10-win32/gcc-arm-none-eabi-10.3-2021.10/bin/../lib/gcc/arm-none-eabi/10.3.1/../../../../arm-none-eabi/lib/thumb/v7-m/nofp\libg.a(lib_a-fvwrite.o)
                0x0800b5d0                __sfvwrite_r
 .text._fwalk_reent
                0x0800b8c0       0x48 d:/a_userdownload/clion2cubemx_tool/gcc-arm-none-eabi-10.3-2021.10-win32/gcc-arm-none-eabi-10.3-2021.10/bin/../lib/gcc/arm-none-eabi/10.3.1/../../../../arm-none-eabi/lib/thumb/v7-m/nofp\libg.a(lib_a-fwalk.o)
                0x0800b8c0                _fwalk_reent
 .text.__locale_mb_cur_max
                0x0800b908        0xc d:/a_userdownload/clion2cubemx_tool/gcc-arm-none-eabi-10.3-2021.10-win32/gcc-arm-none-eabi-10.3-2021.10/bin/../lib/gcc/arm-none-eabi/10.3.1/../../../../arm-none-eabi/lib/thumb/v7-m/nofp\libg.a(lib_a-locale.o)
                0x0800b908                __locale_mb_cur_max
 .text._localeconv_r
                0x0800b914        0x8 d:/a_userdownload/clion2cubemx_tool/gcc-arm-none-eabi-10.3-2021.10-win32/gcc-arm-none-eabi-10.3-2021.10/bin/../lib/gcc/arm-none-eabi/10.3.1/../../../../arm-none-eabi/lib/thumb/v7-m/nofp\libg.a(lib_a-localeconv.o)
                0x0800b914                _localeconv_r
 .text.__retarget_lock_init_recursive
                0x0800b91c        0x4 d:/a_userdownload/clion2cubemx_tool/gcc-arm-none-eabi-10.3-2021.10-win32/gcc-arm-none-eabi-10.3-2021.10/bin/../lib/gcc/arm-none-eabi/10.3.1/../../../../arm-none-eabi/lib/thumb/v7-m/nofp\libg.a(lib_a-lock.o)
                0x0800b91c                __retarget_lock_init_recursive
 .text.__retarget_lock_close_recursive
                0x0800b920        0x4 d:/a_userdownload/clion2cubemx_tool/gcc-arm-none-eabi-10.3-2021.10-win32/gcc-arm-none-eabi-10.3-2021.10/bin/../lib/gcc/arm-none-eabi/10.3.1/../../../../arm-none-eabi/lib/thumb/v7-m/nofp\libg.a(lib_a-lock.o)
                0x0800b920                __retarget_lock_close_recursive
 .text.__retarget_lock_acquire_recursive
                0x0800b924        0x4 d:/a_userdownload/clion2cubemx_tool/gcc-arm-none-eabi-10.3-2021.10-win32/gcc-arm-none-eabi-10.3-2021.10/bin/../lib/gcc/arm-none-eabi/10.3.1/../../../../arm-none-eabi/lib/thumb/v7-m/nofp\libg.a(lib_a-lock.o)
                0x0800b924                __retarget_lock_acquire_recursive
 .text.__retarget_lock_release_recursive
                0x0800b928        0x4 d:/a_userdownload/clion2cubemx_tool/gcc-arm-none-eabi-10.3-2021.10-win32/gcc-arm-none-eabi-10.3-2021.10/bin/../lib/gcc/arm-none-eabi/10.3.1/../../../../arm-none-eabi/lib/thumb/v7-m/nofp\libg.a(lib_a-lock.o)
                0x0800b928                __retarget_lock_release_recursive
 .text.__smakebuf_r
                0x0800b92c       0xe0 d:/a_userdownload/clion2cubemx_tool/gcc-arm-none-eabi-10.3-2021.10-win32/gcc-arm-none-eabi-10.3-2021.10/bin/../lib/gcc/arm-none-eabi/10.3.1/../../../../arm-none-eabi/lib/thumb/v7-m/nofp\libg.a(lib_a-makebuf.o)
                0x0800b92c                __smakebuf_r
 .text.__swhatbuf_r
                0x0800ba0c       0x60 d:/a_userdownload/clion2cubemx_tool/gcc-arm-none-eabi-10.3-2021.10-win32/gcc-arm-none-eabi-10.3-2021.10/bin/../lib/gcc/arm-none-eabi/10.3.1/../../../../arm-none-eabi/lib/thumb/v7-m/nofp\libg.a(lib_a-makebuf.o)
                0x0800ba0c                __swhatbuf_r
 .text.__ascii_mbtowc
                0x0800ba6c       0x2c d:/a_userdownload/clion2cubemx_tool/gcc-arm-none-eabi-10.3-2021.10-win32/gcc-arm-none-eabi-10.3-2021.10/bin/../lib/gcc/arm-none-eabi/10.3.1/../../../../arm-none-eabi/lib/thumb/v7-m/nofp\libg.a(lib_a-mbtowc_r.o)
                0x0800ba6c                __ascii_mbtowc
 .text.memchr   0x0800ba98       0x90 d:/a_userdownload/clion2cubemx_tool/gcc-arm-none-eabi-10.3-2021.10-win32/gcc-arm-none-eabi-10.3-2021.10/bin/../lib/gcc/arm-none-eabi/10.3.1/../../../../arm-none-eabi/lib/thumb/v7-m/nofp\libg.a(lib_a-memchr-stub.o)
                0x0800ba98                memchr
 .text.memcmp   0x0800bb28       0x68 d:/a_userdownload/clion2cubemx_tool/gcc-arm-none-eabi-10.3-2021.10-win32/gcc-arm-none-eabi-10.3-2021.10/bin/../lib/gcc/arm-none-eabi/10.3.1/../../../../arm-none-eabi/lib/thumb/v7-m/nofp\libg.a(lib_a-memcmp.o)
                0x0800bb28                memcmp
 .text.memmove  0x0800bb90       0xf8 d:/a_userdownload/clion2cubemx_tool/gcc-arm-none-eabi-10.3-2021.10-win32/gcc-arm-none-eabi-10.3-2021.10/bin/../lib/gcc/arm-none-eabi/10.3.1/../../../../arm-none-eabi/lib/thumb/v7-m/nofp\libg.a(lib_a-memmove.o)
                0x0800bb90                memmove
 .text._Balloc  0x0800bc88       0x4c d:/a_userdownload/clion2cubemx_tool/gcc-arm-none-eabi-10.3-2021.10-win32/gcc-arm-none-eabi-10.3-2021.10/bin/../lib/gcc/arm-none-eabi/10.3.1/../../../../arm-none-eabi/lib/thumb/v7-m/nofp\libg.a(lib_a-mprec.o)
                0x0800bc88                _Balloc
 .text._Bfree   0x0800bcd4       0x14 d:/a_userdownload/clion2cubemx_tool/gcc-arm-none-eabi-10.3-2021.10-win32/gcc-arm-none-eabi-10.3-2021.10/bin/../lib/gcc/arm-none-eabi/10.3.1/../../../../arm-none-eabi/lib/thumb/v7-m/nofp\libg.a(lib_a-mprec.o)
                0x0800bcd4                _Bfree
 .text.__multadd
                0x0800bce8       0xa4 d:/a_userdownload/clion2cubemx_tool/gcc-arm-none-eabi-10.3-2021.10-win32/gcc-arm-none-eabi-10.3-2021.10/bin/../lib/gcc/arm-none-eabi/10.3.1/../../../../arm-none-eabi/lib/thumb/v7-m/nofp\libg.a(lib_a-mprec.o)
                0x0800bce8                __multadd
 .text.__hi0bits
                0x0800bd8c       0x40 d:/a_userdownload/clion2cubemx_tool/gcc-arm-none-eabi-10.3-2021.10-win32/gcc-arm-none-eabi-10.3-2021.10/bin/../lib/gcc/arm-none-eabi/10.3.1/../../../../arm-none-eabi/lib/thumb/v7-m/nofp\libg.a(lib_a-mprec.o)
                0x0800bd8c                __hi0bits
 .text.__lo0bits
                0x0800bdcc       0x58 d:/a_userdownload/clion2cubemx_tool/gcc-arm-none-eabi-10.3-2021.10-win32/gcc-arm-none-eabi-10.3-2021.10/bin/../lib/gcc/arm-none-eabi/10.3.1/../../../../arm-none-eabi/lib/thumb/v7-m/nofp\libg.a(lib_a-mprec.o)
                0x0800bdcc                __lo0bits
 .text.__i2b    0x0800be24       0x5c d:/a_userdownload/clion2cubemx_tool/gcc-arm-none-eabi-10.3-2021.10-win32/gcc-arm-none-eabi-10.3-2021.10/bin/../lib/gcc/arm-none-eabi/10.3.1/../../../../arm-none-eabi/lib/thumb/v7-m/nofp\libg.a(lib_a-mprec.o)
                0x0800be24                __i2b
 .text.__multiply
                0x0800be80      0x15c d:/a_userdownload/clion2cubemx_tool/gcc-arm-none-eabi-10.3-2021.10-win32/gcc-arm-none-eabi-10.3-2021.10/bin/../lib/gcc/arm-none-eabi/10.3.1/../../../../arm-none-eabi/lib/thumb/v7-m/nofp\libg.a(lib_a-mprec.o)
                0x0800be80                __multiply
 .text.__pow5mult
                0x0800bfdc       0xb8 d:/a_userdownload/clion2cubemx_tool/gcc-arm-none-eabi-10.3-2021.10-win32/gcc-arm-none-eabi-10.3-2021.10/bin/../lib/gcc/arm-none-eabi/10.3.1/../../../../arm-none-eabi/lib/thumb/v7-m/nofp\libg.a(lib_a-mprec.o)
                0x0800bfdc                __pow5mult
 .text.__lshift
                0x0800c094       0xec d:/a_userdownload/clion2cubemx_tool/gcc-arm-none-eabi-10.3-2021.10-win32/gcc-arm-none-eabi-10.3-2021.10/bin/../lib/gcc/arm-none-eabi/10.3.1/../../../../arm-none-eabi/lib/thumb/v7-m/nofp\libg.a(lib_a-mprec.o)
                0x0800c094                __lshift
 .text.__mcmp   0x0800c180       0x40 d:/a_userdownload/clion2cubemx_tool/gcc-arm-none-eabi-10.3-2021.10-win32/gcc-arm-none-eabi-10.3-2021.10/bin/../lib/gcc/arm-none-eabi/10.3.1/../../../../arm-none-eabi/lib/thumb/v7-m/nofp\libg.a(lib_a-mprec.o)
                0x0800c180                __mcmp
 .text.__mdiff  0x0800c1c0      0x14c d:/a_userdownload/clion2cubemx_tool/gcc-arm-none-eabi-10.3-2021.10-win32/gcc-arm-none-eabi-10.3-2021.10/bin/../lib/gcc/arm-none-eabi/10.3.1/../../../../arm-none-eabi/lib/thumb/v7-m/nofp\libg.a(lib_a-mprec.o)
                0x0800c1c0                __mdiff
 .text.__d2b    0x0800c30c       0xc4 d:/a_userdownload/clion2cubemx_tool/gcc-arm-none-eabi-10.3-2021.10-win32/gcc-arm-none-eabi-10.3-2021.10/bin/../lib/gcc/arm-none-eabi/10.3.1/../../../../arm-none-eabi/lib/thumb/v7-m/nofp\libg.a(lib_a-mprec.o)
                0x0800c30c                __d2b
 .text._realloc_r
                0x0800c3d0      0x3dc d:/a_userdownload/clion2cubemx_tool/gcc-arm-none-eabi-10.3-2021.10-win32/gcc-arm-none-eabi-10.3-2021.10/bin/../lib/gcc/arm-none-eabi/10.3.1/../../../../arm-none-eabi/lib/thumb/v7-m/nofp\libg.a(lib_a-reallocr.o)
                0x0800c3d0                _realloc_r
 .text.frexp    0x0800c7ac       0x70 d:/a_userdownload/clion2cubemx_tool/gcc-arm-none-eabi-10.3-2021.10-win32/gcc-arm-none-eabi-10.3-2021.10/bin/../lib/gcc/arm-none-eabi/10.3.1/../../../../arm-none-eabi/lib/thumb/v7-m/nofp\libg.a(lib_a-s_frexp.o)
                0x0800c7ac                frexp
 .text.raise    0x0800c81c       0x5c d:/a_userdownload/clion2cubemx_tool/gcc-arm-none-eabi-10.3-2021.10-win32/gcc-arm-none-eabi-10.3-2021.10/bin/../lib/gcc/arm-none-eabi/10.3.1/../../../../arm-none-eabi/lib/thumb/v7-m/nofp\libg.a(lib_a-signal.o)
                0x0800c81c                raise
 .text._kill_r  0x0800c878       0x28 d:/a_userdownload/clion2cubemx_tool/gcc-arm-none-eabi-10.3-2021.10-win32/gcc-arm-none-eabi-10.3-2021.10/bin/../lib/gcc/arm-none-eabi/10.3.1/../../../../arm-none-eabi/lib/thumb/v7-m/nofp\libg.a(lib_a-signalr.o)
                0x0800c878                _kill_r
 .text._getpid_r
                0x0800c8a0        0x4 d:/a_userdownload/clion2cubemx_tool/gcc-arm-none-eabi-10.3-2021.10-win32/gcc-arm-none-eabi-10.3-2021.10/bin/../lib/gcc/arm-none-eabi/10.3.1/../../../../arm-none-eabi/lib/thumb/v7-m/nofp\libg.a(lib_a-signalr.o)
                0x0800c8a0                _getpid_r
 .text.__sread  0x0800c8a4       0x24 d:/a_userdownload/clion2cubemx_tool/gcc-arm-none-eabi-10.3-2021.10-win32/gcc-arm-none-eabi-10.3-2021.10/bin/../lib/gcc/arm-none-eabi/10.3.1/../../../../arm-none-eabi/lib/thumb/v7-m/nofp\libg.a(lib_a-stdio.o)
                0x0800c8a4                __sread
 .text.__swrite
                0x0800c8c8       0x40 d:/a_userdownload/clion2cubemx_tool/gcc-arm-none-eabi-10.3-2021.10-win32/gcc-arm-none-eabi-10.3-2021.10/bin/../lib/gcc/arm-none-eabi/10.3.1/../../../../arm-none-eabi/lib/thumb/v7-m/nofp\libg.a(lib_a-stdio.o)
                0x0800c8c8                __swrite
 .text.__sseek  0x0800c908       0x20 d:/a_userdownload/clion2cubemx_tool/gcc-arm-none-eabi-10.3-2021.10-win32/gcc-arm-none-eabi-10.3-2021.10/bin/../lib/gcc/arm-none-eabi/10.3.1/../../../../arm-none-eabi/lib/thumb/v7-m/nofp\libg.a(lib_a-stdio.o)
                0x0800c908                __sseek
 .text.__sclose
                0x0800c928        0x8 d:/a_userdownload/clion2cubemx_tool/gcc-arm-none-eabi-10.3-2021.10-win32/gcc-arm-none-eabi-10.3-2021.10/bin/../lib/gcc/arm-none-eabi/10.3.1/../../../../arm-none-eabi/lib/thumb/v7-m/nofp\libg.a(lib_a-stdio.o)
                0x0800c928                __sclose
 .text.strchr   0x0800c930       0xcc d:/a_userdownload/clion2cubemx_tool/gcc-arm-none-eabi-10.3-2021.10-win32/gcc-arm-none-eabi-10.3-2021.10/bin/../lib/gcc/arm-none-eabi/10.3.1/../../../../arm-none-eabi/lib/thumb/v7-m/nofp\libg.a(lib_a-strchr.o)
                0x0800c930                strchr
 .text.strncpy  0x0800c9fc       0x68 d:/a_userdownload/clion2cubemx_tool/gcc-arm-none-eabi-10.3-2021.10-win32/gcc-arm-none-eabi-10.3-2021.10/bin/../lib/gcc/arm-none-eabi/10.3.1/../../../../arm-none-eabi/lib/thumb/v7-m/nofp\libg.a(lib_a-strncpy.o)
                0x0800c9fc                strncpy
 .text.strnlen  0x0800ca64       0x24 d:/a_userdownload/clion2cubemx_tool/gcc-arm-none-eabi-10.3-2021.10-win32/gcc-arm-none-eabi-10.3-2021.10/bin/../lib/gcc/arm-none-eabi/10.3.1/../../../../arm-none-eabi/lib/thumb/v7-m/nofp\libg.a(lib_a-strnlen.o)
                0x0800ca64                strnlen
 .text.__swbuf_r
                0x0800ca88       0xb0 d:/a_userdownload/clion2cubemx_tool/gcc-arm-none-eabi-10.3-2021.10-win32/gcc-arm-none-eabi-10.3-2021.10/bin/../lib/gcc/arm-none-eabi/10.3.1/../../../../arm-none-eabi/lib/thumb/v7-m/nofp\libg.a(lib_a-wbuf.o)
                0x0800ca88                __swbuf_r
 .text._wcrtomb_r
                0x0800cb38       0x3c d:/a_userdownload/clion2cubemx_tool/gcc-arm-none-eabi-10.3-2021.10-win32/gcc-arm-none-eabi-10.3-2021.10/bin/../lib/gcc/arm-none-eabi/10.3.1/../../../../arm-none-eabi/lib/thumb/v7-m/nofp\libg.a(lib_a-wcrtomb.o)
                0x0800cb38                _wcrtomb_r
 .text.__ascii_wctomb
                0x0800cb74       0x1c d:/a_userdownload/clion2cubemx_tool/gcc-arm-none-eabi-10.3-2021.10-win32/gcc-arm-none-eabi-10.3-2021.10/bin/../lib/gcc/arm-none-eabi/10.3.1/../../../../arm-none-eabi/lib/thumb/v7-m/nofp\libg.a(lib_a-wctomb_r.o)
                0x0800cb74                __ascii_wctomb
 .text._write_r
                0x0800cb90       0x2c d:/a_userdownload/clion2cubemx_tool/gcc-arm-none-eabi-10.3-2021.10-win32/gcc-arm-none-eabi-10.3-2021.10/bin/../lib/gcc/arm-none-eabi/10.3.1/../../../../arm-none-eabi/lib/thumb/v7-m/nofp\libg.a(lib_a-writer.o)
                0x0800cb90                _write_r
 .text.__register_exitproc
                0x0800cbbc       0x8c d:/a_userdownload/clion2cubemx_tool/gcc-arm-none-eabi-10.3-2021.10-win32/gcc-arm-none-eabi-10.3-2021.10/bin/../lib/gcc/arm-none-eabi/10.3.1/../../../../arm-none-eabi/lib/thumb/v7-m/nofp\libg.a(lib_a-__atexit.o)
                0x0800cbbc                __register_exitproc
 .text._calloc_r
                0x0800cc48       0x78 d:/a_userdownload/clion2cubemx_tool/gcc-arm-none-eabi-10.3-2021.10-win32/gcc-arm-none-eabi-10.3-2021.10/bin/../lib/gcc/arm-none-eabi/10.3.1/../../../../arm-none-eabi/lib/thumb/v7-m/nofp\libg.a(lib_a-callocr.o)
                0x0800cc48                _calloc_r
 .text._close_r
                0x0800ccc0       0x24 d:/a_userdownload/clion2cubemx_tool/gcc-arm-none-eabi-10.3-2021.10-win32/gcc-arm-none-eabi-10.3-2021.10/bin/../lib/gcc/arm-none-eabi/10.3.1/../../../../arm-none-eabi/lib/thumb/v7-m/nofp\libg.a(lib_a-closer.o)
                0x0800ccc0                _close_r
 .text._fclose_r
                0x0800cce4       0xcc d:/a_userdownload/clion2cubemx_tool/gcc-arm-none-eabi-10.3-2021.10-win32/gcc-arm-none-eabi-10.3-2021.10/bin/../lib/gcc/arm-none-eabi/10.3.1/../../../../arm-none-eabi/lib/thumb/v7-m/nofp\libg.a(lib_a-fclose.o)
                0x0800cce4                _fclose_r
 .text._fstat_r
                0x0800cdb0       0x28 d:/a_userdownload/clion2cubemx_tool/gcc-arm-none-eabi-10.3-2021.10-win32/gcc-arm-none-eabi-10.3-2021.10/bin/../lib/gcc/arm-none-eabi/10.3.1/../../../../arm-none-eabi/lib/thumb/v7-m/nofp\libg.a(lib_a-fstatr.o)
                0x0800cdb0                _fstat_r
 .text._isatty_r
                0x0800cdd8       0x24 d:/a_userdownload/clion2cubemx_tool/gcc-arm-none-eabi-10.3-2021.10-win32/gcc-arm-none-eabi-10.3-2021.10/bin/../lib/gcc/arm-none-eabi/10.3.1/../../../../arm-none-eabi/lib/thumb/v7-m/nofp\libg.a(lib_a-isattyr.o)
                0x0800cdd8                _isatty_r
 .text._lseek_r
                0x0800cdfc       0x2c d:/a_userdownload/clion2cubemx_tool/gcc-arm-none-eabi-10.3-2021.10-win32/gcc-arm-none-eabi-10.3-2021.10/bin/../lib/gcc/arm-none-eabi/10.3.1/../../../../arm-none-eabi/lib/thumb/v7-m/nofp\libg.a(lib_a-lseekr.o)
                0x0800cdfc                _lseek_r
 .text._read_r  0x0800ce28       0x2c d:/a_userdownload/clion2cubemx_tool/gcc-arm-none-eabi-10.3-2021.10-win32/gcc-arm-none-eabi-10.3-2021.10/bin/../lib/gcc/arm-none-eabi/10.3.1/../../../../arm-none-eabi/lib/thumb/v7-m/nofp\libg.a(lib_a-readr.o)
                0x0800ce28                _read_r
 *(.glue_7)
 .glue_7        0x0800ce54        0x0 linker stubs
 *(.glue_7t)
 .glue_7t       0x0800ce54        0x0 linker stubs
 *(.eh_frame)
 .eh_frame      0x0800ce54        0x0 d:/a_userdownload/clion2cubemx_tool/gcc-arm-none-eabi-10.3-2021.10-win32/gcc-arm-none-eabi-10.3-2021.10/bin/../lib/gcc/arm-none-eabi/10.3.1/thumb/v7-m/nofp/crtbegin.o
 *(.init)
 .init          0x0800ce54        0x4 d:/a_userdownload/clion2cubemx_tool/gcc-arm-none-eabi-10.3-2021.10-win32/gcc-arm-none-eabi-10.3-2021.10/bin/../lib/gcc/arm-none-eabi/10.3.1/thumb/v7-m/nofp/crti.o
                0x0800ce54                _init
 .init          0x0800ce58        0x8 d:/a_userdownload/clion2cubemx_tool/gcc-arm-none-eabi-10.3-2021.10-win32/gcc-arm-none-eabi-10.3-2021.10/bin/../lib/gcc/arm-none-eabi/10.3.1/thumb/v7-m/nofp/crtn.o
 *(.fini)
 .fini          0x0800ce60        0x4 d:/a_userdownload/clion2cubemx_tool/gcc-arm-none-eabi-10.3-2021.10-win32/gcc-arm-none-eabi-10.3-2021.10/bin/../lib/gcc/arm-none-eabi/10.3.1/thumb/v7-m/nofp/crti.o
                0x0800ce60                _fini
 .fini          0x0800ce64        0x8 d:/a_userdownload/clion2cubemx_tool/gcc-arm-none-eabi-10.3-2021.10-win32/gcc-arm-none-eabi-10.3-2021.10/bin/../lib/gcc/arm-none-eabi/10.3.1/thumb/v7-m/nofp/crtn.o
                0x0800ce6c                . = ALIGN (0x4)
                0x0800ce6c                _etext = .

.vfp11_veneer   0x0800ce6c        0x0
 .vfp11_veneer  0x0800ce6c        0x0 linker stubs

.v4_bx          0x0800ce6c        0x0
 .v4_bx         0x0800ce6c        0x0 linker stubs

.iplt           0x0800ce6c        0x0
 .iplt          0x0800ce6c        0x0 d:/a_userdownload/clion2cubemx_tool/gcc-arm-none-eabi-10.3-2021.10-win32/gcc-arm-none-eabi-10.3-2021.10/bin/../lib/gcc/arm-none-eabi/10.3.1/thumb/v7-m/nofp/crtbegin.o

.rodata         0x0800ce70     0x1358
                0x0800ce70                . = ALIGN (0x4)
 *(.rodata)
 .rodata        0x0800ce70       0x38 CMakeFiles/My_FlyBack.elf.dir/Core/Src/freertos.c.obj
 *(.rodata*)
 .rodata.str1.4
                0x0800cea8       0x15 CMakeFiles/My_FlyBack.elf.dir/Core/Src/freertos.c.obj
 *fill*         0x0800cebd        0x3 
 .rodata.StartDefaultTask.str1.4
                0x0800cec0       0x54 CMakeFiles/My_FlyBack.elf.dir/Core/Src/freertos.c.obj
 .rodata.StartTask02.str1.4
                0x0800cf14        0x8 CMakeFiles/My_FlyBack.elf.dir/Core/Src/freertos.c.obj
 .rodata.MX_FREERTOS_Init.str1.4
                0x0800cf1c       0x11 CMakeFiles/My_FlyBack.elf.dir/Core/Src/freertos.c.obj
 *fill*         0x0800cf2d        0x3 
 .rodata.AHBPrescTable
                0x0800cf30       0x10 CMakeFiles/My_FlyBack.elf.dir/Core/Src/system_stm32f1xx.c.obj
                0x0800cf30                AHBPrescTable
 .rodata.APBPrescTable
                0x0800cf40        0x8 CMakeFiles/My_FlyBack.elf.dir/Core/Src/system_stm32f1xx.c.obj
                0x0800cf40                APBPrescTable
 .rodata.aPLLMULFactorTable.1
                0x0800cf48       0x10 CMakeFiles/My_FlyBack.elf.dir/Drivers/STM32F1xx_HAL_Driver/Src/stm32f1xx_hal_rcc.c.obj
 .rodata.aPredivFactorTable.0
                0x0800cf58        0x2 CMakeFiles/My_FlyBack.elf.dir/Drivers/STM32F1xx_HAL_Driver/Src/stm32f1xx_hal_rcc.c.obj
 *fill*         0x0800cf5a        0x2 
 .rodata.vTaskStartScheduler.str1.4
                0x0800cf5c        0x5 CMakeFiles/My_FlyBack.elf.dir/Middlewares/Third_Party/FreeRTOS/Source/tasks.c.obj
 *fill*         0x0800cf61        0x3 
 .rodata.ReceiveString.str1.4
                0x0800cf64       0x34 CMakeFiles/My_FlyBack.elf.dir/User/Src/ESP32_MQTT.c.obj
 .rodata.ESP32Subscribe.str1.4
                0x0800cf98       0x5e CMakeFiles/My_FlyBack.elf.dir/User/Src/ESP32_MQTT.c.obj
 *fill*         0x0800cff6        0x2 
 .rodata.ESPMQTT_Start.str1.4
                0x0800cff8      0x1f1 CMakeFiles/My_FlyBack.elf.dir/User/Src/ESP32_MQTT.c.obj
 *fill*         0x0800d1e9        0x3 
 .rodata.JSONLEDTask.str1.4
                0x0800d1ec      0x106 CMakeFiles/My_FlyBack.elf.dir/User/Src/ESP32_MQTT.c.obj
 *fill*         0x0800d2f2        0x2 
 .rodata.JSONBreathLEDTask.str1.4
                0x0800d2f4       0xea CMakeFiles/My_FlyBack.elf.dir/User/Src/ESP32_MQTT.c.obj
 *fill*         0x0800d3de        0x2 
 .rodata.ESP32ReceiveMsgJSONParse.str1.4
                0x0800d3e0       0x48 CMakeFiles/My_FlyBack.elf.dir/User/Src/ESP32_MQTT.c.obj
 .rodata.JSONLEDRibTask.str1.4
                0x0800d428       0x1a CMakeFiles/My_FlyBack.elf.dir/User/Src/ESP32_MQTT.c.obj
 *fill*         0x0800d442        0x2 
 .rodata.Water_FallLight.str1.4
                0x0800d444       0x1c CMakeFiles/My_FlyBack.elf.dir/User/Src/LED_Ribbon.c.obj
 .rodata.OLED_F8x16
                0x0800d460      0x5f0 CMakeFiles/My_FlyBack.elf.dir/User/Src/OLED.c.obj
                0x0800d460                OLED_F8x16
 .rodata.skipOneHexEscape.str1.4
                0x0800da50       0x91 CMakeFiles/My_FlyBack.elf.dir/User/Src/core_json.c.obj
 *fill*         0x0800dae1        0x3 
 .rodata.strnEq.str1.4
                0x0800dae4       0x1f CMakeFiles/My_FlyBack.elf.dir/User/Src/core_json.c.obj
 *fill*         0x0800db03        0x1 
 .rodata.skipLiteral.str1.4
                0x0800db04       0x10 CMakeFiles/My_FlyBack.elf.dir/User/Src/core_json.c.obj
 .rodata.skipAnyLiteral.str1.4
                0x0800db14       0x15 CMakeFiles/My_FlyBack.elf.dir/User/Src/core_json.c.obj
 *fill*         0x0800db29        0x3 
 .rodata.skipScalars.str1.4
                0x0800db2c       0x17 CMakeFiles/My_FlyBack.elf.dir/User/Src/core_json.c.obj
 *fill*         0x0800db43        0x1 
 .rodata.nextValue.str1.4
                0x0800db44       0x2d CMakeFiles/My_FlyBack.elf.dir/User/Src/core_json.c.obj
 *fill*         0x0800db71        0x3 
 .rodata.arraySearch.str1.4
                0x0800db74       0x3f CMakeFiles/My_FlyBack.elf.dir/User/Src/core_json.c.obj
 *fill*         0x0800dbb3        0x1 
 .rodata.skipQueryPart.str1.4
                0x0800dbb4       0x49 CMakeFiles/My_FlyBack.elf.dir/User/Src/core_json.c.obj
 *fill*         0x0800dbfd        0x3 
 .rodata.nextKeyValuePair.str1.4
                0x0800dc00       0x29 CMakeFiles/My_FlyBack.elf.dir/User/Src/core_json.c.obj
 *fill*         0x0800dc29        0x3 
 .rodata.objectSearch.str1.4
                0x0800dc2c       0x25 CMakeFiles/My_FlyBack.elf.dir/User/Src/core_json.c.obj
 *fill*         0x0800dc51        0x3 
 .rodata.multiSearch.str1.4
                0x0800dc54       0x25 CMakeFiles/My_FlyBack.elf.dir/User/Src/core_json.c.obj
 *fill*         0x0800dc79        0x3 
 .rodata.__func__.1
                0x0800dc7c       0x11 CMakeFiles/My_FlyBack.elf.dir/User/Src/core_json.c.obj
 *fill*         0x0800dc8d        0x3 
 .rodata.__func__.10
                0x0800dc90        0xc CMakeFiles/My_FlyBack.elf.dir/User/Src/core_json.c.obj
 .rodata.__func__.11
                0x0800dc9c       0x12 CMakeFiles/My_FlyBack.elf.dir/User/Src/core_json.c.obj
 *fill*         0x0800dcae        0x2 
 .rodata.__func__.12
                0x0800dcb0        0xf CMakeFiles/My_FlyBack.elf.dir/User/Src/core_json.c.obj
 *fill*         0x0800dcbf        0x1 
 .rodata.__func__.13
                0x0800dcc0        0xd CMakeFiles/My_FlyBack.elf.dir/User/Src/core_json.c.obj
 *fill*         0x0800dccd        0x3 
 .rodata.__func__.14
                0x0800dcd0        0xd CMakeFiles/My_FlyBack.elf.dir/User/Src/core_json.c.obj
 *fill*         0x0800dcdd        0x3 
 .rodata.__func__.15
                0x0800dce0        0xb CMakeFiles/My_FlyBack.elf.dir/User/Src/core_json.c.obj
 *fill*         0x0800dceb        0x1 
 .rodata.__func__.16
                0x0800dcec        0xb CMakeFiles/My_FlyBack.elf.dir/User/Src/core_json.c.obj
 *fill*         0x0800dcf7        0x1 
 .rodata.__func__.17
                0x0800dcf8        0x7 CMakeFiles/My_FlyBack.elf.dir/User/Src/core_json.c.obj
 *fill*         0x0800dcff        0x1 
 .rodata.__func__.18
                0x0800dd00        0xc CMakeFiles/My_FlyBack.elf.dir/User/Src/core_json.c.obj
 .rodata.__func__.19
                0x0800dd0c        0x9 CMakeFiles/My_FlyBack.elf.dir/User/Src/core_json.c.obj
 *fill*         0x0800dd15        0x3 
 .rodata.__func__.2
                0x0800dd18        0xd CMakeFiles/My_FlyBack.elf.dir/User/Src/core_json.c.obj
 *fill*         0x0800dd25        0x3 
 .rodata.__func__.20
                0x0800dd28       0x11 CMakeFiles/My_FlyBack.elf.dir/User/Src/core_json.c.obj
 *fill*         0x0800dd39        0x3 
 .rodata.__func__.21
                0x0800dd3c        0xe CMakeFiles/My_FlyBack.elf.dir/User/Src/core_json.c.obj
 *fill*         0x0800dd4a        0x2 
 .rodata.__func__.22
                0x0800dd4c        0xb CMakeFiles/My_FlyBack.elf.dir/User/Src/core_json.c.obj
 *fill*         0x0800dd57        0x1 
 .rodata.__func__.23
                0x0800dd58        0xb CMakeFiles/My_FlyBack.elf.dir/User/Src/core_json.c.obj
 *fill*         0x0800dd63        0x1 
 .rodata.__func__.3
                0x0800dd64        0xe CMakeFiles/My_FlyBack.elf.dir/User/Src/core_json.c.obj
 *fill*         0x0800dd72        0x2 
 .rodata.__func__.4
                0x0800dd74        0xa CMakeFiles/My_FlyBack.elf.dir/User/Src/core_json.c.obj
 *fill*         0x0800dd7e        0x2 
 .rodata.__func__.5
                0x0800dd80        0xc CMakeFiles/My_FlyBack.elf.dir/User/Src/core_json.c.obj
 .rodata.__func__.6
                0x0800dd8c        0xc CMakeFiles/My_FlyBack.elf.dir/User/Src/core_json.c.obj
 .rodata.__func__.7
                0x0800dd98        0xa CMakeFiles/My_FlyBack.elf.dir/User/Src/core_json.c.obj
 *fill*         0x0800dda2        0x2 
 .rodata.__func__.8
                0x0800dda4       0x12 CMakeFiles/My_FlyBack.elf.dir/User/Src/core_json.c.obj
 *fill*         0x0800ddb6        0x2 
 .rodata.__func__.9
                0x0800ddb8       0x11 CMakeFiles/My_FlyBack.elf.dir/User/Src/core_json.c.obj
 *fill*         0x0800ddc9        0x3 
 .rodata.__assert_func.str1.4
                0x0800ddcc       0x3f d:/a_userdownload/clion2cubemx_tool/gcc-arm-none-eabi-10.3-2021.10-win32/gcc-arm-none-eabi-10.3-2021.10/bin/../lib/gcc/arm-none-eabi/10.3.1/../../../../arm-none-eabi/lib/thumb/v7-m/nofp\libg.a(lib_a-assert.o)
                                 0x43 (size before relaxing)
 *fill*         0x0800de0b        0x1 
 .rodata._global_impure_ptr
                0x0800de0c        0x4 d:/a_userdownload/clion2cubemx_tool/gcc-arm-none-eabi-10.3-2021.10-win32/gcc-arm-none-eabi-10.3-2021.10/bin/../lib/gcc/arm-none-eabi/10.3.1/../../../../arm-none-eabi/lib/thumb/v7-m/nofp\libg.a(lib_a-impure.o)
                0x0800de0c                _global_impure_ptr
 .rodata._puts_r.str1.4
                0x0800de10       0x3f d:/a_userdownload/clion2cubemx_tool/gcc-arm-none-eabi-10.3-2021.10-win32/gcc-arm-none-eabi-10.3-2021.10/bin/../lib/gcc/arm-none-eabi/10.3.1/../../../../arm-none-eabi/lib/thumb/v7-m/nofp\libg.a(lib_a-puts.o)
                                  0x2 (size before relaxing)
 .rodata._vfiprintf_r.str1.4
                0x0800de10       0x2f d:/a_userdownload/clion2cubemx_tool/gcc-arm-none-eabi-10.3-2021.10-win32/gcc-arm-none-eabi-10.3-2021.10/bin/../lib/gcc/arm-none-eabi/10.3.1/../../../../arm-none-eabi/lib/thumb/v7-m/nofp\libg.a(lib_a-vfiprintf.o)
 *fill*         0x0800de3f        0x1 
 .rodata.blanks.1
                0x0800de40       0x10 d:/a_userdownload/clion2cubemx_tool/gcc-arm-none-eabi-10.3-2021.10-win32/gcc-arm-none-eabi-10.3-2021.10/bin/../lib/gcc/arm-none-eabi/10.3.1/../../../../arm-none-eabi/lib/thumb/v7-m/nofp\libg.a(lib_a-vfiprintf.o)
 .rodata.zeroes.0
                0x0800de50       0x10 d:/a_userdownload/clion2cubemx_tool/gcc-arm-none-eabi-10.3-2021.10-win32/gcc-arm-none-eabi-10.3-2021.10/bin/../lib/gcc/arm-none-eabi/10.3.1/../../../../arm-none-eabi/lib/thumb/v7-m/nofp\libg.a(lib_a-vfiprintf.o)
 .rodata._vfprintf_r.str1.4
                0x0800de60       0x12 d:/a_userdownload/clion2cubemx_tool/gcc-arm-none-eabi-10.3-2021.10-win32/gcc-arm-none-eabi-10.3-2021.10/bin/../lib/gcc/arm-none-eabi/10.3.1/../../../../arm-none-eabi/lib/thumb/v7-m/nofp\libg.a(lib_a-vfprintf.o)
                                 0x42 (size before relaxing)
 *fill*         0x0800de72        0x2 
 .rodata.blanks.1
                0x0800de74       0x10 d:/a_userdownload/clion2cubemx_tool/gcc-arm-none-eabi-10.3-2021.10-win32/gcc-arm-none-eabi-10.3-2021.10/bin/../lib/gcc/arm-none-eabi/10.3.1/../../../../arm-none-eabi/lib/thumb/v7-m/nofp\libg.a(lib_a-vfprintf.o)
 .rodata.zeroes.0
                0x0800de84       0x10 d:/a_userdownload/clion2cubemx_tool/gcc-arm-none-eabi-10.3-2021.10-win32/gcc-arm-none-eabi-10.3-2021.10/bin/../lib/gcc/arm-none-eabi/10.3.1/../../../../arm-none-eabi/lib/thumb/v7-m/nofp\libg.a(lib_a-vfprintf.o)
 .rodata._dtoa_r.str1.4
                0x0800de94       0xa2 d:/a_userdownload/clion2cubemx_tool/gcc-arm-none-eabi-10.3-2021.10-win32/gcc-arm-none-eabi-10.3-2021.10/bin/../lib/gcc/arm-none-eabi/10.3.1/../../../../arm-none-eabi/lib/thumb/v7-m/nofp\libg.a(lib_a-dtoa.o)
                                 0xa6 (size before relaxing)
 *fill*         0x0800df36        0x2 
 .rodata._setlocale_r.str1.4
                0x0800df38        0xa d:/a_userdownload/clion2cubemx_tool/gcc-arm-none-eabi-10.3-2021.10-win32/gcc-arm-none-eabi-10.3-2021.10/bin/../lib/gcc/arm-none-eabi/10.3.1/../../../../arm-none-eabi/lib/thumb/v7-m/nofp\libg.a(lib_a-locale.o)
                                  0xd (size before relaxing)
 *fill*         0x0800df42        0x2 
 .rodata.str1.4