Archive member included to satisfy reference by file (symbol)

d:/a_userdownload/clion2cubemx_tool/gcc-arm-none-eabi-10.3-2021.10-win32/gcc-arm-none-eabi-10.3-2021.10/bin/../lib/gcc/arm-none-eabi/10.3.1/../../../../arm-none-eabi/lib/thumb/v7-m/nofp\libg.a(lib_a-errno.o)
                              CMakeFiles/Free_Rtos_1.elf.dir/Core/Src/syscalls.c.obj (__errno)
d:/a_userdownload/clion2cubemx_tool/gcc-arm-none-eabi-10.3-2021.10-win32/gcc-arm-none-eabi-10.3-2021.10/bin/../lib/gcc/arm-none-eabi/10.3.1/../../../../arm-none-eabi/lib/thumb/v7-m/nofp\libg.a(lib_a-exit.o)
                              d:/a_userdownload/clion2cubemx_tool/gcc-arm-none-eabi-10.3-2021.10-win32/gcc-arm-none-eabi-10.3-2021.10/bin/../lib/gcc/arm-none-eabi/10.3.1/../../../../arm-none-eabi/lib/thumb/v7-m/nofp/crt0.o (exit)
d:/a_userdownload/clion2cubemx_tool/gcc-arm-none-eabi-10.3-2021.10-win32/gcc-arm-none-eabi-10.3-2021.10/bin/../lib/gcc/arm-none-eabi/10.3.1/../../../../arm-none-eabi/lib/thumb/v7-m/nofp\libg.a(lib_a-impure.o)
                              d:/a_userdownload/clion2cubemx_tool/gcc-arm-none-eabi-10.3-2021.10-win32/gcc-arm-none-eabi-10.3-2021.10/bin/../lib/gcc/arm-none-eabi/10.3.1/../../../../arm-none-eabi/lib/thumb/v7-m/nofp\libg.a(lib_a-exit.o) (_global_impure_ptr)
d:/a_userdownload/clion2cubemx_tool/gcc-arm-none-eabi-10.3-2021.10-win32/gcc-arm-none-eabi-10.3-2021.10/bin/../lib/gcc/arm-none-eabi/10.3.1/../../../../arm-none-eabi/lib/thumb/v7-m/nofp\libg.a(lib_a-init.o)
                              d:/a_userdownload/clion2cubemx_tool/gcc-arm-none-eabi-10.3-2021.10-win32/gcc-arm-none-eabi-10.3-2021.10/bin/../lib/gcc/arm-none-eabi/10.3.1/../../../../arm-none-eabi/lib/thumb/v7-m/nofp/crt0.o (__libc_init_array)
d:/a_userdownload/clion2cubemx_tool/gcc-arm-none-eabi-10.3-2021.10-win32/gcc-arm-none-eabi-10.3-2021.10/bin/../lib/gcc/arm-none-eabi/10.3.1/../../../../arm-none-eabi/lib/thumb/v7-m/nofp\libg.a(lib_a-memcpy.o)
                              CMakeFiles/Free_Rtos_1.elf.dir/Middlewares/Third_Party/FreeRTOS/Source/queue.c.obj (memcpy)
d:/a_userdownload/clion2cubemx_tool/gcc-arm-none-eabi-10.3-2021.10-win32/gcc-arm-none-eabi-10.3-2021.10/bin/../lib/gcc/arm-none-eabi/10.3.1/../../../../arm-none-eabi/lib/thumb/v7-m/nofp\libg.a(lib_a-memset.o)
                              d:/a_userdownload/clion2cubemx_tool/gcc-arm-none-eabi-10.3-2021.10-win32/gcc-arm-none-eabi-10.3-2021.10/bin/../lib/gcc/arm-none-eabi/10.3.1/../../../../arm-none-eabi/lib/thumb/v7-m/nofp/crt0.o (memset)
d:/a_userdownload/clion2cubemx_tool/gcc-arm-none-eabi-10.3-2021.10-win32/gcc-arm-none-eabi-10.3-2021.10/bin/../lib/gcc/arm-none-eabi/10.3.1/../../../../arm-none-eabi/lib/thumb/v7-m/nofp\libg.a(lib_a-printf.o)
                              CMakeFiles/Free_Rtos_1.elf.dir/Core/Src/freertos.c.obj (printf)
d:/a_userdownload/clion2cubemx_tool/gcc-arm-none-eabi-10.3-2021.10-win32/gcc-arm-none-eabi-10.3-2021.10/bin/../lib/gcc/arm-none-eabi/10.3.1/../../../../arm-none-eabi/lib/thumb/v7-m/nofp\libg.a(lib_a-puts.o)
                              CMakeFiles/Free_Rtos_1.elf.dir/Core/Src/freertos.c.obj (puts)
d:/a_userdownload/clion2cubemx_tool/gcc-arm-none-eabi-10.3-2021.10-win32/gcc-arm-none-eabi-10.3-2021.10/bin/../lib/gcc/arm-none-eabi/10.3.1/../../../../arm-none-eabi/lib/thumb/v7-m/nofp\libg.a(lib_a-setvbuf.o)
                              CMakeFiles/Free_Rtos_1.elf.dir/UserApp/retarget.c.obj (setvbuf)
d:/a_userdownload/clion2cubemx_tool/gcc-arm-none-eabi-10.3-2021.10-win32/gcc-arm-none-eabi-10.3-2021.10/bin/../lib/gcc/arm-none-eabi/10.3.1/../../../../arm-none-eabi/lib/thumb/v7-m/nofp\libg.a(lib_a-strlen-stub.o)
                              d:/a_userdownload/clion2cubemx_tool/gcc-arm-none-eabi-10.3-2021.10-win32/gcc-arm-none-eabi-10.3-2021.10/bin/../lib/gcc/arm-none-eabi/10.3.1/../../../../arm-none-eabi/lib/thumb/v7-m/nofp\libg.a(lib_a-puts.o) (strlen)
d:/a_userdownload/clion2cubemx_tool/gcc-arm-none-eabi-10.3-2021.10-win32/gcc-arm-none-eabi-10.3-2021.10/bin/../lib/gcc/arm-none-eabi/10.3.1/../../../../arm-none-eabi/lib/thumb/v7-m/nofp\libg.a(lib_a-vfprintf.o)
                              d:/a_userdownload/clion2cubemx_tool/gcc-arm-none-eabi-10.3-2021.10-win32/gcc-arm-none-eabi-10.3-2021.10/bin/../lib/gcc/arm-none-eabi/10.3.1/../../../../arm-none-eabi/lib/thumb/v7-m/nofp\libg.a(lib_a-printf.o) (_vfprintf_r)
d:/a_userdownload/clion2cubemx_tool/gcc-arm-none-eabi-10.3-2021.10-win32/gcc-arm-none-eabi-10.3-2021.10/bin/../lib/gcc/arm-none-eabi/10.3.1/../../../../arm-none-eabi/lib/thumb/v7-m/nofp\libg.a(lib_a-wsetup.o)
                              d:/a_userdownload/clion2cubemx_tool/gcc-arm-none-eabi-10.3-2021.10-win32/gcc-arm-none-eabi-10.3-2021.10/bin/../lib/gcc/arm-none-eabi/10.3.1/../../../../arm-none-eabi/lib/thumb/v7-m/nofp\libg.a(lib_a-vfprintf.o) (__swsetup_r)
[...]
Memory Configuration

Name             Origin             Length             Attributes
RAM              0x20000000         0x00005000         xrw
FLASH            0x08000000         0x00010000         xr
*default*        0x00000000         0xffffffff

Linker script and memory map

LOAD d:/a_userdownload/clion2cubemx_tool/gcc-arm-none-eabi-10.3-2021.10-win32/gcc-arm-none-eabi-10.3-2021.10/bin/../lib/gcc/arm-none-eabi/10.3.1/thumb/v7-m/nofp/crti.o
LOAD d:/a_userdownload/clion2cubemx_tool/gcc-arm-none-eabi-10.3-2021.10-win32/gcc-arm-none-eabi-10.3-2021.10/bin/../lib/gcc/arm-none-eabi/10.3.1/thumb/v7-m/nofp/crtbegin.o
LOAD d:/a_userdownload/clion2cubemx_tool/gcc-arm-none-eabi-10.3-2021.10-win32/gcc-arm-none-eabi-10.3-2021.10/bin/../lib/gcc/arm-none-eabi/10.3.1/../../../../arm-none-eabi/lib/thumb/v7-m/nofp/crt0.o
LOAD CMakeFiles/Free_Rtos_1.elf.dir/Core/Src/dma.c.obj
LOAD CMakeFiles/Free_Rtos_1.elf.dir/Core/Src/freertos.c.obj
LOAD CMakeFiles/Free_Rtos_1.elf.dir/Core/Src/gpio.c.obj
LOAD CMakeFiles/Free_Rtos_1.elf.dir/Core/Src/main.c.obj
LOAD CMakeFiles/Free_Rtos_1.elf.dir/Core/Src/stm32f1xx_hal_msp.c.obj
LOAD CMakeFiles/Free_Rtos_1.elf.dir/Core/Src/stm32f1xx_hal_timebase_tim.c.obj
LOAD CMakeFiles/Free_Rtos_1.elf.dir/Core/Src/stm32f1xx_it.c.obj
LOAD CMakeFiles/Free_Rtos_1.elf.dir/Core/Src/syscalls.c.obj
LOAD CMakeFiles/Free_Rtos_1.elf.dir/Core/Src/system_stm32f1xx.c.obj
LOAD CMakeFiles/Free_Rtos_1.elf.dir/Core/Src/usart.c.obj
LOAD CMakeFiles/Free_Rtos_1.elf.dir/Drivers/STM32F1xx_HAL_Driver/Src/stm32f1xx_hal.c.obj
LOAD CMakeFiles/Free_Rtos_1.elf.dir/Drivers/STM32F1xx_HAL_Driver/Src/stm32f1xx_hal_cortex.c.obj
LOAD CMakeFiles/Free_Rtos_1.elf.dir/Drivers/STM32F1xx_HAL_Driver/Src/stm32f1xx_hal_dma.c.obj
LOAD CMakeFiles/Free_Rtos_1.elf.dir/Drivers/STM32F1xx_HAL_Driver/Src/stm32f1xx_hal_exti.c.obj
LOAD CMakeFiles/Free_Rtos_1.elf.dir/Drivers/STM32F1xx_HAL_Driver/Src/stm32f1xx_hal_flash.c.obj
LOAD CMakeFiles/Free_Rtos_1.elf.dir/Drivers/STM32F1xx_HAL_Driver/Src/stm32f1xx_hal_flash_ex.c.obj
LOAD CMakeFiles/Free_Rtos_1.elf.dir/Drivers/STM32F1xx_HAL_Driver/Src/stm32f1xx_hal_gpio.c.obj
LOAD CMakeFiles/Free_Rtos_1.elf.dir/Drivers/STM32F1xx_HAL_Driver/Src/stm32f1xx_hal_gpio_ex.c.obj
LOAD CMakeFiles/Free_Rtos_1.elf.dir/Drivers/STM32F1xx_HAL_Driver/Src/stm32f1xx_hal_pwr.c.obj
LOAD CMakeFiles/Free_Rtos_1.elf.dir/Drivers/STM32F1xx_HAL_Driver/Src/stm32f1xx_hal_rcc.c.obj
LOAD CMakeFiles/Free_Rtos_1.elf.dir/Drivers/STM32F1xx_HAL_Driver/Src/stm32f1xx_hal_rcc_ex.c.obj
LOAD CMakeFiles/Free_Rtos_1.elf.dir/Drivers/STM32F1xx_HAL_Driver/Src/stm32f1xx_hal_tim.c.obj
LOAD CMakeFiles/Free_Rtos_1.elf.dir/Drivers/STM32F1xx_HAL_Driver/Src/stm32f1xx_hal_tim_ex.c.obj
LOAD CMakeFiles/Free_Rtos_1.elf.dir/Drivers/STM32F1xx_HAL_Driver/Src/stm32f1xx_hal_uart.c.obj
LOAD CMakeFiles/Free_Rtos_1.elf.dir/Middlewares/Third_Party/FreeRTOS/Source/CMSIS_RTOS/cmsis_os.c.obj
LOAD CMakeFiles/Free_Rtos_1.elf.dir/Middlewares/Third_Party/FreeRTOS/Source/croutine.c.obj
LOAD CMakeFiles/Free_Rtos_1.elf.dir/Middlewares/Third_Party/FreeRTOS/Source/event_groups.c.obj
LOAD CMakeFiles/Free_Rtos_1.elf.dir/Middlewares/Third_Party/FreeRTOS/Source/list.c.obj
LOAD CMakeFiles/Free_Rtos_1.elf.dir/Middlewares/Third_Party/FreeRTOS/Source/portable/GCC/ARM_CM3/port.c.obj
LOAD CMakeFiles/Free_Rtos_1.elf.dir/Middlewares/Third_Party/FreeRTOS/Source/portable/MemMang/heap_4.c.obj
LOAD CMakeFiles/Free_Rtos_1.elf.dir/Middlewares/Third_Party/FreeRTOS/Source/queue.c.obj
LOAD CMakeFiles/Free_Rtos_1.elf.dir/Middlewares/Third_Party/FreeRTOS/Source/stream_buffer.c.obj
LOAD CMakeFiles/Free_Rtos_1.elf.dir/Middlewares/Third_Party/FreeRTOS/Source/tasks.c.obj
LOAD CMakeFiles/Free_Rtos_1.elf.dir/Middlewares/Third_Party/FreeRTOS/Source/timers.c.obj
LOAD CMakeFiles/Free_Rtos_1.elf.dir/UserApp/retarget.c.obj
LOAD CMakeFiles/Free_Rtos_1.elf.dir/startup/startup_stm32f103xb.s.obj
START GROUP
LOAD d:/a_userdownload/clion2cubemx_tool/gcc-arm-none-eabi-10.3-2021.10-win32/gcc-arm-none-eabi-10.3-2021.10/bin/../lib/gcc/arm-none-eabi/10.3.1/thumb/v7-m/nofp\libgcc.a
LOAD d:/a_userdownload/clion2cubemx_tool/gcc-arm-none-eabi-10.3-2021.10-win32/gcc-arm-none-eabi-10.3-2021.10/bin/../lib/gcc/arm-none-eabi/10.3.1/../../../../arm-none-eabi/lib/thumb/v7-m/nofp\libg.a
LOAD d:/a_userdownload/clion2cubemx_tool/gcc-arm-none-eabi-10.3-2021.10-win32/gcc-arm-none-eabi-10.3-2021.10/bin/../lib/gcc/arm-none-eabi/10.3.1/../../../../arm-none-eabi/lib/thumb/v7-m/nofp\libc.a
END GROUP
LOAD d:/a_userdownload/clion2cubemx_tool/gcc-arm-none-eabi-10.3-2021.10-win32/gcc-arm-none-eabi-10.3-2021.10/bin/../lib/gcc/arm-none-eabi/10.3.1/thumb/v7-m/nofp/crtend.o
LOAD d:/a_userdownload/clion2cubemx_tool/gcc-arm-none-eabi-10.3-2021.10-win32/gcc-arm-none-eabi-10.3-2021.10/bin/../lib/gcc/arm-none-eabi/10.3.1/thumb/v7-m/nofp/crtn.o
                0x20005000                _estack = (ORIGIN (RAM) + LENGTH (RAM))
                0x00000200                _Min_Heap_Size = 0x200
                0x00000400                _Min_Stack_Size = 0x400

.isr_vector     0x08000000      0x10c
                0x08000000                . = ALIGN (0x4)
 *(.isr_vector)
 .isr_vector    0x08000000      0x10c CMakeFiles/Free_Rtos_1.elf.dir/startup/startup_stm32f103xb.s.obj
                0x08000000                g_pfnVectors
                0x0800010c                . = ALIGN (0x4)

.text           0x08000110     0xa3e0
                0x08000110                . = ALIGN (0x4)
 *(.text)
 .text          0x08000110       0x40 d:/a_userdownload/clion2cubemx_tool/gcc-arm-none-eabi-10.3-2021.10-win32/gcc-arm-none-eabi-10.3-2021.10/bin/../lib/gcc/arm-none-eabi/10.3.1/thumb/v7-m/nofp/crtbegin.o
 .text          0x08000150       0xec d:/a_userdownload/clion2cubemx_tool/gcc-arm-none-eabi-10.3-2021.10-win32/gcc-arm-none-eabi-10.3-2021.10/bin/../lib/gcc/arm-none-eabi/10.3.1/../../../../arm-none-eabi/lib/thumb/v7-m/nofp\libg.a(lib_a-memcpy.o)
                0x08000150                memcpy
 .text          0x0800023c      0x378 d:/a_userdownload/clion2cubemx_tool/gcc-arm-none-eabi-10.3-2021.10-win32/gcc-arm-none-eabi-10.3-2021.10/bin/../lib/gcc/arm-none-eabi/10.3.1/thumb/v7-m/nofp\libgcc.a(_arm_addsubdf3.o)
                0x0800023c                __aeabi_drsub
                0x08000244                __aeabi_dsub
                0x08000244                __subdf3
                0x08000248                __aeabi_dadd
                0x08000248                __adddf3
                0x080004c0                __floatunsidf
                0x080004c0                __aeabi_ui2d
                0x080004e0                __floatsidf
                0x080004e0                __aeabi_i2d
                0x08000504                __aeabi_f2d
                0x08000504                __extendsfdf2
                0x08000548                __floatundidf
                0x08000548                __aeabi_ul2d
                0x08000558                __floatdidf
                0x08000558                __aeabi_l2d
 .text          0x080005b4      0x424 d:/a_userdownload/clion2cubemx_tool/gcc-arm-none-eabi-10.3-2021.10-win32/gcc-arm-none-eabi-10.3-2021.10/bin/../lib/gcc/arm-none-eabi/10.3.1/thumb/v7-m/nofp\libgcc.a(_arm_muldivdf3.o)
                0x080005b4                __aeabi_dmul
                0x080005b4                __muldf3
                0x08000808                __divdf3
                0x08000808                __aeabi_ddiv
 .text          0x080009d8      0x110 d:/a_userdownload/clion2cubemx_tool/gcc-arm-none-eabi-10.3-2021.10-win32/gcc-arm-none-eabi-10.3-2021.10/bin/../lib/gcc/arm-none-eabi/10.3.1/thumb/v7-m/nofp\libgcc.a(_arm_cmpdf2.o)
                0x080009d8                __gtdf2
                0x080009d8                __gedf2
                0x080009e0                __ltdf2
                0x080009e0                __ledf2
                0x080009e8                __nedf2
                0x080009e8                __eqdf2
                0x080009e8                __cmpdf2
                0x08000a64                __aeabi_cdrcmple
                0x08000a74                __aeabi_cdcmpeq
                0x08000a74                __aeabi_cdcmple
                0x08000a84                __aeabi_dcmpeq
                0x08000a98                __aeabi_dcmplt
                0x08000aac                __aeabi_dcmple
                0x08000ac0                __aeabi_dcmpge
                0x08000ad4                __aeabi_dcmpgt
 .text          0x08000ae8       0x2c d:/a_userdownload/clion2cubemx_tool/gcc-arm-none-eabi-10.3-2021.10-win32/gcc-arm-none-eabi-10.3-2021.10/bin/../lib/gcc/arm-none-eabi/10.3.1/thumb/v7-m/nofp\libgcc.a(_arm_unorddf2.o)
                0x08000ae8                __unorddf2
                0x08000ae8                __aeabi_dcmpun
 .text          0x08000b14       0x50 d:/a_userdownload/clion2cubemx_tool/gcc-arm-none-eabi-10.3-2021.10-win32/gcc-arm-none-eabi-10.3-2021.10/bin/../lib/gcc/arm-none-eabi/10.3.1/thumb/v7-m/nofp\libgcc.a(_arm_fixdfsi.o)
                0x08000b14                __aeabi_d2iz
                0x08000b14                __fixdfsi
 .text          0x08000b64       0x30 d:/a_userdownload/clion2cubemx_tool/gcc-arm-none-eabi-10.3-2021.10-win32/gcc-arm-none-eabi-10.3-2021.10/bin/../lib/gcc/arm-none-eabi/10.3.1/thumb/v7-m/nofp\libgcc.a(_aeabi_uldivmod.o)
                0x08000b64                __aeabi_uldivmod
 .text          0x08000b94      0x2d4 d:/a_userdownload/clion2cubemx_tool/gcc-arm-none-eabi-10.3-2021.10-win32/gcc-arm-none-eabi-10.3-2021.10/bin/../lib/gcc/arm-none-eabi/10.3.1/thumb/v7-m/nofp\libgcc.a(_udivmoddi4.o)
                0x08000b94                __udivmoddi4
 .text          0x08000e68        0x4 d:/a_userdownload/clion2cubemx_tool/gcc-arm-none-eabi-10.3-2021.10-win32/gcc-arm-none-eabi-10.3-2021.10/bin/../lib/gcc/arm-none-eabi/10.3.1/thumb/v7-m/nofp\libgcc.a(_dvmd_tls.o)
                0x08000e68                __aeabi_idiv0
                0x08000e68                __aeabi_ldiv0
 *(.text*)
 .text.MX_DMA_Init
                0x08000e6c       0x34 CMakeFiles/Free_Rtos_1.elf.dir/Core/Src/dma.c.obj
                0x08000e6c                MX_DMA_Init
 .text.StartDefaultTask
                0x08000ea0        0xa CMakeFiles/Free_Rtos_1.elf.dir/Core/Src/freertos.c.obj
                0x08000ea0                StartDefaultTask
 *fill*         0x08000eaa        0x2 
 .text.StartTaskLED1
                0x08000eac       0x24 CMakeFiles/Free_Rtos_1.elf.dir/Core/Src/freertos.c.obj
                0x08000eac                StartTaskLED1
 .text.StartTaskLED2
                0x08000ed0       0x68 CMakeFiles/Free_Rtos_1.elf.dir/Core/Src/freertos.c.obj
                0x08000ed0                StartTaskLED2
 .text.StartTaskLED3
                0x08000f38       0x78 CMakeFiles/Free_Rtos_1.elf.dir/Core/Src/freertos.c.obj
                0x08000f38                StartTaskLED3
 .text.vApplicationGetIdleTaskMemory
                0x08000fb0       0x18 CMakeFiles/Free_Rtos_1.elf.dir/Core/Src/freertos.c.obj
                0x08000fb0                vApplicationGetIdleTaskMemory
 .text.MX_FREERTOS_Init
                0x08000fc8       0xd0 CMakeFiles/Free_Rtos_1.elf.dir/Core/Src/freertos.c.obj
                0x08000fc8                MX_FREERTOS_Init
 .text.MX_GPIO_Init
                0x08001098       0x64 CMakeFiles/Free_Rtos_1.elf.dir/Core/Src/gpio.c.obj
                0x08001098                MX_GPIO_Init
 .text.HAL_TIM_PeriodElapsedCallback
                0x080010fc       0x18 CMakeFiles/Free_Rtos_1.elf.dir/Core/Src/main.c.obj
                0x080010fc                HAL_TIM_PeriodElapsedCallback
 .text.Error_Handler
                0x08001114        0x4 CMakeFiles/Free_Rtos_1.elf.dir/Core/Src/main.c.obj
                0x08001114                Error_Handler
 .text.SystemClock_Config
                0x08001118       0x64 CMakeFiles/Free_Rtos_1.elf.dir/Core/Src/main.c.obj
                0x08001118                SystemClock_Config
 .text.main     0x0800117c       0x50 CMakeFiles/Free_Rtos_1.elf.dir/Core/Src/main.c.obj
                0x0800117c                main
 .text.HAL_MspInit
                0x080011cc       0x54 CMakeFiles/Free_Rtos_1.elf.dir/Core/Src/stm32f1xx_hal_msp.c.obj
                0x080011cc                HAL_MspInit
 .text.HAL_InitTick
                0x08001220       0x78 CMakeFiles/Free_Rtos_1.elf.dir/Core/Src/stm32f1xx_hal_timebase_tim.c.obj
                0x08001220                HAL_InitTick
 .text.NMI_Handler
                0x08001298        0x2 CMakeFiles/Free_Rtos_1.elf.dir/Core/Src/stm32f1xx_it.c.obj
                0x08001298                NMI_Handler
 .text.HardFault_Handler
                0x0800129a        0x2 CMakeFiles/Free_Rtos_1.elf.dir/Core/Src/stm32f1xx_it.c.obj
                0x0800129a                HardFault_Handler
 .text.MemManage_Handler
                0x0800129c        0x2 CMakeFiles/Free_Rtos_1.elf.dir/Core/Src/stm32f1xx_it.c.obj
                0x0800129c                MemManage_Handler
 .text.BusFault_Handler
                0x0800129e        0x2 CMakeFiles/Free_Rtos_1.elf.dir/Core/Src/stm32f1xx_it.c.obj
                0x0800129e                BusFault_Handler
 .text.UsageFault_Handler
                0x080012a0        0x2 CMakeFiles/Free_Rtos_1.elf.dir/Core/Src/stm32f1xx_it.c.obj
                0x080012a0                UsageFault_Handler
 .text.DebugMon_Handler
                0x080012a2        0x2 CMakeFiles/Free_Rtos_1.elf.dir/Core/Src/stm32f1xx_it.c.obj
                0x080012a2                DebugMon_Handler
 .text.DMA1_Channel5_IRQHandler
                0x080012a4       0x10 CMakeFiles/Free_Rtos_1.elf.dir/Core/Src/stm32f1xx_it.c.obj
                0x080012a4                DMA1_Channel5_IRQHandler
 .text.TIM1_UP_IRQHandler
                0x080012b4       0x10 CMakeFiles/Free_Rtos_1.elf.dir/Core/Src/stm32f1xx_it.c.obj
                0x080012b4                TIM1_UP_IRQHandler
 .text._getpid  0x080012c4        0x4 CMakeFiles/Free_Rtos_1.elf.dir/Core/Src/syscalls.c.obj
                0x080012c4                _getpid
 .text._kill    0x080012c8       0x10 CMakeFiles/Free_Rtos_1.elf.dir/Core/Src/syscalls.c.obj
                0x080012c8                _kill
 .text._exit    0x080012d8        0xc CMakeFiles/Free_Rtos_1.elf.dir/Core/Src/syscalls.c.obj
                0x080012d8                _exit
 .text._sbrk    0x080012e4       0x3c CMakeFiles/Free_Rtos_1.elf.dir/Core/Src/syscalls.c.obj
                0x080012e4                _sbrk
 .text.SystemInit
                0x08001320        0x2 CMakeFiles/Free_Rtos_1.elf.dir/Core/Src/system_stm32f1xx.c.obj
                0x08001320                SystemInit
 *fill*         0x08001322        0x2 
 .text.MX_USART1_UART_Init
                0x08001324       0x34 CMakeFiles/Free_Rtos_1.elf.dir/Core/Src/usart.c.obj
                0x08001324                MX_USART1_UART_Init
 .text.HAL_UART_MspInit
                0x08001358       0xac CMakeFiles/Free_Rtos_1.elf.dir/Core/Src/usart.c.obj
                0x08001358                HAL_UART_MspInit
 .text.HAL_Init
                0x08001404       0x24 CMakeFiles/Free_Rtos_1.elf.dir/Drivers/STM32F1xx_HAL_Driver/Src/stm32f1xx_hal.c.obj
                0x08001404                HAL_Init
 .text.HAL_IncTick
                0x08001428       0x18 CMakeFiles/Free_Rtos_1.elf.dir/Drivers/STM32F1xx_HAL_Driver/Src/stm32f1xx_hal.c.obj
                0x08001428                HAL_IncTick
 .text.HAL_GetTick
                0x08001440        0xc CMakeFiles/Free_Rtos_1.elf.dir/Drivers/STM32F1xx_HAL_Driver/Src/stm32f1xx_hal.c.obj
                0x08001440                HAL_GetTick
 .text.HAL_Delay
                0x0800144c       0x28 CMakeFiles/Free_Rtos_1.elf.dir/Drivers/STM32F1xx_HAL_Driver/Src/stm32f1xx_hal.c.obj
                0x0800144c                HAL_Delay
 .text.HAL_NVIC_SetPriorityGrouping
                0x08001474       0x24 CMakeFiles/Free_Rtos_1.elf.dir/Drivers/STM32F1xx_HAL_Driver/Src/stm32f1xx_hal_cortex.c.obj
                0x08001474                HAL_NVIC_SetPriorityGrouping
 .text.HAL_NVIC_SetPriority
                0x08001498       0x70 CMakeFiles/Free_Rtos_1.elf.dir/Drivers/STM32F1xx_HAL_Driver/Src/stm32f1xx_hal_cortex.c.obj
                0x08001498                HAL_NVIC_SetPriority
 .text.HAL_NVIC_EnableIRQ
                0x08001508       0x1c CMakeFiles/Free_Rtos_1.elf.dir/Drivers/STM32F1xx_HAL_Driver/Src/stm32f1xx_hal_cortex.c.obj
                0x08001508                HAL_NVIC_EnableIRQ
 .text.HAL_DMA_Init
                0x08001524       0x6c CMakeFiles/Free_Rtos_1.elf.dir/Drivers/STM32F1xx_HAL_Driver/Src/stm32f1xx_hal_dma.c.obj
                0x08001524                HAL_DMA_Init
 .text.HAL_DMA_IRQHandler
                0x08001590      0x144 CMakeFiles/Free_Rtos_1.elf.dir/Drivers/STM32F1xx_HAL_Driver/Src/stm32f1xx_hal_dma.c.obj
                0x08001590                HAL_DMA_IRQHandler
 .text.HAL_GPIO_Init
                0x080016d4      0x224 CMakeFiles/Free_Rtos_1.elf.dir/Drivers/STM32F1xx_HAL_Driver/Src/stm32f1xx_hal_gpio.c.obj
                0x080016d4                HAL_GPIO_Init
 .text.HAL_GPIO_WritePin
                0x080018f8        0xc CMakeFiles/Free_Rtos_1.elf.dir/Drivers/STM32F1xx_HAL_Driver/Src/stm32f1xx_hal_gpio.c.obj
                0x080018f8                HAL_GPIO_WritePin
 .text.HAL_GPIO_TogglePin
                0x08001904       0x12 CMakeFiles/Free_Rtos_1.elf.dir/Drivers/STM32F1xx_HAL_Driver/Src/stm32f1xx_hal_gpio.c.obj
                0x08001904                HAL_GPIO_TogglePin
 *fill*         0x08001916        0x2 
 .text.RCC_Delay
                0x08001918       0x2c CMakeFiles/Free_Rtos_1.elf.dir/Drivers/STM32F1xx_HAL_Driver/Src/stm32f1xx_hal_rcc.c.obj
 .text.HAL_RCC_OscConfig
                0x08001944      0x410 CMakeFiles/Free_Rtos_1.elf.dir/Drivers/STM32F1xx_HAL_Driver/Src/stm32f1xx_hal_rcc.c.obj
                0x08001944                HAL_RCC_OscConfig
 .text.HAL_RCC_GetSysClockFreq
                0x08001d54       0x54 CMakeFiles/Free_Rtos_1.elf.dir/Drivers/STM32F1xx_HAL_Driver/Src/stm32f1xx_hal_rcc.c.obj
                0x08001d54                HAL_RCC_GetSysClockFreq
 .text.HAL_RCC_ClockConfig
                0x08001da8      0x16c CMakeFiles/Free_Rtos_1.elf.dir/Drivers/STM32F1xx_HAL_Driver/Src/stm32f1xx_hal_rcc.c.obj
                0x08001da8                HAL_RCC_ClockConfig
 .text.HAL_RCC_GetHCLKFreq
                0x08001f14        0xc CMakeFiles/Free_Rtos_1.elf.dir/Drivers/STM32F1xx_HAL_Driver/Src/stm32f1xx_hal_rcc.c.obj
                0x08001f14                HAL_RCC_GetHCLKFreq
 .text.HAL_RCC_GetPCLK1Freq
                0x08001f20       0x20 CMakeFiles/Free_Rtos_1.elf.dir/Drivers/STM32F1xx_HAL_Driver/Src/stm32f1xx_hal_rcc.c.obj
                0x08001f20                HAL_RCC_GetPCLK1Freq
 .text.HAL_RCC_GetPCLK2Freq
                0x08001f40       0x20 CMakeFiles/Free_Rtos_1.elf.dir/Drivers/STM32F1xx_HAL_Driver/Src/stm32f1xx_hal_rcc.c.obj
                0x08001f40                HAL_RCC_GetPCLK2Freq
 .text.HAL_RCC_GetClockConfig
                0x08001f60       0x3c CMakeFiles/Free_Rtos_1.elf.dir/Drivers/STM32F1xx_HAL_Driver/Src/stm32f1xx_hal_rcc.c.obj
                0x08001f60                HAL_RCC_GetClockConfig
 .text.HAL_TIM_Base_MspInit
                0x08001f9c        0x2 CMakeFiles/Free_Rtos_1.elf.dir/Drivers/STM32F1xx_HAL_Driver/Src/stm32f1xx_hal_tim.c.obj
                0x08001f9c                HAL_TIM_Base_MspInit
 *fill*         0x08001f9e        0x2 
 .text.HAL_TIM_Base_Start_IT
                0x08001fa0       0x68 CMakeFiles/Free_Rtos_1.elf.dir/Drivers/STM32F1xx_HAL_Driver/Src/stm32f1xx_hal_tim.c.obj
                0x08001fa0                HAL_TIM_Base_Start_IT
 .text.HAL_TIM_OC_DelayElapsedCallback
                0x08002008        0x2 CMakeFiles/Free_Rtos_1.elf.dir/Drivers/STM32F1xx_HAL_Driver/Src/stm32f1xx_hal_tim.c.obj
                0x08002008                HAL_TIM_OC_DelayElapsedCallback
 .text.HAL_TIM_IC_CaptureCallback
                0x0800200a        0x2 CMakeFiles/Free_Rtos_1.elf.dir/Drivers/STM32F1xx_HAL_Driver/Src/stm32f1xx_hal_tim.c.obj
                0x0800200a                HAL_TIM_IC_CaptureCallback
 .text.HAL_TIM_PWM_PulseFinishedCallback
                0x0800200c        0x2 CMakeFiles/Free_Rtos_1.elf.dir/Drivers/STM32F1xx_HAL_Driver/Src/stm32f1xx_hal_tim.c.obj
                0x0800200c                HAL_TIM_PWM_PulseFinishedCallback
 .text.HAL_TIM_TriggerCallback
                0x0800200e        0x2 CMakeFiles/Free_Rtos_1.elf.dir/Drivers/STM32F1xx_HAL_Driver/Src/stm32f1xx_hal_tim.c.obj
                0x0800200e                HAL_TIM_TriggerCallback
 .text.HAL_TIM_IRQHandler
                0x08002010      0x17a CMakeFiles/Free_Rtos_1.elf.dir/Drivers/STM32F1xx_HAL_Driver/Src/stm32f1xx_hal_tim.c.obj
                0x08002010                HAL_TIM_IRQHandler
 *fill*         0x0800218a        0x2 
 .text.TIM_Base_SetConfig
                0x0800218c       0x74 CMakeFiles/Free_Rtos_1.elf.dir/Drivers/STM32F1xx_HAL_Driver/Src/stm32f1xx_hal_tim.c.obj
                0x0800218c                TIM_Base_SetConfig
 .text.HAL_TIM_Base_Init
                0x08002200       0x58 CMakeFiles/Free_Rtos_1.elf.dir/Drivers/STM32F1xx_HAL_Driver/Src/stm32f1xx_hal_tim.c.obj
                0x08002200                HAL_TIM_Base_Init
 .text.HAL_TIMEx_CommutCallback
                0x08002258        0x2 CMakeFiles/Free_Rtos_1.elf.dir/Drivers/STM32F1xx_HAL_Driver/Src/stm32f1xx_hal_tim_ex.c.obj
                0x08002258                HAL_TIMEx_CommutCallback
 .text.HAL_TIMEx_BreakCallback
                0x0800225a        0x2 CMakeFiles/Free_Rtos_1.elf.dir/Drivers/STM32F1xx_HAL_Driver/Src/stm32f1xx_hal_tim_ex.c.obj
                0x0800225a                HAL_TIMEx_BreakCallback
 .text.UART_SetConfig
                0x0800225c       0x94 CMakeFiles/Free_Rtos_1.elf.dir/Drivers/STM32F1xx_HAL_Driver/Src/stm32f1xx_hal_uart.c.obj
 .text.UART_WaitOnFlagUntilTimeout
                0x080022f0       0x88 CMakeFiles/Free_Rtos_1.elf.dir/Drivers/STM32F1xx_HAL_Driver/Src/stm32f1xx_hal_uart.c.obj
 .text.HAL_UART_Init
                0x08002378       0x60 CMakeFiles/Free_Rtos_1.elf.dir/Drivers/STM32F1xx_HAL_Driver/Src/stm32f1xx_hal_uart.c.obj
                0x08002378                HAL_UART_Init
 .text.HAL_UART_Transmit
                0x080023d8       0xbe CMakeFiles/Free_Rtos_1.elf.dir/Drivers/STM32F1xx_HAL_Driver/Src/stm32f1xx_hal_uart.c.obj
                0x080023d8                HAL_UART_Transmit
 .text.HAL_UART_Receive
                0x08002496       0xca CMakeFiles/Free_Rtos_1.elf.dir/Drivers/STM32F1xx_HAL_Driver/Src/stm32f1xx_hal_uart.c.obj
                0x08002496                HAL_UART_Receive
 .text.makeFreeRtosPriority
                0x08002560        0xc CMakeFiles/Free_Rtos_1.elf.dir/Middlewares/Third_Party/FreeRTOS/Source/CMSIS_RTOS/cmsis_os.c.obj
 .text.inHandlerMode
                0x0800256c        0xc CMakeFiles/Free_Rtos_1.elf.dir/Middlewares/Third_Party/FreeRTOS/Source/CMSIS_RTOS/cmsis_os.c.obj
 .text.osKernelStart
                0x08002578        0xa CMakeFiles/Free_Rtos_1.elf.dir/Middlewares/Third_Party/FreeRTOS/Source/CMSIS_RTOS/cmsis_os.c.obj
                0x08002578                osKernelStart
 .text.osThreadCreate
                0x08002582       0x6a CMakeFiles/Free_Rtos_1.elf.dir/Middlewares/Third_Party/FreeRTOS/Source/CMSIS_RTOS/cmsis_os.c.obj
                0x08002582                osThreadCreate
 .text.osDelay  0x080025ec        0xe CMakeFiles/Free_Rtos_1.elf.dir/Middlewares/Third_Party/FreeRTOS/Source/CMSIS_RTOS/cmsis_os.c.obj
                0x080025ec                osDelay
 .text.osMutexCreate
                0x080025fa       0x16 CMakeFiles/Free_Rtos_1.elf.dir/Middlewares/Third_Party/FreeRTOS/Source/CMSIS_RTOS/cmsis_os.c.obj
                0x080025fa                osMutexCreate
 .text.osMutexWait
                0x08002610       0x60 CMakeFiles/Free_Rtos_1.elf.dir/Middlewares/Third_Party/FreeRTOS/Source/CMSIS_RTOS/cmsis_os.c.obj
                0x08002610                osMutexWait
 .text.osMutexRelease
                0x08002670       0x5a CMakeFiles/Free_Rtos_1.elf.dir/Middlewares/Third_Party/FreeRTOS/Source/CMSIS_RTOS/cmsis_os.c.obj
                0x08002670                osMutexRelease
 .text.vListInitialise
                0x080026ca       0x16 CMakeFiles/Free_Rtos_1.elf.dir/Middlewares/Third_Party/FreeRTOS/Source/list.c.obj
                0x080026ca                vListInitialise
 .text.vListInitialiseItem
                0x080026e0        0x6 CMakeFiles/Free_Rtos_1.elf.dir/Middlewares/Third_Party/FreeRTOS/Source/list.c.obj
                0x080026e0                vListInitialiseItem
 .text.vListInsertEnd
                0x080026e6       0x16 CMakeFiles/Free_Rtos_1.elf.dir/Middlewares/Third_Party/FreeRTOS/Source/list.c.obj
                0x080026e6                vListInsertEnd
 .text.vListInsert
                0x080026fc       0x32 CMakeFiles/Free_Rtos_1.elf.dir/Middlewares/Third_Party/FreeRTOS/Source/list.c.obj
                0x080026fc                vListInsert
 .text.uxListRemove
                0x0800272e       0x26 CMakeFiles/Free_Rtos_1.elf.dir/Middlewares/Third_Party/FreeRTOS/Source/list.c.obj
                0x0800272e                uxListRemove
 .text.prvTaskExitError
                0x08002754       0x40 CMakeFiles/Free_Rtos_1.elf.dir/Middlewares/Third_Party/FreeRTOS/Source/portable/GCC/ARM_CM3/port.c.obj
 .text.prvPortStartFirstTask
                0x08002794       0x20 CMakeFiles/Free_Rtos_1.elf.dir/Middlewares/Third_Party/FreeRTOS/Source/portable/GCC/ARM_CM3/port.c.obj
 .text.pxPortInitialiseStack
                0x080027b4       0x24 CMakeFiles/Free_Rtos_1.elf.dir/Middlewares/Third_Party/FreeRTOS/Source/portable/GCC/ARM_CM3/port.c.obj
                0x080027b4                pxPortInitialiseStack
 *fill*         0x080027d8        0x8 
 .text.SVC_Handler
                0x080027e0       0x24 CMakeFiles/Free_Rtos_1.elf.dir/Middlewares/Third_Party/FreeRTOS/Source/portable/GCC/ARM_CM3/port.c.obj
                0x080027e0                SVC_Handler
 .text.vPortEnterCritical
                0x08002804       0x44 CMakeFiles/Free_Rtos_1.elf.dir/Middlewares/Third_Party/FreeRTOS/Source/portable/GCC/ARM_CM3/port.c.obj
                0x08002804                vPortEnterCritical
 .text.vPortExitCritical
                0x08002848       0x2c CMakeFiles/Free_Rtos_1.elf.dir/Middlewares/Third_Party/FreeRTOS/Source/portable/GCC/ARM_CM3/port.c.obj
                0x08002848                vPortExitCritical
 *fill*         0x08002874        0xc 
 .text.PendSV_Handler
                0x08002880       0x44 CMakeFiles/Free_Rtos_1.elf.dir/Middlewares/Third_Party/FreeRTOS/Source/portable/GCC/ARM_CM3/port.c.obj
                0x08002880                PendSV_Handler
 .text.SysTick_Handler
                0x080028c4       0x2c CMakeFiles/Free_Rtos_1.elf.dir/Middlewares/Third_Party/FreeRTOS/Source/portable/GCC/ARM_CM3/port.c.obj
                0x080028c4                SysTick_Handler
 .text.vPortSetupTimerInterrupt
                0x080028f0       0x28 CMakeFiles/Free_Rtos_1.elf.dir/Middlewares/Third_Party/FreeRTOS/Source/portable/GCC/ARM_CM3/port.c.obj
                0x080028f0                vPortSetupTimerInterrupt
 .text.xPortStartScheduler
                0x08002918       0xc0 CMakeFiles/Free_Rtos_1.elf.dir/Middlewares/Third_Party/FreeRTOS/Source/portable/GCC/ARM_CM3/port.c.obj
                0x08002918                xPortStartScheduler
 .text.vPortValidateInterruptPriority
                0x080029d8       0x5c CMakeFiles/Free_Rtos_1.elf.dir/Middlewares/Third_Party/FreeRTOS/Source/portable/GCC/ARM_CM3/port.c.obj
                0x080029d8                vPortValidateInterruptPriority
 .text.prvHeapInit
                0x08002a34       0x64 CMakeFiles/Free_Rtos_1.elf.dir/Middlewares/Third_Party/FreeRTOS/Source/portable/MemMang/heap_4.c.obj
 .text.prvInsertBlockIntoFreeList
                0x08002a98       0x60 CMakeFiles/Free_Rtos_1.elf.dir/Middlewares/Third_Party/FreeRTOS/Source/portable/MemMang/heap_4.c.obj
 .text.pvPortMalloc
                0x08002af8       0xf0 CMakeFiles/Free_Rtos_1.elf.dir/Middlewares/Third_Party/FreeRTOS/Source/portable/MemMang/heap_4.c.obj
                0x08002af8                pvPortMalloc
 .text.vPortFree
                0x08002be8       0x70 CMakeFiles/Free_Rtos_1.elf.dir/Middlewares/Third_Party/FreeRTOS/Source/portable/MemMang/heap_4.c.obj
                0x08002be8                vPortFree
 .text.prvGetDisinheritPriorityAfterTimeout
                0x08002c58       0x10 CMakeFiles/Free_Rtos_1.elf.dir/Middlewares/Third_Party/FreeRTOS/Source/queue.c.obj
 .text.prvIsQueueFull
                0x08002c68       0x1e CMakeFiles/Free_Rtos_1.elf.dir/Middlewares/Third_Party/FreeRTOS/Source/queue.c.obj
 .text.prvIsQueueEmpty
                0x08002c86       0x1a CMakeFiles/Free_Rtos_1.elf.dir/Middlewares/Third_Party/FreeRTOS/Source/queue.c.obj
 .text.prvCopyDataToQueue
                0x08002ca0       0x76 CMakeFiles/Free_Rtos_1.elf.dir/Middlewares/Third_Party/FreeRTOS/Source/queue.c.obj
 .text.prvCopyDataFromQueue
                0x08002d16       0x24 CMakeFiles/Free_Rtos_1.elf.dir/Middlewares/Third_Party/FreeRTOS/Source/queue.c.obj
 .text.prvUnlockQueue
                0x08002d3a       0x6e CMakeFiles/Free_Rtos_1.elf.dir/Middlewares/Third_Party/FreeRTOS/Source/queue.c.obj
 .text.xQueueGenericReset
                0x08002da8       0x84 CMakeFiles/Free_Rtos_1.elf.dir/Middlewares/Third_Party/FreeRTOS/Source/queue.c.obj
                0x08002da8                xQueueGenericReset
 .text.prvInitialiseNewQueue
                0x08002e2c       0x1c CMakeFiles/Free_Rtos_1.elf.dir/Middlewares/Third_Party/FreeRTOS/Source/queue.c.obj
 .text.xQueueGenericCreateStatic
                0x08002e48       0x92 CMakeFiles/Free_Rtos_1.elf.dir/Middlewares/Third_Party/FreeRTOS/Source/queue.c.obj
                0x08002e48                xQueueGenericCreateStatic
 .text.xQueueGenericCreate
                0x08002eda       0x4e CMakeFiles/Free_Rtos_1.elf.dir/Middlewares/Third_Party/FreeRTOS/Source/queue.c.obj
                0x08002eda                xQueueGenericCreate
 .text.xQueueGenericSend
                0x08002f28      0x188 CMakeFiles/Free_Rtos_1.elf.dir/Middlewares/Third_Party/FreeRTOS/Source/queue.c.obj
                0x08002f28                xQueueGenericSend
 .text.prvInitialiseMutex
                0x080030b0       0x18 CMakeFiles/Free_Rtos_1.elf.dir/Middlewares/Third_Party/FreeRTOS/Source/queue.c.obj
 .text.xQueueCreateMutex
                0x080030c8       0x16 CMakeFiles/Free_Rtos_1.elf.dir/Middlewares/Third_Party/FreeRTOS/Source/queue.c.obj
                0x080030c8                xQueueCreateMutex
 .text.xQueueCreateMutexStatic
                0x080030de       0x1e CMakeFiles/Free_Rtos_1.elf.dir/Middlewares/Third_Party/FreeRTOS/Source/queue.c.obj
                0x080030de                xQueueCreateMutexStatic
 .text.xQueueGiveFromISR
                0x080030fc       0xb2 CMakeFiles/Free_Rtos_1.elf.dir/Middlewares/Third_Party/FreeRTOS/Source/queue.c.obj
                0x080030fc                xQueueGiveFromISR
 .text.xQueueReceive
                0x080031ae      0x15e CMakeFiles/Free_Rtos_1.elf.dir/Middlewares/Third_Party/FreeRTOS/Source/queue.c.obj
                0x080031ae                xQueueReceive
 .text.xQueueSemaphoreTake
                0x0800330c      0x1a6 CMakeFiles/Free_Rtos_1.elf.dir/Middlewares/Third_Party/FreeRTOS/Source/queue.c.obj
                0x0800330c                xQueueSemaphoreTake
 .text.xQueueReceiveFromISR
                0x080034b2       0xa8 CMakeFiles/Free_Rtos_1.elf.dir/Middlewares/Third_Party/FreeRTOS/Source/queue.c.obj
                0x080034b2                xQueueReceiveFromISR
 *fill*         0x0800355a        0x2 
 .text.prvResetNextTaskUnblockTime
                0x0800355c       0x2c CMakeFiles/Free_Rtos_1.elf.dir/Middlewares/Third_Party/FreeRTOS/Source/tasks.c.obj
 .text.prvInitialiseNewTask
                0x08003588       0x94 CMakeFiles/Free_Rtos_1.elf.dir/Middlewares/Third_Party/FreeRTOS/Source/tasks.c.obj
 .text.prvInitialiseTaskLists
                0x0800361c       0x68 CMakeFiles/Free_Rtos_1.elf.dir/Middlewares/Third_Party/FreeRTOS/Source/tasks.c.obj
 .text.prvAddNewTaskToReadyList
                0x08003684       0xa8 CMakeFiles/Free_Rtos_1.elf.dir/Middlewares/Third_Party/FreeRTOS/Source/tasks.c.obj
 .text.prvDeleteTCB
                0x0800372c       0x38 CMakeFiles/Free_Rtos_1.elf.dir/Middlewares/Third_Party/FreeRTOS/Source/tasks.c.obj
 .text.prvCheckTasksWaitingTermination
                0x08003764       0x4c CMakeFiles/Free_Rtos_1.elf.dir/Middlewares/Third_Party/FreeRTOS/Source/tasks.c.obj
 .text.prvIdleTask
                0x080037b0       0x28 CMakeFiles/Free_Rtos_1.elf.dir/Middlewares/Third_Party/FreeRTOS/Source/tasks.c.obj
 .text.prvAddCurrentTaskToDelayedList
                0x080037d8       0x98 CMakeFiles/Free_Rtos_1.elf.dir/Middlewares/Third_Party/FreeRTOS/Source/tasks.c.obj
 .text.xTaskCreateStatic
                0x08003870       0x74 CMakeFiles/Free_Rtos_1.elf.dir/Middlewares/Third_Party/FreeRTOS/Source/tasks.c.obj
                0x08003870                xTaskCreateStatic
 .text.xTaskCreate
                0x080038e4       0x68 CMakeFiles/Free_Rtos_1.elf.dir/Middlewares/Third_Party/FreeRTOS/Source/tasks.c.obj
                0x080038e4                xTaskCreate
 .text.vTaskStartScheduler
                0x0800394c       0x74 CMakeFiles/Free_Rtos_1.elf.dir/Middlewares/Third_Party/FreeRTOS/Source/tasks.c.obj
                0x0800394c                vTaskStartScheduler
 .text.vTaskSuspendAll
                0x080039c0       0x10 CMakeFiles/Free_Rtos_1.elf.dir/Middlewares/Third_Party/FreeRTOS/Source/tasks.c.obj
                0x080039c0                vTaskSuspendAll
 .text.xTaskIncrementTick
                0x080039d0      0x118 CMakeFiles/Free_Rtos_1.elf.dir/Middlewares/Third_Party/FreeRTOS/Source/tasks.c.obj
                0x080039d0                xTaskIncrementTick
 .text.xTaskResumeAll
                0x08003ae8       0xf8 CMakeFiles/Free_Rtos_1.elf.dir/Middlewares/Third_Party/FreeRTOS/Source/tasks.c.obj
                0x08003ae8                xTaskResumeAll
 .text.vTaskDelay
                0x08003be0       0x4c CMakeFiles/Free_Rtos_1.elf.dir/Middlewares/Third_Party/FreeRTOS/Source/tasks.c.obj
                0x08003be0                vTaskDelay
 .text.vTaskSwitchContext
                0x08003c2c       0x98 CMakeFiles/Free_Rtos_1.elf.dir/Middlewares/Third_Party/FreeRTOS/Source/tasks.c.obj
                0x08003c2c                vTaskSwitchContext
 .text.vTaskPlaceOnEventList
                0x08003cc4       0x30 CMakeFiles/Free_Rtos_1.elf.dir/Middlewares/Third_Party/FreeRTOS/Source/tasks.c.obj
                0x08003cc4                vTaskPlaceOnEventList
 .text.xTaskRemoveFromEventList
                0x08003cf4       0x8c CMakeFiles/Free_Rtos_1.elf.dir/Middlewares/Third_Party/FreeRTOS/Source/tasks.c.obj
                0x08003cf4                xTaskRemoveFromEventList
 .text.vTaskInternalSetTimeOutState
                0x08003d80       0x18 CMakeFiles/Free_Rtos_1.elf.dir/Middlewares/Third_Party/FreeRTOS/Source/tasks.c.obj
                0x08003d80                vTaskInternalSetTimeOutState
 .text.xTaskCheckForTimeOut
                0x08003d98       0x84 CMakeFiles/Free_Rtos_1.elf.dir/Middlewares/Third_Party/FreeRTOS/Source/tasks.c.obj
                0x08003d98                xTaskCheckForTimeOut
 .text.vTaskMissedYield
                0x08003e1c        0xc CMakeFiles/Free_Rtos_1.elf.dir/Middlewares/Third_Party/FreeRTOS/Source/tasks.c.obj
                0x08003e1c                vTaskMissedYield
 .text.xTaskGetSchedulerState
                0x08003e28       0x20 CMakeFiles/Free_Rtos_1.elf.dir/Middlewares/Third_Party/FreeRTOS/Source/tasks.c.obj
                0x08003e28                xTaskGetSchedulerState
 .text.xTaskPriorityInherit
                0x08003e48       0xbc CMakeFiles/Free_Rtos_1.elf.dir/Middlewares/Third_Party/FreeRTOS/Source/tasks.c.obj
                0x08003e48                xTaskPriorityInherit
 .text.xTaskPriorityDisinherit
                0x08003f04       0xb4 CMakeFiles/Free_Rtos_1.elf.dir/Middlewares/Third_Party/FreeRTOS/Source/tasks.c.obj
                0x08003f04                xTaskPriorityDisinherit
 .text.vTaskPriorityDisinheritAfterTimeout
                0x08003fb8       0xc0 CMakeFiles/Free_Rtos_1.elf.dir/Middlewares/Third_Party/FreeRTOS/Source/tasks.c.obj
                0x08003fb8                vTaskPriorityDisinheritAfterTimeout
 .text.pvTaskIncrementMutexHeldCount
                0x08004078       0x1c CMakeFiles/Free_Rtos_1.elf.dir/Middlewares/Third_Party/FreeRTOS/Source/tasks.c.obj
                0x08004078                pvTaskIncrementMutexHeldCount
 .text.RetargetInit
                0x08004094       0x20 CMakeFiles/Free_Rtos_1.elf.dir/UserApp/retarget.c.obj
                0x08004094                RetargetInit
 .text._isatty  0x080040b4       0x16 CMakeFiles/Free_Rtos_1.elf.dir/UserApp/retarget.c.obj
                0x080040b4                _isatty
 *fill*         0x080040ca        0x2 
 .text._write   0x080040cc       0x34 CMakeFiles/Free_Rtos_1.elf.dir/UserApp/retarget.c.obj
                0x080040cc                _write
 .text._close   0x08004100       0x18 CMakeFiles/Free_Rtos_1.elf.dir/UserApp/retarget.c.obj
                0x08004100                _close
 .text._lseek   0x08004118       0x10 CMakeFiles/Free_Rtos_1.elf.dir/UserApp/retarget.c.obj
                0x08004118                _lseek
 .text._read    0x08004128       0x30 CMakeFiles/Free_Rtos_1.elf.dir/UserApp/retarget.c.obj
                0x08004128                _read
 .text._fstat   0x08004158       0x1a CMakeFiles/Free_Rtos_1.elf.dir/UserApp/retarget.c.obj
                0x08004158                _fstat
 *fill*         0x08004172        0x2 
 .text.Reset_Handler
                0x08004174       0x48 CMakeFiles/Free_Rtos_1.elf.dir/startup/startup_stm32f103xb.s.obj
                0x08004174                Reset_Handler
 .text.Default_Handler
                0x080041bc        0x2 CMakeFiles/Free_Rtos_1.elf.dir/startup/startup_stm32f103xb.s.obj
                0x080041bc                RTC_Alarm_IRQHandler
                0x080041bc                EXTI2_IRQHandler
                0x080041bc                TIM1_CC_IRQHandler
                0x080041bc                PVD_IRQHandler
                0x080041bc                EXTI3_IRQHandler
                0x080041bc                EXTI0_IRQHandler
                0x080041bc                I2C2_EV_IRQHandler
                0x080041bc                ADC1_2_IRQHandler
                0x080041bc                SPI1_IRQHandler
                0x080041bc                TAMPER_IRQHandler
                0x080041bc                DMA1_Channel4_IRQHandler
                0x080041bc                USART3_IRQHandler
                0x080041bc                RTC_IRQHandler
                0x080041bc                DMA1_Channel7_IRQHandler
                0x080041bc                CAN1_RX1_IRQHandler
                0x080041bc                TIM4_IRQHandler
                0x080041bc                I2C1_EV_IRQHandler
                0x080041bc                DMA1_Channel6_IRQHandler
                0x080041bc                TIM3_IRQHandler
                0x080041bc                RCC_IRQHandler
                0x080041bc                TIM1_TRG_COM_IRQHandler
                0x080041bc                DMA1_Channel1_IRQHandler
                0x080041bc                Default_Handler
                0x080041bc                EXTI15_10_IRQHandler
                0x080041bc                EXTI9_5_IRQHandler
                0x080041bc                SPI2_IRQHandler
                0x080041bc                EXTI4_IRQHandler
                0x080041bc                USB_LP_CAN1_RX0_IRQHandler
                0x080041bc                USB_HP_CAN1_TX_IRQHandler
                0x080041bc                DMA1_Channel3_IRQHandler
                0x080041bc                WWDG_IRQHandler
                0x080041bc                TIM2_IRQHandler
                0x080041bc                TIM1_BRK_IRQHandler
                0x080041bc                EXTI1_IRQHandler
                0x080041bc                USART2_IRQHandler
                0x080041bc                I2C2_ER_IRQHandler
                0x080041bc                DMA1_Channel2_IRQHandler
                0x080041bc                CAN1_SCE_IRQHandler
                0x080041bc                FLASH_IRQHandler
                0x080041bc                USART1_IRQHandler
                0x080041bc                I2C1_ER_IRQHandler
                0x080041bc                USBWakeUp_IRQHandler
 *fill*         0x080041be        0x2 
 .text.__errno  0x080041c0        0xc d:/a_userdownload/clion2cubemx_tool/gcc-arm-none-eabi-10.3-2021.10-win32/gcc-arm-none-eabi-10.3-2021.10/bin/../lib/gcc/arm-none-eabi/10.3.1/../../../../arm-none-eabi/lib/thumb/v7-m/nofp\libg.a(lib_a-errno.o)
                0x080041c0                __errno
 .text.__libc_init_array
                0x080041cc       0x48 d:/a_userdownload/clion2cubemx_tool/gcc-arm-none-eabi-10.3-2021.10-win32/gcc-arm-none-eabi-10.3-2021.10/bin/../lib/gcc/arm-none-eabi/10.3.1/../../../../arm-none-eabi/lib/thumb/v7-m/nofp\libg.a(lib_a-init.o)
                0x080041cc                __libc_init_array
 .text.memset   0x08004214       0xa4 d:/a_userdownload/clion2cubemx_tool/gcc-arm-none-eabi-10.3-2021.10-win32/gcc-arm-none-eabi-10.3-2021.10/bin/../lib/gcc/arm-none-eabi/10.3.1/../../../../arm-none-eabi/lib/thumb/v7-m/nofp\libg.a(lib_a-memset.o)
                0x08004214                memset
 .text.printf   0x080042b8       0x28 d:/a_userdownload/clion2cubemx_tool/gcc-arm-none-eabi-10.3-2021.10-win32/gcc-arm-none-eabi-10.3-2021.10/bin/../lib/gcc/arm-none-eabi/10.3.1/../../../../arm-none-eabi/lib/thumb/v7-m/nofp\libg.a(lib_a-printf.o)
                0x080042b8                printf
 .text._puts_r  0x080042e0       0x9c d:/a_userdownload/clion2cubemx_tool/gcc-arm-none-eabi-10.3-2021.10-win32/gcc-arm-none-eabi-10.3-2021.10/bin/../lib/gcc/arm-none-eabi/10.3.1/../../../../arm-none-eabi/lib/thumb/v7-m/nofp\libg.a(lib_a-puts.o)
                0x080042e0                _puts_r
 .text.puts     0x0800437c       0x10 d:/a_userdownload/clion2cubemx_tool/gcc-arm-none-eabi-10.3-2021.10-win32/gcc-arm-none-eabi-10.3-2021.10/bin/../lib/gcc/arm-none-eabi/10.3.1/../../../../arm-none-eabi/lib/thumb/v7-m/nofp\libg.a(lib_a-puts.o)
                0x0800437c                puts
 .text.setvbuf  0x0800438c      0x1b0 d:/a_userdownload/clion2cubemx_tool/gcc-arm-none-eabi-10.3-2021.10-win32/gcc-arm-none-eabi-10.3-2021.10/bin/../lib/gcc/arm-none-eabi/10.3.1/../../../../arm-none-eabi/lib/thumb/v7-m/nofp\libg.a(lib_a-setvbuf.o)
                0x0800438c                setvbuf
 .text.strlen   0x0800453c       0x5c d:/a_userdownload/clion2cubemx_tool/gcc-arm-none-eabi-10.3-2021.10-win32/gcc-arm-none-eabi-10.3-2021.10/bin/../lib/gcc/arm-none-eabi/10.3.1/../../../../arm-none-eabi/lib/thumb/v7-m/nofp\libg.a(lib_a-strlen-stub.o)
                0x0800453c                strlen
 .text._vfprintf_r
                0x08004598     0x1b58 d:/a_userdownload/clion2cubemx_tool/gcc-arm-none-eabi-10.3-2021.10-win32/gcc-arm-none-eabi-10.3-2021.10/bin/../lib/gcc/arm-none-eabi/10.3.1/../../../../arm-none-eabi/lib/thumb/v7-m/nofp\libg.a(lib_a-vfprintf.o)
                0x08004598                _vfprintf_r
 .text.__sbprintf
                0x080060f0       0x84 d:/a_userdownload/clion2cubemx_tool/gcc-arm-none-eabi-10.3-2021.10-win32/gcc-arm-none-eabi-10.3-2021.10/bin/../lib/gcc/arm-none-eabi/10.3.1/../../../../arm-none-eabi/lib/thumb/v7-m/nofp\libg.a(lib_a-vfprintf.o)
 .text.__swsetup_r
                0x08006174       0xd4 d:/a_userdownload/clion2cubemx_tool/gcc-arm-none-eabi-10.3-2021.10-win32/gcc-arm-none-eabi-10.3-2021.10/bin/../lib/gcc/arm-none-eabi/10.3.1/../../../../arm-none-eabi/lib/thumb/v7-m/nofp\libg.a(lib_a-wsetup.o)
                0x08006174                __swsetup_r
 .text.startup.register_fini
                0x08006248       0x14 d:/a_userdownload/clion2cubemx_tool/gcc-arm-none-eabi-10.3-2021.10-win32/gcc-arm-none-eabi-10.3-2021.10/bin/../lib/gcc/arm-none-eabi/10.3.1/../../../../arm-none-eabi/lib/thumb/v7-m/nofp\libg.a(lib_a-__call_atexit.o)
 .text.atexit   0x0800625c        0xc d:/a_userdownload/clion2cubemx_tool/gcc-arm-none-eabi-10.3-2021.10-win32/gcc-arm-none-eabi-10.3-2021.10/bin/../lib/gcc/arm-none-eabi/10.3.1/../../../../arm-none-eabi/lib/thumb/v7-m/nofp\libg.a(lib_a-atexit.o)
                0x0800625c                atexit
 .text.quorem   0x08006268      0x12c d:/a_userdownload/clion2cubemx_tool/gcc-arm-none-eabi-10.3-2021.10-win32/gcc-arm-none-eabi-10.3-2021.10/bin/../lib/gcc/arm-none-eabi/10.3.1/../../../../arm-none-eabi/lib/thumb/v7-m/nofp\libg.a(lib_a-dtoa.o)
 *fill*         0x08006394        0x4 
 .text._dtoa_r  0x08006398      0xecc d:/a_userdownload/clion2cubemx_tool/gcc-arm-none-eabi-10.3-2021.10-win32/gcc-arm-none-eabi-10.3-2021.10/bin/../lib/gcc/arm-none-eabi/10.3.1/../../../../arm-none-eabi/lib/thumb/v7-m/nofp\libg.a(lib_a-dtoa.o)
                0x08006398                _dtoa_r
 .text.__sflush_r
                0x08007264      0x124 d:/a_userdownload/clion2cubemx_tool/gcc-arm-none-eabi-10.3-2021.10-win32/gcc-arm-none-eabi-10.3-2021.10/bin/../lib/gcc/arm-none-eabi/10.3.1/../../../../arm-none-eabi/lib/thumb/v7-m/nofp\libg.a(lib_a-fflush.o)
                0x08007264                __sflush_r
 .text._fflush_r
                0x08007388       0x5c d:/a_userdownload/clion2cubemx_tool/gcc-arm-none-eabi-10.3-2021.10-win32/gcc-arm-none-eabi-10.3-2021.10/bin/../lib/gcc/arm-none-eabi/10.3.1/../../../../arm-none-eabi/lib/thumb/v7-m/nofp\libg.a(lib_a-fflush.o)
                0x08007388                _fflush_r
 .text._cleanup_r
                0x080073e4        0xc d:/a_userdownload/clion2cubemx_tool/gcc-arm-none-eabi-10.3-2021.10-win32/gcc-arm-none-eabi-10.3-2021.10/bin/../lib/gcc/arm-none-eabi/10.3.1/../../../../arm-none-eabi/lib/thumb/v7-m/nofp\libg.a(lib_a-findfp.o)
                0x080073e4                _cleanup_r
 .text.__sinit  0x080073f0      0x10c d:/a_userdownload/clion2cubemx_tool/gcc-arm-none-eabi-10.3-2021.10-win32/gcc-arm-none-eabi-10.3-2021.10/bin/../lib/gcc/arm-none-eabi/10.3.1/../../../../arm-none-eabi/lib/thumb/v7-m/nofp\libg.a(lib_a-findfp.o)
                0x080073f0                __sinit
 .text.__sfp_lock_acquire
                0x080074fc        0xc d:/a_userdownload/clion2cubemx_tool/gcc-arm-none-eabi-10.3-2021.10-win32/gcc-arm-none-eabi-10.3-2021.10/bin/../lib/gcc/arm-none-eabi/10.3.1/../../../../arm-none-eabi/lib/thumb/v7-m/nofp\libg.a(lib_a-findfp.o)
                0x080074fc                __sfp_lock_acquire
 .text.__sfp_lock_release
                0x08007508        0xc d:/a_userdownload/clion2cubemx_tool/gcc-arm-none-eabi-10.3-2021.10-win32/gcc-arm-none-eabi-10.3-2021.10/bin/../lib/gcc/arm-none-eabi/10.3.1/../../../../arm-none-eabi/lib/thumb/v7-m/nofp\libg.a(lib_a-findfp.o)
                0x08007508                __sfp_lock_release
 .text.__libc_fini_array
                0x08007514       0x2c d:/a_userdownload/clion2cubemx_tool/gcc-arm-none-eabi-10.3-2021.10-win32/gcc-arm-none-eabi-10.3-2021.10/bin/../lib/gcc/arm-none-eabi/10.3.1/../../../../arm-none-eabi/lib/thumb/v7-m/nofp\libg.a(lib_a-fini.o)
                0x08007514                __libc_fini_array
 .text._malloc_trim_r
                0x08007540       0xa0 d:/a_userdownload/clion2cubemx_tool/gcc-arm-none-eabi-10.3-2021.10-win32/gcc-arm-none-eabi-10.3-2021.10/bin/../lib/gcc/arm-none-eabi/10.3.1/../../../../arm-none-eabi/lib/thumb/v7-m/nofp\libg.a(lib_a-freer.o)
                0x08007540                _malloc_trim_r
 .text._free_r  0x080075e0      0x200 d:/a_userdownload/clion2cubemx_tool/gcc-arm-none-eabi-10.3-2021.10-win32/gcc-arm-none-eabi-10.3-2021.10/bin/../lib/gcc/arm-none-eabi/10.3.1/../../../../arm-none-eabi/lib/thumb/v7-m/nofp\libg.a(lib_a-freer.o)
                0x080075e0                _free_r
 .text.__sfvwrite_r
                0x080077e0      0x2f0 d:/a_userdownload/clion2cubemx_tool/gcc-arm-none-eabi-10.3-2021.10-win32/gcc-arm-none-eabi-10.3-2021.10/bin/../lib/gcc/arm-none-eabi/10.3.1/../../../../arm-none-eabi/lib/thumb/v7-m/nofp\libg.a(lib_a-fvwrite.o)
                0x080077e0                __sfvwrite_r
 .text._fwalk_reent
                0x08007ad0       0x48 d:/a_userdownload/clion2cubemx_tool/gcc-arm-none-eabi-10.3-2021.10-win32/gcc-arm-none-eabi-10.3-2021.10/bin/../lib/gcc/arm-none-eabi/10.3.1/../../../../arm-none-eabi/lib/thumb/v7-m/nofp\libg.a(lib_a-fwalk.o)
                0x08007ad0                _fwalk_reent
 .text._localeconv_r
                0x08007b18        0x8 d:/a_userdownload/clion2cubemx_tool/gcc-arm-none-eabi-10.3-2021.10-win32/gcc-arm-none-eabi-10.3-2021.10/bin/../lib/gcc/arm-none-eabi/10.3.1/../../../../arm-none-eabi/lib/thumb/v7-m/nofp\libg.a(lib_a-localeconv.o)
                0x08007b18                _localeconv_r
 .text.__retarget_lock_init_recursive
                0x08007b20        0x4 d:/a_userdownload/clion2cubemx_tool/gcc-arm-none-eabi-10.3-2021.10-win32/gcc-arm-none-eabi-10.3-2021.10/bin/../lib/gcc/arm-none-eabi/10.3.1/../../../../arm-none-eabi/lib/thumb/v7-m/nofp\libg.a(lib_a-lock.o)
                0x08007b20                __retarget_lock_init_recursive
 .text.__retarget_lock_close_recursive
                0x08007b24        0x4 d:/a_userdownload/clion2cubemx_tool/gcc-arm-none-eabi-10.3-2021.10-win32/gcc-arm-none-eabi-10.3-2021.10/bin/../lib/gcc/arm-none-eabi/10.3.1/../../../../arm-none-eabi/lib/thumb/v7-m/nofp\libg.a(lib_a-lock.o)
                0x08007b24                __retarget_lock_close_recursive
 .text.__retarget_lock_acquire_recursive
                0x08007b28        0x4 d:/a_userdownload/clion2cubemx_tool/gcc-arm-none-eabi-10.3-2021.10-win32/gcc-arm-none-eabi-10.3-2021.10/bin/../lib/gcc/arm-none-eabi/10.3.1/../../../../arm-none-eabi/lib/thumb/v7-m/nofp\libg.a(lib_a-lock.o)
                0x08007b28                __retarget_lock_acquire_recursive
 .text.__retarget_lock_release_recursive
                0x08007b2c        0x4 d:/a_userdownload/clion2cubemx_tool/gcc-arm-none-eabi-10.3-2021.10-win32/gcc-arm-none-eabi-10.3-2021.10/bin/../lib/gcc/arm-none-eabi/10.3.1/../../../../arm-none-eabi/lib/thumb/v7-m/nofp\libg.a(lib_a-lock.o)
                0x08007b2c                __retarget_lock_release_recursive
 .text.__smakebuf_r
                0x08007b30       0xe0 d:/a_userdownload/clion2cubemx_tool/gcc-arm-none-eabi-10.3-2021.10-win32/gcc-arm-none-eabi-10.3-2021.10/bin/../lib/gcc/arm-none-eabi/10.3.1/../../../../arm-none-eabi/lib/thumb/v7-m/nofp\libg.a(lib_a-makebuf.o)
                0x08007b30                __smakebuf_r
 .text.__swhatbuf_r
                0x08007c10       0x60 d:/a_userdownload/clion2cubemx_tool/gcc-arm-none-eabi-10.3-2021.10-win32/gcc-arm-none-eabi-10.3-2021.10/bin/../lib/gcc/arm-none-eabi/10.3.1/../../../../arm-none-eabi/lib/thumb/v7-m/nofp\libg.a(lib_a-makebuf.o)
                0x08007c10                __swhatbuf_r
 .text.malloc   0x08007c70       0x10 d:/a_userdownload/clion2cubemx_tool/gcc-arm-none-eabi-10.3-2021.10-win32/gcc-arm-none-eabi-10.3-2021.10/bin/../lib/gcc/arm-none-eabi/10.3.1/../../../../arm-none-eabi/lib/thumb/v7-m/nofp\libg.a(lib_a-malloc.o)
                0x08007c70                malloc
 .text._malloc_r
                0x08007c80      0x558 d:/a_userdownload/clion2cubemx_tool/gcc-arm-none-eabi-10.3-2021.10-win32/gcc-arm-none-eabi-10.3-2021.10/bin/../lib/gcc/arm-none-eabi/10.3.1/../../../../arm-none-eabi/lib/thumb/v7-m/nofp\libg.a(lib_a-mallocr.o)
                0x08007c80                _malloc_r
 .text.memchr   0x080081d8       0x90 d:/a_userdownload/clion2cubemx_tool/gcc-arm-none-eabi-10.3-2021.10-win32/gcc-arm-none-eabi-10.3-2021.10/bin/../lib/gcc/arm-none-eabi/10.3.1/../../../../arm-none-eabi/lib/thumb/v7-m/nofp\libg.a(lib_a-memchr-stub.o)
                0x080081d8                memchr
 .text.memmove  0x08008268       0xf8 d:/a_userdownload/clion2cubemx_tool/gcc-arm-none-eabi-10.3-2021.10-win32/gcc-arm-none-eabi-10.3-2021.10/bin/../lib/gcc/arm-none-eabi/10.3.1/../../../../arm-none-eabi/lib/thumb/v7-m/nofp\libg.a(lib_a-memmove.o)
                0x08008268                memmove
 .text.__malloc_lock
                0x08008360        0xc d:/a_userdownload/clion2cubemx_tool/gcc-arm-none-eabi-10.3-2021.10-win32/gcc-arm-none-eabi-10.3-2021.10/bin/../lib/gcc/arm-none-eabi/10.3.1/../../../../arm-none-eabi/lib/thumb/v7-m/nofp\libg.a(lib_a-mlock.o)
                0x08008360                __malloc_lock
 .text.__malloc_unlock
                0x0800836c        0xc d:/a_userdownload/clion2cubemx_tool/gcc-arm-none-eabi-10.3-2021.10-win32/gcc-arm-none-eabi-10.3-2021.10/bin/../lib/gcc/arm-none-eabi/10.3.1/../../../../arm-none-eabi/lib/thumb/v7-m/nofp\libg.a(lib_a-mlock.o)
                0x0800836c                __malloc_unlock
 .text._Balloc  0x08008378       0x4c d:/a_userdownload/clion2cubemx_tool/gcc-arm-none-eabi-10.3-2021.10-win32/gcc-arm-none-eabi-10.3-2021.10/bin/../lib/gcc/arm-none-eabi/10.3.1/../../../../arm-none-eabi/lib/thumb/v7-m/nofp\libg.a(lib_a-mprec.o)
                0x08008378                _Balloc
 .text._Bfree   0x080083c4       0x14 d:/a_userdownload/clion2cubemx_tool/gcc-arm-none-eabi-10.3-2021.10-win32/gcc-arm-none-eabi-10.3-2021.10/bin/../lib/gcc/arm-none-eabi/10.3.1/../../../../arm-none-eabi/lib/thumb/v7-m/nofp\libg.a(lib_a-mprec.o)
                0x080083c4                _Bfree
 .text.__multadd
                0x080083d8       0xa4 d:/a_userdownload/clion2cubemx_tool/gcc-arm-none-eabi-10.3-2021.10-win32/gcc-arm-none-eabi-10.3-2021.10/bin/../lib/gcc/arm-none-eabi/10.3.1/../../../../arm-none-eabi/lib/thumb/v7-m/nofp\libg.a(lib_a-mprec.o)
                0x080083d8                __multadd
 .text.__hi0bits
                0x0800847c       0x40 d:/a_userdownload/clion2cubemx_tool/gcc-arm-none-eabi-10.3-2021.10-win32/gcc-arm-none-eabi-10.3-2021.10/bin/../lib/gcc/arm-none-eabi/10.3.1/../../../../arm-none-eabi/lib/thumb/v7-m/nofp\libg.a(lib_a-mprec.o)
                0x0800847c                __hi0bits
 .text.__lo0bits
                0x080084bc       0x58 d:/a_userdownload/clion2cubemx_tool/gcc-arm-none-eabi-10.3-2021.10-win32/gcc-arm-none-eabi-10.3-2021.10/bin/../lib/gcc/arm-none-eabi/10.3.1/../../../../arm-none-eabi/lib/thumb/v7-m/nofp\libg.a(lib_a-mprec.o)
                0x080084bc                __lo0bits
 .text.__i2b    0x08008514       0x5c d:/a_userdownload/clion2cubemx_tool/gcc-arm-none-eabi-10.3-2021.10-win32/gcc-arm-none-eabi-10.3-2021.10/bin/../lib/gcc/arm-none-eabi/10.3.1/../../../../arm-none-eabi/lib/thumb/v7-m/nofp\libg.a(lib_a-mprec.o)
                0x08008514                __i2b
 .text.__multiply
                0x08008570      0x15c d:/a_userdownload/clion2cubemx_tool/gcc-arm-none-eabi-10.3-2021.10-win32/gcc-arm-none-eabi-10.3-2021.10/bin/../lib/gcc/arm-none-eabi/10.3.1/../../../../arm-none-eabi/lib/thumb/v7-m/nofp\libg.a(lib_a-mprec.o)
                0x08008570                __multiply
 .text.__pow5mult
                0x080086cc       0xb8 d:/a_userdownload/clion2cubemx_tool/gcc-arm-none-eabi-10.3-2021.10-win32/gcc-arm-none-eabi-10.3-2021.10/bin/../lib/gcc/arm-none-eabi/10.3.1/../../../../arm-none-eabi/lib/thumb/v7-m/nofp\libg.a(lib_a-mprec.o)
                0x080086cc                __pow5mult
 .text.__lshift
                0x08008784       0xec d:/a_userdownload/clion2cubemx_tool/gcc-arm-none-eabi-10.3-2021.10-win32/gcc-arm-none-eabi-10.3-2021.10/bin/../lib/gcc/arm-none-eabi/10.3.1/../../../../arm-none-eabi/lib/thumb/v7-m/nofp\libg.a(lib_a-mprec.o)
                0x08008784                __lshift
 .text.__mcmp   0x08008870       0x40 d:/a_userdownload/clion2cubemx_tool/gcc-arm-none-eabi-10.3-2021.10-win32/gcc-arm-none-eabi-10.3-2021.10/bin/../lib/gcc/arm-none-eabi/10.3.1/../../../../arm-none-eabi/lib/thumb/v7-m/nofp\libg.a(lib_a-mprec.o)
                0x08008870                __mcmp
 .text.__mdiff  0x080088b0      0x14c d:/a_userdownload/clion2cubemx_tool/gcc-arm-none-eabi-10.3-2021.10-win32/gcc-arm-none-eabi-10.3-2021.10/bin/../lib/gcc/arm-none-eabi/10.3.1/../../../../arm-none-eabi/lib/thumb/v7-m/nofp\libg.a(lib_a-mprec.o)
                0x080088b0                __mdiff
 .text.__d2b    0x080089fc       0xc4 d:/a_userdownload/clion2cubemx_tool/gcc-arm-none-eabi-10.3-2021.10-win32/gcc-arm-none-eabi-10.3-2021.10/bin/../lib/gcc/arm-none-eabi/10.3.1/../../../../arm-none-eabi/lib/thumb/v7-m/nofp\libg.a(lib_a-mprec.o)
                0x080089fc                __d2b
 .text._realloc_r
                0x08008ac0      0x3dc d:/a_userdownload/clion2cubemx_tool/gcc-arm-none-eabi-10.3-2021.10-win32/gcc-arm-none-eabi-10.3-2021.10/bin/../lib/gcc/arm-none-eabi/10.3.1/../../../../arm-none-eabi/lib/thumb/v7-m/nofp\libg.a(lib_a-reallocr.o)
                0x08008ac0                _realloc_r
 .text.frexp    0x08008e9c       0x70 d:/a_userdownload/clion2cubemx_tool/gcc-arm-none-eabi-10.3-2021.10-win32/gcc-arm-none-eabi-10.3-2021.10/bin/../lib/gcc/arm-none-eabi/10.3.1/../../../../arm-none-eabi/lib/thumb/v7-m/nofp\libg.a(lib_a-s_frexp.o)
                0x08008e9c                frexp
 .text._sbrk_r  0x08008f0c       0x24 d:/a_userdownload/clion2cubemx_tool/gcc-arm-none-eabi-10.3-2021.10-win32/gcc-arm-none-eabi-10.3-2021.10/bin/../lib/gcc/arm-none-eabi/10.3.1/../../../../arm-none-eabi/lib/thumb/v7-m/nofp\libg.a(lib_a-sbrkr.o)
                0x08008f0c                _sbrk_r
 .text.__sread  0x08008f30       0x24 d:/a_userdownload/clion2cubemx_tool/gcc-arm-none-eabi-10.3-2021.10-win32/gcc-arm-none-eabi-10.3-2021.10/bin/../lib/gcc/arm-none-eabi/10.3.1/../../../../arm-none-eabi/lib/thumb/v7-m/nofp\libg.a(lib_a-stdio.o)
                0x08008f30                __sread
 .text.__swrite
                0x08008f54       0x40 d:/a_userdownload/clion2cubemx_tool/gcc-arm-none-eabi-10.3-2021.10-win32/gcc-arm-none-eabi-10.3-2021.10/bin/../lib/gcc/arm-none-eabi/10.3.1/../../../../arm-none-eabi/lib/thumb/v7-m/nofp\libg.a(lib_a-stdio.o)
                0x08008f54                __swrite
 .text.__sseek  0x08008f94       0x20 d:/a_userdownload/clion2cubemx_tool/gcc-arm-none-eabi-10.3-2021.10-win32/gcc-arm-none-eabi-10.3-2021.10/bin/../lib/gcc/arm-none-eabi/10.3.1/../../../../arm-none-eabi/lib/thumb/v7-m/nofp\libg.a(lib_a-stdio.o)
                0x08008f94                __sseek
 .text.__sclose
                0x08008fb4        0x8 d:/a_userdownload/clion2cubemx_tool/gcc-arm-none-eabi-10.3-2021.10-win32/gcc-arm-none-eabi-10.3-2021.10/bin/../lib/gcc/arm-none-eabi/10.3.1/../../../../arm-none-eabi/lib/thumb/v7-m/nofp\libg.a(lib_a-stdio.o)
                0x08008fb4                __sclose
 .text.strncpy  0x08008fbc       0x68 d:/a_userdownload/clion2cubemx_tool/gcc-arm-none-eabi-10.3-2021.10-win32/gcc-arm-none-eabi-10.3-2021.10/bin/../lib/gcc/arm-none-eabi/10.3.1/../../../../arm-none-eabi/lib/thumb/v7-m/nofp\libg.a(lib_a-strncpy.o)
                0x08008fbc                strncpy
 .text.__sprint_r.part.0
                0x08009024       0x78 d:/a_userdownload/clion2cubemx_tool/gcc-arm-none-eabi-10.3-2021.10-win32/gcc-arm-none-eabi-10.3-2021.10/bin/../lib/gcc/arm-none-eabi/10.3.1/../../../../arm-none-eabi/lib/thumb/v7-m/nofp\libg.a(lib_a-vfiprintf.o)
 .text.__sprint_r
                0x0800909c       0x14 d:/a_userdownload/clion2cubemx_tool/gcc-arm-none-eabi-10.3-2021.10-win32/gcc-arm-none-eabi-10.3-2021.10/bin/../lib/gcc/arm-none-eabi/10.3.1/../../../../arm-none-eabi/lib/thumb/v7-m/nofp\libg.a(lib_a-vfiprintf.o)
                0x0800909c                __sprint_r
 .text._vfiprintf_r
                0x080090b0      0xd98 d:/a_userdownload/clion2cubemx_tool/gcc-arm-none-eabi-10.3-2021.10-win32/gcc-arm-none-eabi-10.3-2021.10/bin/../lib/gcc/arm-none-eabi/10.3.1/../../../../arm-none-eabi/lib/thumb/v7-m/nofp\libg.a(lib_a-vfiprintf.o)
                0x080090b0                _vfiprintf_r
 .text.__sbprintf
                0x08009e48       0x84 d:/a_userdownload/clion2cubemx_tool/gcc-arm-none-eabi-10.3-2021.10-win32/gcc-arm-none-eabi-10.3-2021.10/bin/../lib/gcc/arm-none-eabi/10.3.1/../../../../arm-none-eabi/lib/thumb/v7-m/nofp\libg.a(lib_a-vfiprintf.o)
 .text._write_r
                0x08009ecc       0x2c d:/a_userdownload/clion2cubemx_tool/gcc-arm-none-eabi-10.3-2021.10-win32/gcc-arm-none-eabi-10.3-2021.10/bin/../lib/gcc/arm-none-eabi/10.3.1/../../../../arm-none-eabi/lib/thumb/v7-m/nofp\libg.a(lib_a-writer.o)
                0x08009ecc                _write_r
 .text.__register_exitproc
                0x08009ef8       0x8c d:/a_userdownload/clion2cubemx_tool/gcc-arm-none-eabi-10.3-2021.10-win32/gcc-arm-none-eabi-10.3-2021.10/bin/../lib/gcc/arm-none-eabi/10.3.1/../../../../arm-none-eabi/lib/thumb/v7-m/nofp\libg.a(lib_a-__atexit.o)
                0x08009ef8                __register_exitproc
 .text.__assert_func
                0x08009f84       0x40 d:/a_userdownload/clion2cubemx_tool/gcc-arm-none-eabi-10.3-2021.10-win32/gcc-arm-none-eabi-10.3-2021.10/bin/../lib/gcc/arm-none-eabi/10.3.1/../../../../arm-none-eabi/lib/thumb/v7-m/nofp\libg.a(lib_a-assert.o)
                0x08009f84                __assert_func
 .text._calloc_r
                0x08009fc4       0x78 d:/a_userdownload/clion2cubemx_tool/gcc-arm-none-eabi-10.3-2021.10-win32/gcc-arm-none-eabi-10.3-2021.10/bin/../lib/gcc/arm-none-eabi/10.3.1/../../../../arm-none-eabi/lib/thumb/v7-m/nofp\libg.a(lib_a-callocr.o)
                0x08009fc4                _calloc_r
 .text._close_r
                0x0800a03c       0x24 d:/a_userdownload/clion2cubemx_tool/gcc-arm-none-eabi-10.3-2021.10-win32/gcc-arm-none-eabi-10.3-2021.10/bin/../lib/gcc/arm-none-eabi/10.3.1/../../../../arm-none-eabi/lib/thumb/v7-m/nofp\libg.a(lib_a-closer.o)
                0x0800a03c                _close_r
 .text._fclose_r
                0x0800a060       0xcc d:/a_userdownload/clion2cubemx_tool/gcc-arm-none-eabi-10.3-2021.10-win32/gcc-arm-none-eabi-10.3-2021.10/bin/../lib/gcc/arm-none-eabi/10.3.1/../../../../arm-none-eabi/lib/thumb/v7-m/nofp\libg.a(lib_a-fclose.o)
                0x0800a060                _fclose_r
 .text.fiprintf
                0x0800a12c       0x28 d:/a_userdownload/clion2cubemx_tool/gcc-arm-none-eabi-10.3-2021.10-win32/gcc-arm-none-eabi-10.3-2021.10/bin/../lib/gcc/arm-none-eabi/10.3.1/../../../../arm-none-eabi/lib/thumb/v7-m/nofp\libg.a(lib_a-fiprintf.o)
                0x0800a12c                fiprintf
 .text.__fputwc
                0x0800a154       0xa0 d:/a_userdownload/clion2cubemx_tool/gcc-arm-none-eabi-10.3-2021.10-win32/gcc-arm-none-eabi-10.3-2021.10/bin/../lib/gcc/arm-none-eabi/10.3.1/../../../../arm-none-eabi/lib/thumb/v7-m/nofp\libg.a(lib_a-fputwc.o)
                0x0800a154                __fputwc
 .text._fputwc_r
                0x0800a1f4       0x68 d:/a_userdownload/clion2cubemx_tool/gcc-arm-none-eabi-10.3-2021.10-win32/gcc-arm-none-eabi-10.3-2021.10/bin/../lib/gcc/arm-none-eabi/10.3.1/../../../../arm-none-eabi/lib/thumb/v7-m/nofp\libg.a(lib_a-fputwc.o)
                0x0800a1f4                _fputwc_r
 .text._fstat_r
                0x0800a25c       0x28 d:/a_userdownload/clion2cubemx_tool/gcc-arm-none-eabi-10.3-2021.10-win32/gcc-arm-none-eabi-10.3-2021.10/bin/../lib/gcc/arm-none-eabi/10.3.1/../../../../arm-none-eabi/lib/thumb/v7-m/nofp\libg.a(lib_a-fstatr.o)
                0x0800a25c                _fstat_r
 .text._isatty_r
                0x0800a284       0x24 d:/a_userdownload/clion2cubemx_tool/gcc-arm-none-eabi-10.3-2021.10-win32/gcc-arm-none-eabi-10.3-2021.10/bin/../lib/gcc/arm-none-eabi/10.3.1/../../../../arm-none-eabi/lib/thumb/v7-m/nofp\libg.a(lib_a-isattyr.o)
                0x0800a284                _isatty_r
 .text.__locale_mb_cur_max
                0x0800a2a8        0xc d:/a_userdownload/clion2cubemx_tool/gcc-arm-none-eabi-10.3-2021.10-win32/gcc-arm-none-eabi-10.3-2021.10/bin/../lib/gcc/arm-none-eabi/10.3.1/../../../../arm-none-eabi/lib/thumb/v7-m/nofp\libg.a(lib_a-locale.o)
                0x0800a2a8                __locale_mb_cur_max
 .text._lseek_r
                0x0800a2b4       0x2c d:/a_userdownload/clion2cubemx_tool/gcc-arm-none-eabi-10.3-2021.10-win32/gcc-arm-none-eabi-10.3-2021.10/bin/../lib/gcc/arm-none-eabi/10.3.1/../../../../arm-none-eabi/lib/thumb/v7-m/nofp\libg.a(lib_a-lseekr.o)
                0x0800a2b4                _lseek_r
 .text.__ascii_mbtowc
                0x0800a2e0       0x2c d:/a_userdownload/clion2cubemx_tool/gcc-arm-none-eabi-10.3-2021.10-win32/gcc-arm-none-eabi-10.3-2021.10/bin/../lib/gcc/arm-none-eabi/10.3.1/../../../../arm-none-eabi/lib/thumb/v7-m/nofp\libg.a(lib_a-mbtowc_r.o)
                0x0800a2e0                __ascii_mbtowc
 .text._read_r  0x0800a30c       0x2c d:/a_userdownload/clion2cubemx_tool/gcc-arm-none-eabi-10.3-2021.10-win32/gcc-arm-none-eabi-10.3-2021.10/bin/../lib/gcc/arm-none-eabi/10.3.1/../../../../arm-none-eabi/lib/thumb/v7-m/nofp\libg.a(lib_a-readr.o)
                0x0800a30c                _read_r
 .text.__swbuf_r
                0x0800a338       0xb0 d:/a_userdownload/clion2cubemx_tool/gcc-arm-none-eabi-10.3-2021.10-win32/gcc-arm-none-eabi-10.3-2021.10/bin/../lib/gcc/arm-none-eabi/10.3.1/../../../../arm-none-eabi/lib/thumb/v7-m/nofp\libg.a(lib_a-wbuf.o)
                0x0800a338                __swbuf_r
 .text._wcrtomb_r
                0x0800a3e8       0x3c d:/a_userdownload/clion2cubemx_tool/gcc-arm-none-eabi-10.3-2021.10-win32/gcc-arm-none-eabi-10.3-2021.10/bin/../lib/gcc/arm-none-eabi/10.3.1/../../../../arm-none-eabi/lib/thumb/v7-m/nofp\libg.a(lib_a-wcrtomb.o)
                0x0800a3e8                _wcrtomb_r
 .text.__ascii_wctomb
                0x0800a424       0x1c d:/a_userdownload/clion2cubemx_tool/gcc-arm-none-eabi-10.3-2021.10-win32/gcc-arm-none-eabi-10.3-2021.10/bin/../lib/gcc/arm-none-eabi/10.3.1/../../../../arm-none-eabi/lib/thumb/v7-m/nofp\libg.a(lib_a-wctomb_r.o)
                0x0800a424                __ascii_wctomb
 .text.abort    0x0800a440       0x10 d:/a_userdownload/clion2cubemx_tool/gcc-arm-none-eabi-10.3-2021.10-win32/gcc-arm-none-eabi-10.3-2021.10/bin/../lib/gcc/arm-none-eabi/10.3.1/../../../../arm-none-eabi/lib/thumb/v7-m/nofp\libg.a(lib_a-abort.o)
                0x0800a440                abort
 .text.raise    0x0800a450       0x5c d:/a_userdownload/clion2cubemx_tool/gcc-arm-none-eabi-10.3-2021.10-win32/gcc-arm-none-eabi-10.3-2021.10/bin/../lib/gcc/arm-none-eabi/10.3.1/../../../../arm-none-eabi/lib/thumb/v7-m/nofp\libg.a(lib_a-signal.o)
                0x0800a450                raise
 .text._kill_r  0x0800a4ac       0x28 d:/a_userdownload/clion2cubemx_tool/gcc-arm-none-eabi-10.3-2021.10-win32/gcc-arm-none-eabi-10.3-2021.10/bin/../lib/gcc/arm-none-eabi/10.3.1/../../../../arm-none-eabi/lib/thumb/v7-m/nofp\libg.a(lib_a-signalr.o)
                0x0800a4ac                _kill_r
 .text._getpid_r
                0x0800a4d4        0x4 d:/a_userdownload/clion2cubemx_tool/gcc-arm-none-eabi-10.3-2021.10-win32/gcc-arm-none-eabi-10.3-2021.10/bin/../lib/gcc/arm-none-eabi/10.3.1/../../../../arm-none-eabi/lib/thumb/v7-m/nofp\libg.a(lib_a-signalr.o)
                0x0800a4d4                _getpid_r
 *(.glue_7)
 .glue_7        0x0800a4d8        0x0 linker stubs
 *(.glue_7t)
 .glue_7t       0x0800a4d8        0x0 linker stubs
 *(.eh_frame)
 .eh_frame      0x0800a4d8        0x0 d:/a_userdownload/clion2cubemx_tool/gcc-arm-none-eabi-10.3-2021.10-win32/gcc-arm-none-eabi-10.3-2021.10/bin/../lib/gcc/arm-none-eabi/10.3.1/thumb/v7-m/nofp/crtbegin.o
 *(.init)
 .init          0x0800a4d8        0x4 d:/a_userdownload/clion2cubemx_tool/gcc-arm-none-eabi-10.3-2021.10-win32/gcc-arm-none-eabi-10.3-2021.10/bin/../lib/gcc/arm-none-eabi/10.3.1/thumb/v7-m/nofp/crti.o
                0x0800a4d8                _init
 .init          0x0800a4dc        0x8 d:/a_userdownload/clion2cubemx_tool/gcc-arm-none-eabi-10.3-2021.10-win32/gcc-arm-none-eabi-10.3-2021.10/bin/../lib/gcc/arm-none-eabi/10.3.1/thumb/v7-m/nofp/crtn.o
 *(.fini)
 .fini          0x0800a4e4        0x4 d:/a_userdownload/clion2cubemx_tool/gcc-arm-none-eabi-10.3-2021.10-win32/gcc-arm-none-eabi-10.3-2021.10/bin/../lib/gcc/arm-none-eabi/10.3.1/thumb/v7-m/nofp/crti.o
                0x0800a4e4                _fini
 .fini          0x0800a4e8        0x8 d:/a_userdownload/clion2cubemx_tool/gcc-arm-none-eabi-10.3-2021.10-win32/gcc-arm-none-eabi-10.3-2021.10/bin/../lib/gcc/arm-none-eabi/10.3.1/thumb/v7-m/nofp/crtn.o
                0x0800a4f0                . = ALIGN (0x4)
                0x0800a4f0                _etext = .

.vfp11_veneer   0x0800a4f0        0x0
 .vfp11_veneer  0x0800a4f0        0x0 linker stubs

.v4_bx          0x0800a4f0        0x0
 .v4_bx         0x0800a4f0        0x0 linker stubs

.iplt           0x0800a4f0        0x0
 .iplt          0x0800a4f0        0x0 d:/a_userdownload/clion2cubemx_tool/gcc-arm-none-eabi-10.3-2021.10-win32/gcc-arm-none-eabi-10.3-2021.10/bin/../lib/gcc/arm-none-eabi/10.3.1/thumb/v7-m/nofp/crtbegin.o

.rodata         0x0800a4f0      0x518
                0x0800a4f0                . = ALIGN (0x4)
 *(.rodata)
 .rodata        0x0800a4f0       0x70 CMakeFiles/Free_Rtos_1.elf.dir/Core/Src/freertos.c.obj
 *(.rodata*)
 .rodata.str1.4
                0x0800a560       0x2f CMakeFiles/Free_Rtos_1.elf.dir/Core/Src/freertos.c.obj
 *fill*         0x0800a58f        0x1 
 .rodata.StartTaskLED1.str1.4
                0x0800a590        0xb CMakeFiles/Free_Rtos_1.elf.dir/Core/Src/freertos.c.obj
 *fill*         0x0800a59b        0x1 
 .rodata.StartTaskLED2.str1.4
                0x0800a59c        0xd CMakeFiles/Free_Rtos_1.elf.dir/Core/Src/freertos.c.obj
 *fill*         0x0800a5a9        0x3 
 .rodata.StartTaskLED3.str1.4
                0x0800a5ac       0x1f CMakeFiles/Free_Rtos_1.elf.dir/Core/Src/freertos.c.obj
 *fill*         0x0800a5cb        0x1 
 .rodata.os_mutex_def_Mutex_Test
                0x0800a5cc        0x8 CMakeFiles/Free_Rtos_1.elf.dir/Core/Src/freertos.c.obj
                0x0800a5cc                os_mutex_def_Mutex_Test
 .rodata.AHBPrescTable
                0x0800a5d4       0x10 CMakeFiles/Free_Rtos_1.elf.dir/Core/Src/system_stm32f1xx.c.obj
                0x0800a5d4                AHBPrescTable
 .rodata.APBPrescTable
                0x0800a5e4        0x8 CMakeFiles/Free_Rtos_1.elf.dir/Core/Src/system_stm32f1xx.c.obj
                0x0800a5e4                APBPrescTable
 .rodata.aPLLMULFactorTable.1
                0x0800a5ec       0x10 CMakeFiles/Free_Rtos_1.elf.dir/Drivers/STM32F1xx_HAL_Driver/Src/stm32f1xx_hal_rcc.c.obj
 .rodata.aPredivFactorTable.0
                0x0800a5fc        0x2 CMakeFiles/Free_Rtos_1.elf.dir/Drivers/STM32F1xx_HAL_Driver/Src/stm32f1xx_hal_rcc.c.obj
 *fill*         0x0800a5fe        0x2 
 .rodata.vTaskStartScheduler.str1.4
                0x0800a600        0x5 CMakeFiles/Free_Rtos_1.elf.dir/Middlewares/Third_Party/FreeRTOS/Source/tasks.c.obj
 *fill*         0x0800a605        0x3 
 .rodata._global_impure_ptr
                0x0800a608        0x4 d:/a_userdownload/clion2cubemx_tool/gcc-arm-none-eabi-10.3-2021.10-win32/gcc-arm-none-eabi-10.3-2021.10/bin/../lib/gcc/arm-none-eabi/10.3.1/../../../../arm-none-eabi/lib/thumb/v7-m/nofp\libg.a(lib_a-impure.o)
                0x0800a608                _global_impure_ptr
 .rodata._puts_r.str1.4
                0x0800a60c        0x2 d:/a_userdownload/clion2cubemx_tool/gcc-arm-none-eabi-10.3-2021.10-win32/gcc-arm-none-eabi-10.3-2021.10/bin/../lib/gcc/arm-none-eabi/10.3.1/../../../../arm-none-eabi/lib/thumb/v7-m/nofp\libg.a(lib_a-puts.o)
 *fill*         0x0800a60e        0x2 
 .rodata._vfprintf_r.str1.4
                0x0800a610       0x42 d:/a_userdownload/clion2cubemx_tool/gcc-arm-none-eabi-10.3-2021.10-win32/gcc-arm-none-eabi-10.3-2021.10/bin/../lib/gcc/arm-none-eabi/10.3.1/../../../../arm-none-eabi/lib/thumb/v7-m/nofp\libg.a(lib_a-vfprintf.o)
 *fill*         0x0800a652        0x2 
 .rodata.blanks.1
                0x0800a654       0x10 d:/a_userdownload/clion2cubemx_tool/gcc-arm-none-eabi-10.3-2021.10-win32/gcc-arm-none-eabi-10.3-2021.10/bin/../lib/gcc/arm-none-eabi/10.3.1/../../../../arm-none-eabi/lib/thumb/v7-m/nofp\libg.a(lib_a-vfprintf.o)
 .rodata.zeroes.0
                0x0800a664       0x10 d:/a_userdownload/clion2cubemx_tool/gcc-arm-none-eabi-10.3-2021.10-win32/gcc-arm-none-eabi-10.3-2021.10/bin/../lib/gcc/arm-none-eabi/10.3.1/../../../../arm-none-eabi/lib/thumb/v7-m/nofp\libg.a(lib_a-vfprintf.o)
 .rodata._dtoa_r.str1.4
                0x0800a674       0xa2 d:/a_userdownload/clion2cubemx_tool/gcc-arm-none-eabi-10.3-2021.10-win32/gcc-arm-none-eabi-10.3-2021.10/bin/../lib/gcc/arm-none-eabi/10.3.1/../../../../arm-none-eabi/lib/thumb/v7-m/nofp\libg.a(lib_a-dtoa.o)
                                 0xa6 (size before relaxing)
 *fill*         0x0800a716        0x2 
 .rodata.__multadd.str1.4
                0x0800a718       0x7f d:/a_userdownload/clion2cubemx_tool/gcc-arm-none-eabi-10.3-2021.10-win32/gcc-arm-none-eabi-10.3-2021.10/bin/../lib/gcc/arm-none-eabi/10.3.1/../../../../arm-none-eabi/lib/thumb/v7-m/nofp\libg.a(lib_a-mprec.o)
                                 0x93 (size before relaxing)
 *fill*         0x0800a797        0x1 
 .rodata.__mprec_bigtens
                0x0800a798       0x28 d:/a_userdownload/clion2cubemx_tool/gcc-arm-none-eabi-10.3-2021.10-win32/gcc-arm-none-eabi-10.3-2021.10/bin/../lib/gcc/arm-none-eabi/10.3.1/../../../../arm-none-eabi/lib/thumb/v7-m/nofp\libg.a(lib_a-mprec.o)
                0x0800a798                __mprec_bigtens
 .rodata.__mprec_tens
                0x0800a7c0       0xc8 d:/a_userdownload/clion2cubemx_tool/gcc-arm-none-eabi-10.3-2021.10-win32/gcc-arm-none-eabi-10.3-2021.10/bin/../lib/gcc/arm-none-eabi/10.3.1/../../../../arm-none-eabi/lib/thumb/v7-m/nofp\libg.a(lib_a-mprec.o)
                0x0800a7c0                __mprec_tens
 .rodata.p05.0  0x0800a888        0xc d:/a_userdownload/clion2cubemx_tool/gcc-arm-none-eabi-10.3-2021.10-win32/gcc-arm-none-eabi-10.3-2021.10/bin/../lib/gcc/arm-none-eabi/10.3.1/../../../../arm-none-eabi/lib/thumb/v7-m/nofp\libg.a(lib_a-mprec.o)
 .rodata._vfiprintf_r.str1.4
                0x0800a894       0x2f d:/a_userdownload/clion2cubemx_tool/gcc-arm-none-eabi-10.3-2021.10-win32/gcc-arm-none-eabi-10.3-2021.10/bin/../lib/gcc/arm-none-eabi/10.3.1/../../../../arm-none-eabi/lib/thumb/v7-m/nofp\libg.a(lib_a-vfiprintf.o)
 .rodata.blanks.1
                0x0800a894       0x10 d:/a_userdownload/clion2cubemx_tool/gcc-arm-none-eabi-10.3-2021.10-win32/gcc-arm-none-eabi-10.3-2021.10/bin/../lib/gcc/arm-none-eabi/10.3.1/../../../../arm-none-eabi/lib/thumb/v7-m/nofp\libg.a(lib_a-vfiprintf.o)
 .rodata.zeroes.0
                0x0800a8a4       0x10 d:/a_userdownload/clion2cubemx_tool/gcc-arm-none-eabi-10.3-2021.10-win32/gcc-arm-none-eabi-10.3-2021.10/bin/../lib/gcc/arm-none-eabi/10.3.1/../../../../arm-none-eabi/lib/thumb/v7-m/nofp\libg.a(lib_a-vfiprintf.o)
 .rodata.__assert_func.str1.4
                0x0800a8b4       0x3f d:/a_userdownload/clion2cubemx_tool/gcc-arm-none-eabi-10.3-2021.10-win32/gcc-arm-none-eabi-10.3-2021.10/bin/../lib/gcc/arm-none-eabi/10.3.1/../../../../arm-none-eabi/lib/thumb/v7-m/nofp\libg.a(lib_a-assert.o)
                                 0x43 (size before relaxing)
 *fill*         0x0800a8f3        0x1 
 .rodata._setlocale_r.str1.4
                0x0800a8f4        0xa d:/a_userdownload/clion2cubemx_tool/gcc-arm-none-eabi-10.3-2021.10-win32/gcc-arm-none-eabi-10.3-2021.10/bin/../lib/gcc/arm-none-eabi/10.3.1/../../../../arm-none-eabi/lib/thumb/v7-m/nofp\libg.a(lib_a-locale.o)
                                  0xd (size before relaxing)
 *fill*         0x0800a8fe        0x2 
 .rodata.str1.4
                0x0800a900        0x2 d:/a_userdownload/clion2cubemx_tool/gcc-arm-none-eabi-10.3-2021.10-win32/gcc-arm-none-eabi-10.3-2021.10/bin/../lib/gcc/arm-none-eabi/10.3.1/../../../../arm-none-eabi/lib/thumb/v7-m/nofp\libg.a(lib_a-locale.o)
 *fill*         0x0800a902        0x2 
 .rodata._ctype_
                0x0800a904      0x101 d:/a_userdownload/clion2cubemx_tool/gcc-arm-none-eabi-10.3-2021.10-win32/gcc-arm-none-eabi-10.3-2021.10/bin/../lib/gcc/arm-none-eabi/10.3.1/../../../../arm-none-eabi/lib/thumb/v7-m/nofp\libg.a(lib_a-ctype_.o)
                0x0800a904                _ctype_
                0x0800aa08                . = ALIGN (0x4)
 *fill*         0x0800aa05        0x3 

.ARM.extab
 *(.ARM.extab* .gnu.linkonce.armextab.*)

.ARM            0x0800aa08        0x8
                0x0800aa08                __exidx_start = .
 *(.ARM.exidx*)
 .ARM.exidx     0x0800aa08        0x8 d:/a_userdownload/clion2cubemx_tool/gcc-arm-none-eabi-10.3-2021.10-win32/gcc-arm-none-eabi-10.3-2021.10/bin/../lib/gcc/arm-none-eabi/10.3.1/thumb/v7-m/nofp\libgcc.a(_udivmoddi4.o)
                0x0800aa10                __exidx_end = .

.rel.dyn        0x0800aa10        0x0
 .rel.iplt      0x0800aa10        0x0 d:/a_userdownload/clion2cubemx_tool/gcc-arm-none-eabi-10.3-2021.10-win32/gcc-arm-none-eabi-10.3-2021.10/bin/../lib/gcc/arm-none-eabi/10.3.1/thumb/v7-m/nofp/crtbegin.o

.preinit_array  0x0800aa10        0x0
                0x0800aa10                PROVIDE (__preinit_array_start = .)
 *(.preinit_array*)
                0x0800aa10                PROVIDE (__preinit_array_end = .)

.init_array     0x0800aa10        0x8
                0x0800aa10                PROVIDE (__init_array_start = .)
 *(SORT_BY_NAME(.init_array.*))
 .init_array.00000
                0x0800aa10        0x4 d:/a_userdownload/clion2cubemx_tool/gcc-arm-none-eabi-10.3-2021.10-win32/gcc-arm-none-eabi-10.3-2021.10/bin/../lib/gcc/arm-none-eabi/10.3.1/../../../../arm-none-eabi/lib/thumb/v7-m/nofp\libg.a(lib_a-__call_atexit.o)
 *(.init_array*)
 .init_array    0x0800aa14        0x4 d:/a_userdownload/clion2cubemx_tool/gcc-arm-none-eabi-10.3-2021.10-win32/gcc-arm-none-eabi-10.3-2021.10/bin/../lib/gcc/arm-none-eabi/10.3.1/thumb/v7-m/nofp/crtbegin.o
                0x0800aa18                PROVIDE (__init_array_end = .)

.fini_array     0x0800aa18        0x4
                0x0800aa18                PROVIDE (__fini_array_start = .)
 *(SORT_BY_NAME(.fini_array.*))
 *(.fini_array*)
 .fini_array    0x0800aa18        0x4 d:/a_userdownload/clion2cubemx_tool/gcc-arm-none-eabi-10.3-2021.10-win32/gcc-arm-none-eabi-10.3-2021.10/bin/../lib/gcc/arm-none-eabi/10.3.1/thumb/v7-m/nofp/crtbegin.o
                0x0800aa1c                PROVIDE (__fini_array_end = .)
                0x0800aa1c                _sidata = LOADADDR (.data)

.data           0x20000000      0x9c0 load address 0x0800aa1c
                0x20000000                . = ALIGN (0x4)
                0x20000000                _sdata = .
 *(.data)
 *(.data*)
 .data.SystemCoreClock
                0x20000000        0x4 CMakeFiles/Free_Rtos_1.elf.dir/Core/Src/system_stm32f1xx.c.obj
                0x20000000                SystemCoreClock
 .data.uwTickFreq
                0x20000004        0x1 CMakeFiles/Free_Rtos_1.elf.dir/Drivers/STM32F1xx_HAL_Driver/Src/stm32f1xx_hal.c.obj
                0x20000004                uwTickFreq
 *fill*         0x20000005        0x3 
 .data.uwTickPrio
                0x20000008        0x4 CMakeFiles/Free_Rtos_1.elf.dir/Drivers/STM32F1xx_HAL_Driver/Src/stm32f1xx_hal.c.obj
                0x20000008                uwTickPrio
 .data.uxCriticalNesting
                0x2000000c        0x4 CMakeFiles/Free_Rtos_1.elf.dir/Middlewares/Third_Party/FreeRTOS/Source/portable/GCC/ARM_CM3/port.c.obj
 .data._impure_ptr
                0x20000010        0x4 d:/a_userdownload/clion2cubemx_tool/gcc-arm-none-eabi-10.3-2021.10-win32/gcc-arm-none-eabi-10.3-2021.10/bin/../lib/gcc/arm-none-eabi/10.3.1/../../../../arm-none-eabi/lib/thumb/v7-m/nofp\libg.a(lib_a-impure.o)
                0x20000010                _impure_ptr
 *fill*         0x20000014        0x4 
 .data.impure_data
                0x20000018      0x428 d:/a_userdownload/clion2cubemx_tool/gcc-arm-none-eabi-10.3-2021.10-win32/gcc-arm-none-eabi-10.3-2021.10/bin/../lib/gcc/arm-none-eabi/10.3.1/../../../../arm-none-eabi/lib/thumb/v7-m/nofp\libg.a(lib_a-impure.o)
 .data.__atexit_recursive_mutex
                0x20000440        0x4 d:/a_userdownload/clion2cubemx_tool/gcc-arm-none-eabi-10.3-2021.10-win32/gcc-arm-none-eabi-10.3-2021.10/bin/../lib/gcc/arm-none-eabi/10.3.1/../../../../arm-none-eabi/lib/thumb/v7-m/nofp\libg.a(lib_a-__call_atexit.o)
                0x20000440                __atexit_recursive_mutex
 .data.__malloc_av_
                0x20000444      0x408 d:/a_userdownload/clion2cubemx_tool/gcc-arm-none-eabi-10.3-2021.10-win32/gcc-arm-none-eabi-10.3-2021.10/bin/../lib/gcc/arm-none-eabi/10.3.1/../../../../arm-none-eabi/lib/thumb/v7-m/nofp\libg.a(lib_a-mallocr.o)
                0x20000444                __malloc_av_
 .data.__malloc_sbrk_base
                0x2000084c        0x4 d:/a_userdownload/clion2cubemx_tool/gcc-arm-none-eabi-10.3-2021.10-win32/gcc-arm-none-eabi-10.3-2021.10/bin/../lib/gcc/arm-none-eabi/10.3.1/../../../../arm-none-eabi/lib/thumb/v7-m/nofp\libg.a(lib_a-mallocr.o)
                0x2000084c                __malloc_sbrk_base
 .data.__malloc_trim_threshold
                0x20000850        0x4 d:/a_userdownload/clion2cubemx_tool/gcc-arm-none-eabi-10.3-2021.10-win32/gcc-arm-none-eabi-10.3-2021.10/bin/../lib/gcc/arm-none-eabi/10.3.1/../../../../arm-none-eabi/lib/thumb/v7-m/nofp\libg.a(lib_a-mallocr.o)
                0x20000850                __malloc_trim_threshold
 .data.__global_locale
                0x20000854      0x16c d:/a_userdownload/clion2cubemx_tool/gcc-arm-none-eabi-10.3-2021.10-win32/gcc-arm-none-eabi-10.3-2021.10/bin/../lib/gcc/arm-none-eabi/10.3.1/../../../../arm-none-eabi/lib/thumb/v7-m/nofp\libg.a(lib_a-locale.o)
                0x20000854                __global_locale
                0x200009c0                . = ALIGN (0x4)
                0x200009c0                _edata = .

.igot.plt       0x200009c0        0x0 load address 0x0800b3dc
 .igot.plt      0x200009c0        0x0 d:/a_userdownload/clion2cubemx_tool/gcc-arm-none-eabi-10.3-2021.10-win32/gcc-arm-none-eabi-10.3-2021.10/bin/../lib/gcc/arm-none-eabi/10.3.1/thumb/v7-m/nofp/crtbegin.o
                0x200009c0                . = ALIGN (0x4)

.bss            0x200009c0     0x3504 load address 0x0800b3dc
                0x200009c0                _sbss = .
                0x200009c0                __bss_start__ = _sbss
 *(.bss)
 .bss           0x200009c0       0x1c d:/a_userdownload/clion2cubemx_tool/gcc-arm-none-eabi-10.3-2021.10-win32/gcc-arm-none-eabi-10.3-2021.10/bin/../lib/gcc/arm-none-eabi/10.3.1/thumb/v7-m/nofp/crtbegin.o
 *(.bss*)
 .bss.Mutex_Test
                0x200009dc        0x4 CMakeFiles/Free_Rtos_1.elf.dir/Core/Src/freertos.c.obj
                0x200009dc                Mutex_Test
 .bss.Queue_Test
                0x200009e0        0x4 CMakeFiles/Free_Rtos_1.elf.dir/Core/Src/freertos.c.obj
                0x200009e0                Queue_Test
 .bss.SubBoxPills
                0x200009e4        0x4 CMakeFiles/Free_Rtos_1.elf.dir/Core/Src/freertos.c.obj
                0x200009e4                SubBoxPills
 .bss.defaultTaskHandle
                0x200009e8        0x4 CMakeFiles/Free_Rtos_1.elf.dir/Core/Src/freertos.c.obj
                0x200009e8                defaultTaskHandle
 .bss.myPill.0  0x200009ec        0x4 CMakeFiles/Free_Rtos_1.elf.dir/Core/Src/freertos.c.obj
 .bss.myTaskLED1Handle
                0x200009f0        0x4 CMakeFiles/Free_Rtos_1.elf.dir/Core/Src/freertos.c.obj
                0x200009f0                myTaskLED1Handle
 .bss.myTaskLED2Handle
                0x200009f4        0x4 CMakeFiles/Free_Rtos_1.elf.dir/Core/Src/freertos.c.obj
                0x200009f4                myTaskLED2Handle
 .bss.myTaskLED3Handle
                0x200009f8        0x4 CMakeFiles/Free_Rtos_1.elf.dir/Core/Src/freertos.c.obj
                0x200009f8                myTaskLED3Handle
 .bss.xIdleStack
                0x200009fc      0x200 CMakeFiles/Free_Rtos_1.elf.dir/Core/Src/freertos.c.obj
 .bss.xIdleTaskTCBBuffer
                0x20000bfc       0x54 CMakeFiles/Free_Rtos_1.elf.dir/Core/Src/freertos.c.obj
 .bss.htim1     0x20000c50       0x48 CMakeFiles/Free_Rtos_1.elf.dir/Core/Src/stm32f1xx_hal_timebase_tim.c.obj
                0x20000c50                htim1
 .bss.heap_end.0
                0x20000c98        0x4 CMakeFiles/Free_Rtos_1.elf.dir/Core/Src/syscalls.c.obj
 .bss.hdma_usart1_rx
                0x20000c9c       0x44 CMakeFiles/Free_Rtos_1.elf.dir/Core/Src/usart.c.obj
                0x20000c9c                hdma_usart1_rx
 .bss.huart1    0x20000ce0       0x48 CMakeFiles/Free_Rtos_1.elf.dir/Core/Src/usart.c.obj
                0x20000ce0                huart1
 .bss.uwTick    0x20000d28        0x4 CMakeFiles/Free_Rtos_1.elf.dir/Drivers/STM32F1xx_HAL_Driver/Src/stm32f1xx_hal.c.obj
                0x20000d28                uwTick
 .bss.ucMaxSysCallPriority
                0x20000d2c        0x1 CMakeFiles/Free_Rtos_1.elf.dir/Middlewares/Third_Party/FreeRTOS/Source/portable/GCC/ARM_CM3/port.c.obj
 *fill*         0x20000d2d        0x3 
 .bss.ulMaxPRIGROUPValue
                0x20000d30        0x4 CMakeFiles/Free_Rtos_1.elf.dir/Middlewares/Third_Party/FreeRTOS/Source/portable/GCC/ARM_CM3/port.c.obj
 .bss.pxEnd     0x20000d34        0x4 CMakeFiles/Free_Rtos_1.elf.dir/Middlewares/Third_Party/FreeRTOS/Source/portable/MemMang/heap_4.c.obj
 .bss.ucHeap    0x20000d38     0x3000 CMakeFiles/Free_Rtos_1.elf.dir/Middlewares/Third_Party/FreeRTOS/Source/portable/MemMang/heap_4.c.obj
 .bss.xBlockAllocatedBit
                0x20003d38        0x4 CMakeFiles/Free_Rtos_1.elf.dir/Middlewares/Third_Party/FreeRTOS/Source/portable/MemMang/heap_4.c.obj
 .bss.xFreeBytesRemaining
                0x20003d3c        0x4 CMakeFiles/Free_Rtos_1.elf.dir/Middlewares/Third_Party/FreeRTOS/Source/portable/MemMang/heap_4.c.obj
 .bss.xMinimumEverFreeBytesRemaining
                0x20003d40        0x4 CMakeFiles/Free_Rtos_1.elf.dir/Middlewares/Third_Party/FreeRTOS/Source/portable/MemMang/heap_4.c.obj
 .bss.xStart    0x20003d44        0x8 CMakeFiles/Free_Rtos_1.elf.dir/Middlewares/Third_Party/FreeRTOS/Source/portable/MemMang/heap_4.c.obj
 .bss.pxCurrentTCB
                0x20003d4c        0x4 CMakeFiles/Free_Rtos_1.elf.dir/Middlewares/Third_Party/FreeRTOS/Source/tasks.c.obj
                0x20003d4c                pxCurrentTCB
 .bss.pxDelayedTaskList
                0x20003d50        0x4 CMakeFiles/Free_Rtos_1.elf.dir/Middlewares/Third_Party/FreeRTOS/Source/tasks.c.obj
 .bss.pxOverflowDelayedTaskList
                0x20003d54        0x4 CMakeFiles/Free_Rtos_1.elf.dir/Middlewares/Third_Party/FreeRTOS/Source/tasks.c.obj
 .bss.pxReadyTasksLists
                0x20003d58       0x8c CMakeFiles/Free_Rtos_1.elf.dir/Middlewares/Third_Party/FreeRTOS/Source/tasks.c.obj
 .bss.uxCurrentNumberOfTasks
                0x20003de4        0x4 CMakeFiles/Free_Rtos_1.elf.dir/Middlewares/Third_Party/FreeRTOS/Source/tasks.c.obj
 .bss.uxDeletedTasksWaitingCleanUp
                0x20003de8        0x4 CMakeFiles/Free_Rtos_1.elf.dir/Middlewares/Third_Party/FreeRTOS/Source/tasks.c.obj
 .bss.uxPendedTicks
                0x20003dec        0x4 CMakeFiles/Free_Rtos_1.elf.dir/Middlewares/Third_Party/FreeRTOS/Source/tasks.c.obj
 .bss.uxSchedulerSuspended
                0x20003df0        0x4 CMakeFiles/Free_Rtos_1.elf.dir/Middlewares/Third_Party/FreeRTOS/Source/tasks.c.obj
 .bss.uxTaskNumber
                0x20003df4        0x4 CMakeFiles/Free_Rtos_1.elf.dir/Middlewares/Third_Party/FreeRTOS/Source/tasks.c.obj
 .bss.uxTopReadyPriority
                0x20003df8        0x4 CMakeFiles/Free_Rtos_1.elf.dir/Middlewares/Third_Party/FreeRTOS/Source/tasks.c.obj
 .bss.xDelayedTaskList1
                0x20003dfc       0x14 CMakeFiles/Free_Rtos_1.elf.dir/Middlewares/Third_Party/FreeRTOS/Source/tasks.c.obj
 .bss.xDelayedTaskList2
                0x20003e10       0x14 CMakeFiles/Free_Rtos_1.elf.dir/Middlewares/Third_Party/FreeRTOS/Source/tasks.c.obj
 .bss.xIdleTaskHandle
                0x20003e24        0x4 CMakeFiles/Free_Rtos_1.elf.dir/Middlewares/Third_Party/FreeRTOS/Source/tasks.c.obj
 .bss.xNextTaskUnblockTime
                0x20003e28        0x4 CMakeFiles/Free_Rtos_1.elf.dir/Middlewares/Third_Party/FreeRTOS/Source/tasks.c.obj
 .bss.xNumOfOverflows
                0x20003e2c        0x4 CMakeFiles/Free_Rtos_1.elf.dir/Middlewares/Third_Party/FreeRTOS/Source/tasks.c.obj
 .bss.xPendingReadyList
                0x20003e30       0x14 CMakeFiles/Free_Rtos_1.elf.dir/Middlewares/Third_Party/FreeRTOS/Source/tasks.c.obj
 .bss.xSchedulerRunning
                0x20003e44        0x4 CMakeFiles/Free_Rtos_1.elf.dir/Middlewares/Third_Party/FreeRTOS/Source/tasks.c.obj
 .bss.xSuspendedTaskList
                0x20003e48       0x14 CMakeFiles/Free_Rtos_1.elf.dir/Middlewares/Third_Party/FreeRTOS/Source/tasks.c.obj
 .bss.xTasksWaitingTermination
                0x20003e5c       0x14 CMakeFiles/Free_Rtos_1.elf.dir/Middlewares/Third_Party/FreeRTOS/Source/tasks.c.obj
 .bss.xTickCount
                0x20003e70        0x4 CMakeFiles/Free_Rtos_1.elf.dir/Middlewares/Third_Party/FreeRTOS/Source/tasks.c.obj
 .bss.xYieldPending
                0x20003e74        0x4 CMakeFiles/Free_Rtos_1.elf.dir/Middlewares/Third_Party/FreeRTOS/Source/tasks.c.obj
 .bss.gHuart    0x20003e78        0x4 CMakeFiles/Free_Rtos_1.elf.dir/UserApp/retarget.c.obj
                0x20003e78                gHuart
 .bss.__lock___atexit_recursive_mutex
                0x20003e7c        0x1 d:/a_userdownload/clion2cubemx_tool/gcc-arm-none-eabi-10.3-2021.10-win32/gcc-arm-none-eabi-10.3-2021.10/bin/../lib/gcc/arm-none-eabi/10.3.1/../../../../arm-none-eabi/lib/thumb/v7-m/nofp\libg.a(lib_a-lock.o)
                0x20003e7c                __lock___atexit_recursive_mutex
 *fill*         0x20003e7d        0x3 
 .bss.__lock___malloc_recursive_mutex
                0x20003e80        0x1 d:/a_userdownload/clion2cubemx_tool/gcc-arm-none-eabi-10.3-2021.10-win32/gcc-arm-none-eabi-10.3-2021.10/bin/../lib/gcc/arm-none-eabi/10.3.1/../../../../arm-none-eabi/lib/thumb/v7-m/nofp\libg.a(lib_a-lock.o)
                0x20003e80                __lock___malloc_recursive_mutex
 *fill*         0x20003e81        0x3 
 .bss.__lock___sfp_recursive_mutex
                0x20003e84        0x1 d:/a_userdownload/clion2cubemx_tool/gcc-arm-none-eabi-10.3-2021.10-win32/gcc-arm-none-eabi-10.3-2021.10/bin/../lib/gcc/arm-none-eabi/10.3.1/../../../../arm-none-eabi/lib/thumb/v7-m/nofp\libg.a(lib_a-lock.o)
                0x20003e84                __lock___sfp_recursive_mutex
 *fill*         0x20003e85        0x3 
 .bss.__lock___sinit_recursive_mutex
                0x20003e88        0x1 d:/a_userdownload/clion2cubemx_tool/gcc-arm-none-eabi-10.3-2021.10-win32/gcc-arm-none-eabi-10.3-2021.10/bin/../lib/gcc/arm-none-eabi/10.3.1/../../../../arm-none-eabi/lib/thumb/v7-m/nofp\libg.a(lib_a-lock.o)
                0x20003e88                __lock___sinit_recursive_mutex
 *fill*         0x20003e89        0x3 
 .bss.__malloc_current_mallinfo
                0x20003e8c       0x28 d:/a_userdownload/clion2cubemx_tool/gcc-arm-none-eabi-10.3-2021.10-win32/gcc-arm-none-eabi-10.3-2021.10/bin/../lib/gcc/arm-none-eabi/10.3.1/../../../../arm-none-eabi/lib/thumb/v7-m/nofp\libg.a(lib_a-mallocr.o)
                0x20003e8c                __malloc_current_mallinfo
 .bss.__malloc_max_sbrked_mem
                0x20003eb4        0x4 d:/a_userdownload/clion2cubemx_tool/gcc-arm-none-eabi-10.3-2021.10-win32/gcc-arm-none-eabi-10.3-2021.10/bin/../lib/gcc/arm-none-eabi/10.3.1/../../../../arm-none-eabi/lib/thumb/v7-m/nofp\libg.a(lib_a-mallocr.o)
                0x20003eb4                __malloc_max_sbrked_mem
 .bss.__malloc_max_total_mem
                0x20003eb8        0x4 d:/a_userdownload/clion2cubemx_tool/gcc-arm-none-eabi-10.3-2021.10-win32/gcc-arm-none-eabi-10.3-2021.10/bin/../lib/gcc/arm-none-eabi/10.3.1/../../../../arm-none-eabi/lib/thumb/v7-m/nofp\libg.a(lib_a-mallocr.o)
                0x20003eb8                __malloc_max_total_mem
 .bss.__malloc_top_pad
                0x20003ebc        0x4 d:/a_userdownload/clion2cubemx_tool/gcc-arm-none-eabi-10.3-2021.10-win32/gcc-arm-none-eabi-10.3-2021.10/bin/../lib/gcc/arm-none-eabi/10.3.1/../../../../arm-none-eabi/lib/thumb/v7-m/nofp\libg.a(lib_a-mallocr.o)
                0x20003ebc                __malloc_top_pad
 .bss.errno     0x20003ec0        0x4 d:/a_userdownload/clion2cubemx_tool/gcc-arm-none-eabi-10.3-2021.10-win32/gcc-arm-none-eabi-10.3-2021.10/bin/../lib/gcc/arm-none-eabi/10.3.1/../../../../arm-none-eabi/lib/thumb/v7-m/nofp\libg.a(lib_a-reent.o)
                0x20003ec0                errno
 *(COMMON)
                0x20003ec4                . = ALIGN (0x4)
                0x20003ec4                _ebss = .
                0x20003ec4                __bss_end__ = _ebss

._user_heap_stack
                0x20003ec4      0x604 load address 0x0800b3dc
                0x20003ec8                . = ALIGN (0x8)
 *fill*         0x20003ec4        0x4 
                0x20003ec8                PROVIDE (end = .)
                [!provide]                PROVIDE (_end = .)
                0x200040c8                . = (. + _Min_Heap_Size)
 *fill*         0x20003ec8      0x200 
                0x200044c8                . = (. + _Min_Stack_Size)
 *fill*         0x200040c8      0x400 
                0x200044c8                . = ALIGN (0x8)

/DISCARD/
 libc.a(*)
 libm.a(*)
 libgcc.a(*)

.ARM.attributes
                0x00000000       0x29
 *(.ARM.attributes)
 .ARM.attributes
                0x00000000       0x1d d:/a_userdownload/clion2cubemx_tool/gcc-arm-none-eabi-10.3-2021.10-win32/gcc-arm-none-eabi-10.3-2021.10/bin/../lib/gcc/arm-none-eabi/10.3.1/thumb/v7-m/nofp/crti.o
 .ARM.attributes
                0x0000001d       0x2d d:/a_userdownload/clion2cubemx_tool/gcc-arm-none-eabi-10.3-2021.10-win32/gcc-arm-none-eabi-10.3-2021.10/bin/../lib/gcc/arm-none-eabi/10.3.1/thumb/v7-m/nofp/crtbegin.o
 .ARM.attributes
                0x0000004a       0x2d CMakeFiles/Free_Rtos_1.elf.dir/Core/Src/dma.c.obj
 .ARM.attributes
                0x00000077       0x2d CMakeFiles/Free_Rtos_1.elf.dir/Core/Src/freertos.c.obj
 .ARM.attributes
                0x000000a4       0x2d CMakeFiles/Free_Rtos_1.elf.dir/Core/Src/gpio.c.obj
 .ARM.attributes
                0x000000d1       0x2d CMakeFiles/Free_Rtos_1.elf.dir/Core/Src/main.c.obj
 .ARM.attributes
                0x000000fe       0x2d CMakeFiles/Free_Rtos_1.elf.dir/Core/Src/stm32f1xx_hal_msp.c.obj
 .ARM.attributes
                0x0000012b       0x2d CMakeFiles/Free_Rtos_1.elf.dir/Core/Src/stm32f1xx_hal_timebase_tim.c.obj
 .ARM.attributes
                0x00000158       0x2d CMakeFiles/Free_Rtos_1.elf.dir/Core/Src/stm32f1xx_it.c.obj
 .ARM.attributes
                0x00000185       0x2d CMakeFiles/Free_Rtos_1.elf.dir/Core/Src/syscalls.c.obj
 .ARM.attributes